<!doctype html public "-//w3c//dtd html 4.0 transitional//en">
<html><head>
<title>Static Call Graph - [.\Objects\i2c.axf]</title></head>
<body><HR>
<H1>Static Call Graph for image .\Objects\i2c.axf</H1><HR>
<BR><P>#&#060CALLGRAPH&#062# ARM Linker, 5060750: Last Updated: Mon May 25 18:44:05 2020
<BR><P>
<H3>Maximum Stack Usage =        360 bytes + Unknown(Functions without stacksize, Cycles, Untraceable Function Pointers)</H3><H3>
Call chain for Maximum Stack Depth:</H3>
p1 &rArr; process_data &rArr; sin &rArr; __ieee754_rem_pio2 &rArr; __aeabi_dmul
<P>
<H3>
Functions with no stack information
</H3><UL>
 <LI><a href="#[79]">__user_initial_stackheap</a>
 <LI><a href="#[10]">SVC_Handler</a>
 <LI><a href="#[74]">process_terminated</a>
 <LI><a href="#[102]">process_begin</a>
 <LI><a href="#[150]">process_blocked</a>
 <LI><a href="#[44]">PIT0_IRQHandler</a>
 <LI><a href="#[75]">SVC0_begin</a>
 <LI><a href="#[76]">SVC1_terminate</a>
</UL>
</UL>
<P>
<H3>
Mutually Recursive functions
</H3> <LI><a href="#[b]">NMI_Handler</a>&nbsp;&nbsp;&nbsp;&rArr;&nbsp;&nbsp;&nbsp;<a href="#[b]">NMI_Handler</a><BR>
 <LI><a href="#[c]">HardFault_Handler</a>&nbsp;&nbsp;&nbsp;&rArr;&nbsp;&nbsp;&nbsp;<a href="#[c]">HardFault_Handler</a><BR>
 <LI><a href="#[d]">MemManage_Handler</a>&nbsp;&nbsp;&nbsp;&rArr;&nbsp;&nbsp;&nbsp;<a href="#[d]">MemManage_Handler</a><BR>
 <LI><a href="#[e]">BusFault_Handler</a>&nbsp;&nbsp;&nbsp;&rArr;&nbsp;&nbsp;&nbsp;<a href="#[e]">BusFault_Handler</a><BR>
 <LI><a href="#[f]">UsageFault_Handler</a>&nbsp;&nbsp;&nbsp;&rArr;&nbsp;&nbsp;&nbsp;<a href="#[f]">UsageFault_Handler</a><BR>
 <LI><a href="#[11]">DebugMon_Handler</a>&nbsp;&nbsp;&nbsp;&rArr;&nbsp;&nbsp;&nbsp;<a href="#[11]">DebugMon_Handler</a><BR>
 <LI><a href="#[12]">PendSV_Handler</a>&nbsp;&nbsp;&nbsp;&rArr;&nbsp;&nbsp;&nbsp;<a href="#[12]">PendSV_Handler</a><BR>
 <LI><a href="#[13]">SysTick_Handler</a>&nbsp;&nbsp;&nbsp;&rArr;&nbsp;&nbsp;&nbsp;<a href="#[13]">SysTick_Handler</a><BR>
 <LI><a href="#[3b]">ADC0_IRQHandler</a>&nbsp;&nbsp;&nbsp;&rArr;&nbsp;&nbsp;&nbsp;<a href="#[3b]">ADC0_IRQHandler</a><BR>
</UL>
<P>
<H3>
Function Pointers
</H3><UL>
 <LI><a href="#[3b]">ADC0_IRQHandler</a> from startup_mk64f12.o(.text) referenced from startup_mk64f12.o(RESET)
 <LI><a href="#[5d]">ADC1_IRQHandler</a> from startup_mk64f12.o(.text) referenced from startup_mk64f12.o(RESET)
 <LI><a href="#[e]">BusFault_Handler</a> from startup_mk64f12.o(.text) referenced from startup_mk64f12.o(RESET)
 <LI><a href="#[60]">CAN0_Bus_Off_IRQHandler</a> from startup_mk64f12.o(.text) referenced from startup_mk64f12.o(RESET)
 <LI><a href="#[61]">CAN0_Error_IRQHandler</a> from startup_mk64f12.o(.text) referenced from startup_mk64f12.o(RESET)
 <LI><a href="#[5f]">CAN0_ORed_Message_buffer_IRQHandler</a> from startup_mk64f12.o(.text) referenced from startup_mk64f12.o(RESET)
 <LI><a href="#[63]">CAN0_Rx_Warning_IRQHandler</a> from startup_mk64f12.o(.text) referenced from startup_mk64f12.o(RESET)
 <LI><a href="#[62]">CAN0_Tx_Warning_IRQHandler</a> from startup_mk64f12.o(.text) referenced from startup_mk64f12.o(RESET)
 <LI><a href="#[64]">CAN0_Wake_Up_IRQHandler</a> from startup_mk64f12.o(.text) referenced from startup_mk64f12.o(RESET)
 <LI><a href="#[3c]">CMP0_IRQHandler</a> from startup_mk64f12.o(.text) referenced from startup_mk64f12.o(RESET)
 <LI><a href="#[3d]">CMP1_IRQHandler</a> from startup_mk64f12.o(.text) referenced from startup_mk64f12.o(RESET)
 <LI><a href="#[5a]">CMP2_IRQHandler</a> from startup_mk64f12.o(.text) referenced from startup_mk64f12.o(RESET)
 <LI><a href="#[41]">CMT_IRQHandler</a> from startup_mk64f12.o(.text) referenced from startup_mk64f12.o(RESET)
 <LI><a href="#[4c]">DAC0_IRQHandler</a> from startup_mk64f12.o(.text) referenced from startup_mk64f12.o(RESET)
 <LI><a href="#[5c]">DAC1_IRQHandler</a> from startup_mk64f12.o(.text) referenced from startup_mk64f12.o(RESET)
 <LI><a href="#[14]">DMA0_IRQHandler</a> from startup_mk64f12.o(.text) referenced from startup_mk64f12.o(RESET)
 <LI><a href="#[1e]">DMA10_IRQHandler</a> from startup_mk64f12.o(.text) referenced from startup_mk64f12.o(RESET)
 <LI><a href="#[1f]">DMA11_IRQHandler</a> from startup_mk64f12.o(.text) referenced from startup_mk64f12.o(RESET)
 <LI><a href="#[20]">DMA12_IRQHandler</a> from startup_mk64f12.o(.text) referenced from startup_mk64f12.o(RESET)
 <LI><a href="#[21]">DMA13_IRQHandler</a> from startup_mk64f12.o(.text) referenced from startup_mk64f12.o(RESET)
 <LI><a href="#[22]">DMA14_IRQHandler</a> from startup_mk64f12.o(.text) referenced from startup_mk64f12.o(RESET)
 <LI><a href="#[23]">DMA15_IRQHandler</a> from startup_mk64f12.o(.text) referenced from startup_mk64f12.o(RESET)
 <LI><a href="#[15]">DMA1_IRQHandler</a> from startup_mk64f12.o(.text) referenced from startup_mk64f12.o(RESET)
 <LI><a href="#[16]">DMA2_IRQHandler</a> from startup_mk64f12.o(.text) referenced from startup_mk64f12.o(RESET)
 <LI><a href="#[17]">DMA3_IRQHandler</a> from startup_mk64f12.o(.text) referenced from startup_mk64f12.o(RESET)
 <LI><a href="#[18]">DMA4_IRQHandler</a> from startup_mk64f12.o(.text) referenced from startup_mk64f12.o(RESET)
 <LI><a href="#[19]">DMA5_IRQHandler</a> from startup_mk64f12.o(.text) referenced from startup_mk64f12.o(RESET)
 <LI><a href="#[1a]">DMA6_IRQHandler</a> from startup_mk64f12.o(.text) referenced from startup_mk64f12.o(RESET)
 <LI><a href="#[1b]">DMA7_IRQHandler</a> from startup_mk64f12.o(.text) referenced from startup_mk64f12.o(RESET)
 <LI><a href="#[1c]">DMA8_IRQHandler</a> from startup_mk64f12.o(.text) referenced from startup_mk64f12.o(RESET)
 <LI><a href="#[1d]">DMA9_IRQHandler</a> from startup_mk64f12.o(.text) referenced from startup_mk64f12.o(RESET)
 <LI><a href="#[24]">DMA_Error_IRQHandler</a> from startup_mk64f12.o(.text) referenced from startup_mk64f12.o(RESET)
 <LI><a href="#[11]">DebugMon_Handler</a> from startup_mk64f12.o(.text) referenced from startup_mk64f12.o(RESET)
 <LI><a href="#[6a]">DefaultISR</a> from startup_mk64f12.o(.text) referenced 154 times from startup_mk64f12.o(RESET)
 <LI><a href="#[66]">ENET_1588_Timer_IRQHandler</a> from startup_mk64f12.o(.text) referenced from startup_mk64f12.o(RESET)
 <LI><a href="#[69]">ENET_Error_IRQHandler</a> from startup_mk64f12.o(.text) referenced from startup_mk64f12.o(RESET)
 <LI><a href="#[68]">ENET_Receive_IRQHandler</a> from startup_mk64f12.o(.text) referenced from startup_mk64f12.o(RESET)
 <LI><a href="#[67]">ENET_Transmit_IRQHandler</a> from startup_mk64f12.o(.text) referenced from startup_mk64f12.o(RESET)
 <LI><a href="#[26]">FTFE_IRQHandler</a> from startup_mk64f12.o(.text) referenced from startup_mk64f12.o(RESET)
 <LI><a href="#[3e]">FTM0_IRQHandler</a> from startup_mk64f12.o(.text) referenced from startup_mk64f12.o(RESET)
 <LI><a href="#[3f]">FTM1_IRQHandler</a> from startup_mk64f12.o(.text) referenced from startup_mk64f12.o(RESET)
 <LI><a href="#[40]">FTM2_IRQHandler</a> from startup_mk64f12.o(.text) referenced from startup_mk64f12.o(RESET)
 <LI><a href="#[5b]">FTM3_IRQHandler</a> from startup_mk64f12.o(.text) referenced from startup_mk64f12.o(RESET)
 <LI><a href="#[c]">HardFault_Handler</a> from startup_mk64f12.o(.text) referenced from startup_mk64f12.o(RESET)
 <LI><a href="#[2c]">I2C0_DriverIRQHandler</a> from fsl_i2c.o(i.I2C0_DriverIRQHandler) referenced from startup_mk64f12.o(RESET)
 <LI><a href="#[2d]">I2C1_IRQHandler</a> from startup_mk64f12.o(.text) referenced from startup_mk64f12.o(RESET)
 <LI><a href="#[5e]">I2C2_IRQHandler</a> from startup_mk64f12.o(.text) referenced from startup_mk64f12.o(RESET)
 <LI><a href="#[71]">I2C_MasterTransferHandleIRQ</a> from fsl_i2c.o(i.I2C_MasterTransferHandleIRQ) referenced from fsl_i2c.o(i.I2C_MasterTransferCreateHandle)
 <LI><a href="#[31]">I2S0_Rx_IRQHandler</a> from startup_mk64f12.o(.text) referenced from startup_mk64f12.o(RESET)
 <LI><a href="#[30]">I2S0_Tx_IRQHandler</a> from startup_mk64f12.o(.text) referenced from startup_mk64f12.o(RESET)
 <LI><a href="#[29]">LLW_IRQHandler</a> from startup_mk64f12.o(.text) referenced from startup_mk64f12.o(RESET)
 <LI><a href="#[4e]">LPTimer_IRQHandler</a> from startup_mk64f12.o(.text) referenced from startup_mk64f12.o(RESET)
 <LI><a href="#[28]">LVD_LVW_IRQHandler</a> from startup_mk64f12.o(.text) referenced from startup_mk64f12.o(RESET)
 <LI><a href="#[4d]">MCG_IRQHandler</a> from startup_mk64f12.o(.text) referenced from startup_mk64f12.o(RESET)
 <LI><a href="#[25]">MCM_IRQHandler</a> from startup_mk64f12.o(.text) referenced from startup_mk64f12.o(RESET)
 <LI><a href="#[d]">MemManage_Handler</a> from startup_mk64f12.o(.text) referenced from startup_mk64f12.o(RESET)
 <LI><a href="#[b]">NMI_Handler</a> from startup_mk64f12.o(.text) referenced from startup_mk64f12.o(RESET)
 <LI><a href="#[48]">PDB0_IRQHandler</a> from startup_mk64f12.o(.text) referenced from startup_mk64f12.o(RESET)
 <LI><a href="#[44]">PIT0_IRQHandler</a> from 3140.o(myProg) referenced from startup_mk64f12.o(RESET)
 <LI><a href="#[44]">PIT0_IRQHandler</a> from 3140.o(myProg) referenced from 3140.o(myProg)
 <LI><a href="#[45]">PIT1_IRQHandler</a> from startup_mk64f12.o(.text) referenced from startup_mk64f12.o(RESET)
 <LI><a href="#[46]">PIT2_IRQHandler</a> from startup_mk64f12.o(.text) referenced from startup_mk64f12.o(RESET)
 <LI><a href="#[47]">PIT3_IRQHandler</a> from startup_mk64f12.o(.text) referenced from startup_mk64f12.o(RESET)
 <LI><a href="#[4f]">PORTA_IRQHandler</a> from startup_mk64f12.o(.text) referenced from startup_mk64f12.o(RESET)
 <LI><a href="#[50]">PORTB_IRQHandler</a> from startup_mk64f12.o(.text) referenced from startup_mk64f12.o(RESET)
 <LI><a href="#[51]">PORTC_IRQHandler</a> from startup_mk64f12.o(.text) referenced from startup_mk64f12.o(RESET)
 <LI><a href="#[52]">PORTD_IRQHandler</a> from startup_mk64f12.o(.text) referenced from startup_mk64f12.o(RESET)
 <LI><a href="#[53]">PORTE_IRQHandler</a> from startup_mk64f12.o(.text) referenced from startup_mk64f12.o(RESET)
 <LI><a href="#[12]">PendSV_Handler</a> from startup_mk64f12.o(.text) referenced from startup_mk64f12.o(RESET)
 <LI><a href="#[2b]">RNG_IRQHandler</a> from startup_mk64f12.o(.text) referenced from startup_mk64f12.o(RESET)
 <LI><a href="#[42]">RTC_IRQHandler</a> from startup_mk64f12.o(.text) referenced from startup_mk64f12.o(RESET)
 <LI><a href="#[43]">RTC_Seconds_IRQHandler</a> from startup_mk64f12.o(.text) referenced from startup_mk64f12.o(RESET)
 <LI><a href="#[27]">Read_Collision_IRQHandler</a> from startup_mk64f12.o(.text) referenced from startup_mk64f12.o(RESET)
 <LI><a href="#[4b]">Reserved71_IRQHandler</a> from startup_mk64f12.o(.text) referenced from startup_mk64f12.o(RESET)
 <LI><a href="#[77]">Reset_Handler</a> from startup_mk64f12.o(.text) referenced from startup_mk64f12.o(RESET)
 <LI><a href="#[65]">SDHC_IRQHandler</a> from startup_mk64f12.o(.text) referenced from startup_mk64f12.o(RESET)
 <LI><a href="#[2e]">SPI0_IRQHandler</a> from startup_mk64f12.o(.text) referenced from startup_mk64f12.o(RESET)
 <LI><a href="#[2f]">SPI1_IRQHandler</a> from startup_mk64f12.o(.text) referenced from startup_mk64f12.o(RESET)
 <LI><a href="#[55]">SPI2_IRQHandler</a> from startup_mk64f12.o(.text) referenced from startup_mk64f12.o(RESET)
 <LI><a href="#[75]">SVC0_begin</a> from 3140.o(myProg) referenced from 3140.o(myProg)
 <LI><a href="#[76]">SVC1_terminate</a> from 3140.o(myProg) referenced from 3140.o(myProg)
 <LI><a href="#[10]">SVC_Handler</a> from 3140.o(myProg) referenced from startup_mk64f12.o(RESET)
 <LI><a href="#[54]">SWI_IRQHandler</a> from startup_mk64f12.o(.text) referenced from startup_mk64f12.o(RESET)
 <LI><a href="#[13]">SysTick_Handler</a> from startup_mk64f12.o(.text) referenced from startup_mk64f12.o(RESET)
 <LI><a href="#[6b]">SystemInit</a> from system_mk64f12.o(i.SystemInit) referenced from startup_mk64f12.o(.text)
 <LI><a href="#[34]">UART0_ERR_IRQHandler</a> from startup_mk64f12.o(.text) referenced from startup_mk64f12.o(RESET)
 <LI><a href="#[32]">UART0_LON_IRQHandler</a> from startup_mk64f12.o(.text) referenced from startup_mk64f12.o(RESET)
 <LI><a href="#[33]">UART0_RX_TX_IRQHandler</a> from startup_mk64f12.o(.text) referenced from startup_mk64f12.o(RESET)
 <LI><a href="#[36]">UART1_ERR_IRQHandler</a> from startup_mk64f12.o(.text) referenced from startup_mk64f12.o(RESET)
 <LI><a href="#[35]">UART1_RX_TX_IRQHandler</a> from startup_mk64f12.o(.text) referenced from startup_mk64f12.o(RESET)
 <LI><a href="#[38]">UART2_ERR_IRQHandler</a> from startup_mk64f12.o(.text) referenced from startup_mk64f12.o(RESET)
 <LI><a href="#[37]">UART2_RX_TX_IRQHandler</a> from startup_mk64f12.o(.text) referenced from startup_mk64f12.o(RESET)
 <LI><a href="#[3a]">UART3_ERR_IRQHandler</a> from startup_mk64f12.o(.text) referenced from startup_mk64f12.o(RESET)
 <LI><a href="#[39]">UART3_RX_TX_IRQHandler</a> from startup_mk64f12.o(.text) referenced from startup_mk64f12.o(RESET)
 <LI><a href="#[57]">UART4_ERR_IRQHandler</a> from startup_mk64f12.o(.text) referenced from startup_mk64f12.o(RESET)
 <LI><a href="#[56]">UART4_RX_TX_IRQHandler</a> from startup_mk64f12.o(.text) referenced from startup_mk64f12.o(RESET)
 <LI><a href="#[59]">UART5_ERR_IRQHandler</a> from startup_mk64f12.o(.text) referenced from startup_mk64f12.o(RESET)
 <LI><a href="#[58]">UART5_RX_TX_IRQHandler</a> from startup_mk64f12.o(.text) referenced from startup_mk64f12.o(RESET)
 <LI><a href="#[49]">USB0_IRQHandler</a> from startup_mk64f12.o(.text) referenced from startup_mk64f12.o(RESET)
 <LI><a href="#[4a]">USBDCD_IRQHandler</a> from startup_mk64f12.o(.text) referenced from startup_mk64f12.o(RESET)
 <LI><a href="#[f]">UsageFault_Handler</a> from startup_mk64f12.o(.text) referenced from startup_mk64f12.o(RESET)
 <LI><a href="#[2a]">Watchdog_IRQHandler</a> from startup_mk64f12.o(.text) referenced from startup_mk64f12.o(RESET)
 <LI><a href="#[78]">__main</a> from __main.o(!!!main) referenced from startup_mk64f12.o(.text)
 <LI><a href="#[6f]">_printf_input_char</a> from _printf_char_common.o(.text) referenced from _printf_char_common.o(.text)
 <LI><a href="#[6e]">_sputc</a> from _sputc.o(.text) referenced from noretval__2sprintf.o(.text)
 <LI><a href="#[70]">i2c_master_callback</a> from 3140_i2c.o(i.i2c_master_callback) referenced from 3140_i2c.o(i.I2C_Init)
 <LI><a href="#[6c]">init_data_bss</a> from startup_mk64f12.o(.text) referenced from startup_mk64f12.o(.text)
 <LI><a href="#[72]">p1</a> from main.o(i.p1) referenced from main.o(i.main)
 <LI><a href="#[73]">p2</a> from main.o(i.p2) referenced from main.o(i.main)
 <LI><a href="#[74]">process_terminated</a> from 3140.o(myProg) referenced from 3140_concur.o(i.process_stack_init)
</UL>
<P>
<H3>
Global Symbols
</H3>
<P><STRONG><a name="[78]"></a>__main</STRONG> (Thumb, 8 bytes, Stack size 0 bytes, __main.o(!!!main))
<BR><BR>[Calls]<UL><LI><a href="#[7a]">&gt;&gt;</a>&nbsp;&nbsp;&nbsp;__scatterload
<LI><a href="#[7b]">&gt;&gt;</a>&nbsp;&nbsp;&nbsp;__rt_entry
</UL>

<P><STRONG><a name="[7a]"></a>__scatterload</STRONG> (Thumb, 0 bytes, Stack size unknown bytes, __scatter.o(!!!scatter))
<BR><BR>[Called By]<UL><LI><a href="#[78]">&gt;&gt;</a>&nbsp;&nbsp;&nbsp;__main
</UL>

<P><STRONG><a name="[7c]"></a>__scatterload_rt2</STRONG> (Thumb, 44 bytes, Stack size unknown bytes, __scatter.o(!!!scatter), UNUSED)
<BR><BR>[Calls]<UL><LI><a href="#[7b]">&gt;&gt;</a>&nbsp;&nbsp;&nbsp;__rt_entry
</UL>

<P><STRONG><a name="[11c]"></a>__scatterload_rt2_thumb_only</STRONG> (Thumb, 0 bytes, Stack size unknown bytes, __scatter.o(!!!scatter), UNUSED)

<P><STRONG><a name="[11d]"></a>__scatterload_null</STRONG> (Thumb, 0 bytes, Stack size unknown bytes, __scatter.o(!!!scatter), UNUSED)

<P><STRONG><a name="[7d]"></a>__scatterload_copy</STRONG> (Thumb, 26 bytes, Stack size unknown bytes, __scatter_copy.o(!!handler_copy), UNUSED)
<BR><BR>[Calls]<UL><LI><a href="#[7d]">&gt;&gt;</a>&nbsp;&nbsp;&nbsp;__scatterload_copy
</UL>
<BR>[Called By]<UL><LI><a href="#[7d]">&gt;&gt;</a>&nbsp;&nbsp;&nbsp;__scatterload_copy
</UL>

<P><STRONG><a name="[11e]"></a>__scatterload_zeroinit</STRONG> (Thumb, 28 bytes, Stack size unknown bytes, __scatter_zi.o(!!handler_zi), UNUSED)

<P><STRONG><a name="[7e]"></a>_printf_f</STRONG> (Thumb, 0 bytes, Stack size unknown bytes, _printf_f.o(.ARM.Collect$$_printf_percent$$00000003))
<BR><BR>[Stack]<UL><LI>Max Depth = 324 + Unknown Stack Size
<LI>Call Chain = _printf_f &rArr; _printf_fp_dec &rArr; _printf_fp_dec_real &rArr; _fp_digits &rArr; _btod_etento &rArr; _btod_emul &rArr; _e2e
</UL>
<BR>[Calls]<UL><LI><a href="#[7f]">&gt;&gt;</a>&nbsp;&nbsp;&nbsp;_printf_fp_dec
</UL>

<P><STRONG><a name="[98]"></a>_printf_percent</STRONG> (Thumb, 0 bytes, Stack size unknown bytes, _printf_percent.o(.ARM.Collect$$_printf_percent$$00000000))
<BR><BR>[Called By]<UL><LI><a href="#[97]">&gt;&gt;</a>&nbsp;&nbsp;&nbsp;__printf
</UL>

<P><STRONG><a name="[11f]"></a>_printf_percent_end</STRONG> (Thumb, 0 bytes, Stack size unknown bytes, _printf_percent_end.o(.ARM.Collect$$_printf_percent$$00000017))

<P><STRONG><a name="[89]"></a>__rt_lib_init</STRONG> (Thumb, 0 bytes, Stack size unknown bytes, libinit.o(.ARM.Collect$$libinit$$00000000))
<BR><BR>[Called By]<UL><LI><a href="#[88]">&gt;&gt;</a>&nbsp;&nbsp;&nbsp;__rt_entry_li
</UL>

<P><STRONG><a name="[120]"></a>__rt_lib_init_fp_1</STRONG> (Thumb, 0 bytes, Stack size unknown bytes, libinit2.o(.ARM.Collect$$libinit$$00000002))

<P><STRONG><a name="[80]"></a>__rt_lib_init_heap_2</STRONG> (Thumb, 0 bytes, Stack size unknown bytes, libinit2.o(.ARM.Collect$$libinit$$00000005))
<BR><BR>[Stack]<UL><LI>Max Depth = 64 + Unknown Stack Size
<LI>Call Chain = __rt_lib_init_heap_2 &rArr; _init_alloc &rArr; __rt_SIGRTMEM &rArr; __rt_SIGRTMEM_inner &rArr; __default_signal_display &rArr; _ttywrch
</UL>
<BR>[Calls]<UL><LI><a href="#[81]">&gt;&gt;</a>&nbsp;&nbsp;&nbsp;_init_alloc
</UL>

<P><STRONG><a name="[121]"></a>__rt_lib_init_preinit_1</STRONG> (Thumb, 0 bytes, Stack size unknown bytes, libinit2.o(.ARM.Collect$$libinit$$00000004))

<P><STRONG><a name="[122]"></a>__rt_lib_init_heap_1</STRONG> (Thumb, 0 bytes, Stack size unknown bytes, libinit2.o(.ARM.Collect$$libinit$$0000000A))

<P><STRONG><a name="[82]"></a>__rt_lib_init_lc_common</STRONG> (Thumb, 0 bytes, Stack size unknown bytes, libinit2.o(.ARM.Collect$$libinit$$0000000F))
<BR><BR>[Calls]<UL><LI><a href="#[83]">&gt;&gt;</a>&nbsp;&nbsp;&nbsp;__rt_locale
</UL>

<P><STRONG><a name="[123]"></a>__rt_lib_init_rand_1</STRONG> (Thumb, 0 bytes, Stack size unknown bytes, libinit2.o(.ARM.Collect$$libinit$$0000000E))

<P><STRONG><a name="[124]"></a>__rt_lib_init_user_alloc_1</STRONG> (Thumb, 0 bytes, Stack size unknown bytes, libinit2.o(.ARM.Collect$$libinit$$0000000C))

<P><STRONG><a name="[125]"></a>__rt_lib_init_lc_collate_1</STRONG> (Thumb, 0 bytes, Stack size unknown bytes, libinit2.o(.ARM.Collect$$libinit$$00000011))

<P><STRONG><a name="[126]"></a>__rt_lib_init_lc_ctype_1</STRONG> (Thumb, 0 bytes, Stack size unknown bytes, libinit2.o(.ARM.Collect$$libinit$$00000013))

<P><STRONG><a name="[127]"></a>__rt_lib_init_lc_monetary_1</STRONG> (Thumb, 0 bytes, Stack size unknown bytes, libinit2.o(.ARM.Collect$$libinit$$00000015))

<P><STRONG><a name="[84]"></a>__rt_lib_init_lc_numeric_2</STRONG> (Thumb, 0 bytes, Stack size unknown bytes, libinit2.o(.ARM.Collect$$libinit$$00000016))
<BR><BR>[Stack]<UL><LI>Max Depth = 8 + Unknown Stack Size
<LI>Call Chain = __rt_lib_init_lc_numeric_2 &rArr; _get_lc_numeric
</UL>
<BR>[Calls]<UL><LI><a href="#[85]">&gt;&gt;</a>&nbsp;&nbsp;&nbsp;_get_lc_numeric
</UL>

<P><STRONG><a name="[128]"></a>__rt_lib_init_alloca_1</STRONG> (Thumb, 0 bytes, Stack size unknown bytes, libinit2.o(.ARM.Collect$$libinit$$0000002E))

<P><STRONG><a name="[129]"></a>__rt_lib_init_argv_1</STRONG> (Thumb, 0 bytes, Stack size unknown bytes, libinit2.o(.ARM.Collect$$libinit$$0000002C))

<P><STRONG><a name="[12a]"></a>__rt_lib_init_atexit_1</STRONG> (Thumb, 0 bytes, Stack size unknown bytes, libinit2.o(.ARM.Collect$$libinit$$0000001B))

<P><STRONG><a name="[12b]"></a>__rt_lib_init_clock_1</STRONG> (Thumb, 0 bytes, Stack size unknown bytes, libinit2.o(.ARM.Collect$$libinit$$00000021))

<P><STRONG><a name="[12c]"></a>__rt_lib_init_cpp_1</STRONG> (Thumb, 0 bytes, Stack size unknown bytes, libinit2.o(.ARM.Collect$$libinit$$00000032))

<P><STRONG><a name="[12d]"></a>__rt_lib_init_exceptions_1</STRONG> (Thumb, 0 bytes, Stack size unknown bytes, libinit2.o(.ARM.Collect$$libinit$$00000030))

<P><STRONG><a name="[12e]"></a>__rt_lib_init_fp_trap_1</STRONG> (Thumb, 0 bytes, Stack size unknown bytes, libinit2.o(.ARM.Collect$$libinit$$0000001F))

<P><STRONG><a name="[12f]"></a>__rt_lib_init_getenv_1</STRONG> (Thumb, 0 bytes, Stack size unknown bytes, libinit2.o(.ARM.Collect$$libinit$$00000023))

<P><STRONG><a name="[130]"></a>__rt_lib_init_lc_numeric_1</STRONG> (Thumb, 0 bytes, Stack size unknown bytes, libinit2.o(.ARM.Collect$$libinit$$00000017))

<P><STRONG><a name="[131]"></a>__rt_lib_init_lc_time_1</STRONG> (Thumb, 0 bytes, Stack size unknown bytes, libinit2.o(.ARM.Collect$$libinit$$00000019))

<P><STRONG><a name="[132]"></a>__rt_lib_init_return</STRONG> (Thumb, 0 bytes, Stack size unknown bytes, libinit2.o(.ARM.Collect$$libinit$$00000033))

<P><STRONG><a name="[133]"></a>__rt_lib_init_signal_1</STRONG> (Thumb, 0 bytes, Stack size unknown bytes, libinit2.o(.ARM.Collect$$libinit$$0000001D))

<P><STRONG><a name="[134]"></a>__rt_lib_init_stdio_1</STRONG> (Thumb, 0 bytes, Stack size unknown bytes, libinit2.o(.ARM.Collect$$libinit$$00000025))

<P><STRONG><a name="[8e]"></a>__rt_lib_shutdown</STRONG> (Thumb, 0 bytes, Stack size unknown bytes, libshutdown.o(.ARM.Collect$$libshutdown$$00000000))
<BR><BR>[Called By]<UL><LI><a href="#[8d]">&gt;&gt;</a>&nbsp;&nbsp;&nbsp;__rt_exit_ls
<LI><a href="#[9b]">&gt;&gt;</a>&nbsp;&nbsp;&nbsp;abort
</UL>

<P><STRONG><a name="[135]"></a>__rt_lib_shutdown_cpp_1</STRONG> (Thumb, 0 bytes, Stack size unknown bytes, libshutdown2.o(.ARM.Collect$$libshutdown$$00000002))

<P><STRONG><a name="[136]"></a>__rt_lib_shutdown_fp_trap_1</STRONG> (Thumb, 0 bytes, Stack size unknown bytes, libshutdown2.o(.ARM.Collect$$libshutdown$$00000007))

<P><STRONG><a name="[137]"></a>__rt_lib_shutdown_heap_1</STRONG> (Thumb, 0 bytes, Stack size unknown bytes, libshutdown2.o(.ARM.Collect$$libshutdown$$0000000F))

<P><STRONG><a name="[138]"></a>__rt_lib_shutdown_return</STRONG> (Thumb, 0 bytes, Stack size unknown bytes, libshutdown2.o(.ARM.Collect$$libshutdown$$00000010))

<P><STRONG><a name="[139]"></a>__rt_lib_shutdown_signal_1</STRONG> (Thumb, 0 bytes, Stack size unknown bytes, libshutdown2.o(.ARM.Collect$$libshutdown$$0000000A))

<P><STRONG><a name="[13a]"></a>__rt_lib_shutdown_stdio_1</STRONG> (Thumb, 0 bytes, Stack size unknown bytes, libshutdown2.o(.ARM.Collect$$libshutdown$$00000004))

<P><STRONG><a name="[13b]"></a>__rt_lib_shutdown_user_alloc_1</STRONG> (Thumb, 0 bytes, Stack size unknown bytes, libshutdown2.o(.ARM.Collect$$libshutdown$$0000000C))

<P><STRONG><a name="[7b]"></a>__rt_entry</STRONG> (Thumb, 0 bytes, Stack size unknown bytes, __rtentry.o(.ARM.Collect$$rtentry$$00000000))
<BR><BR>[Called By]<UL><LI><a href="#[78]">&gt;&gt;</a>&nbsp;&nbsp;&nbsp;__main
<LI><a href="#[7c]">&gt;&gt;</a>&nbsp;&nbsp;&nbsp;__scatterload_rt2
</UL>

<P><STRONG><a name="[13c]"></a>__rt_entry_presh_1</STRONG> (Thumb, 0 bytes, Stack size unknown bytes, __rtentry2.o(.ARM.Collect$$rtentry$$00000002))

<P><STRONG><a name="[86]"></a>__rt_entry_sh</STRONG> (Thumb, 0 bytes, Stack size unknown bytes, __rtentry4.o(.ARM.Collect$$rtentry$$00000004))
<BR><BR>[Stack]<UL><LI>Max Depth = 8 + Unknown Stack Size
<LI>Call Chain = __rt_entry_sh &rArr; __user_setup_stackheap
</UL>
<BR>[Calls]<UL><LI><a href="#[87]">&gt;&gt;</a>&nbsp;&nbsp;&nbsp;__user_setup_stackheap
</UL>

<P><STRONG><a name="[88]"></a>__rt_entry_li</STRONG> (Thumb, 0 bytes, Stack size unknown bytes, __rtentry2.o(.ARM.Collect$$rtentry$$0000000A))
<BR><BR>[Calls]<UL><LI><a href="#[89]">&gt;&gt;</a>&nbsp;&nbsp;&nbsp;__rt_lib_init
</UL>

<P><STRONG><a name="[13d]"></a>__rt_entry_postsh_1</STRONG> (Thumb, 0 bytes, Stack size unknown bytes, __rtentry2.o(.ARM.Collect$$rtentry$$00000009))

<P><STRONG><a name="[8a]"></a>__rt_entry_main</STRONG> (Thumb, 0 bytes, Stack size unknown bytes, __rtentry2.o(.ARM.Collect$$rtentry$$0000000D))
<BR><BR>[Stack]<UL><LI>Max Depth = 248 + Unknown Stack Size
<LI>Call Chain = __rt_entry_main &rArr; main &rArr; MODULE_getDefaultConfig &rArr; I2C_WriteReg &rArr; I2C_MasterTransferNonBlocking &rArr; I2C_InitTransferStateMachine &rArr; I2C_MasterTransferHandleIRQ &rArr; I2C_MasterTransferRunStateMachine &rArr; __aeabi_assert &rArr; abort &rArr; __rt_SIGABRT &rArr; __rt_SIGABRT_inner &rArr; __default_signal_display &rArr; _ttywrch
</UL>
<BR>[Calls]<UL><LI><a href="#[8b]">&gt;&gt;</a>&nbsp;&nbsp;&nbsp;main
<LI><a href="#[8c]">&gt;&gt;</a>&nbsp;&nbsp;&nbsp;exit
</UL>

<P><STRONG><a name="[13e]"></a>__rt_entry_postli_1</STRONG> (Thumb, 0 bytes, Stack size unknown bytes, __rtentry2.o(.ARM.Collect$$rtentry$$0000000C))

<P><STRONG><a name="[b2]"></a>__rt_exit</STRONG> (Thumb, 0 bytes, Stack size unknown bytes, rtexit.o(.ARM.Collect$$rtexit$$00000000))
<BR><BR>[Called By]<UL><LI><a href="#[8c]">&gt;&gt;</a>&nbsp;&nbsp;&nbsp;exit
</UL>

<P><STRONG><a name="[8d]"></a>__rt_exit_ls</STRONG> (Thumb, 0 bytes, Stack size unknown bytes, rtexit2.o(.ARM.Collect$$rtexit$$00000003))
<BR><BR>[Calls]<UL><LI><a href="#[8e]">&gt;&gt;</a>&nbsp;&nbsp;&nbsp;__rt_lib_shutdown
</UL>

<P><STRONG><a name="[13f]"></a>__rt_exit_prels_1</STRONG> (Thumb, 0 bytes, Stack size unknown bytes, rtexit2.o(.ARM.Collect$$rtexit$$00000002))

<P><STRONG><a name="[8f]"></a>__rt_exit_exit</STRONG> (Thumb, 0 bytes, Stack size unknown bytes, rtexit2.o(.ARM.Collect$$rtexit$$00000004))
<BR><BR>[Calls]<UL><LI><a href="#[90]">&gt;&gt;</a>&nbsp;&nbsp;&nbsp;_sys_exit
</UL>

<P><STRONG><a name="[140]"></a>_maybe_terminate_alloc</STRONG> (Thumb, 0 bytes, Stack size 0 bytes, maybetermalloc1.o(.emb_text), UNUSED)

<P><STRONG><a name="[6c]"></a>init_data_bss</STRONG> (Thumb, 2 bytes, Stack size 0 bytes, startup_mk64f12.o(.text))
<BR>[Address Reference Count : 1]<UL><LI> startup_mk64f12.o(.text)
</UL>
<P><STRONG><a name="[77]"></a>Reset_Handler</STRONG> (Thumb, 12 bytes, Stack size 0 bytes, startup_mk64f12.o(.text))

<P><STRONG><a name="[b]"></a>NMI_Handler</STRONG> (Thumb, 2 bytes, Stack size 0 bytes, startup_mk64f12.o(.text))
<BR><BR>[Calls]<UL><LI><a href="#[b]">&gt;&gt;</a>&nbsp;&nbsp;&nbsp;NMI_Handler
</UL>
<BR>[Called By]<UL><LI><a href="#[b]">&gt;&gt;</a>&nbsp;&nbsp;&nbsp;NMI_Handler
</UL>
<BR>[Address Reference Count : 1]<UL><LI> startup_mk64f12.o(RESET)
</UL>
<P><STRONG><a name="[c]"></a>HardFault_Handler</STRONG> (Thumb, 2 bytes, Stack size 0 bytes, startup_mk64f12.o(.text))
<BR><BR>[Calls]<UL><LI><a href="#[c]">&gt;&gt;</a>&nbsp;&nbsp;&nbsp;HardFault_Handler
</UL>
<BR>[Called By]<UL><LI><a href="#[c]">&gt;&gt;</a>&nbsp;&nbsp;&nbsp;HardFault_Handler
</UL>
<BR>[Address Reference Count : 1]<UL><LI> startup_mk64f12.o(RESET)
</UL>
<P><STRONG><a name="[d]"></a>MemManage_Handler</STRONG> (Thumb, 2 bytes, Stack size 0 bytes, startup_mk64f12.o(.text))
<BR><BR>[Calls]<UL><LI><a href="#[d]">&gt;&gt;</a>&nbsp;&nbsp;&nbsp;MemManage_Handler
</UL>
<BR>[Called By]<UL><LI><a href="#[d]">&gt;&gt;</a>&nbsp;&nbsp;&nbsp;MemManage_Handler
</UL>
<BR>[Address Reference Count : 1]<UL><LI> startup_mk64f12.o(RESET)
</UL>
<P><STRONG><a name="[e]"></a>BusFault_Handler</STRONG> (Thumb, 2 bytes, Stack size 0 bytes, startup_mk64f12.o(.text))
<BR><BR>[Calls]<UL><LI><a href="#[e]">&gt;&gt;</a>&nbsp;&nbsp;&nbsp;BusFault_Handler
</UL>
<BR>[Called By]<UL><LI><a href="#[e]">&gt;&gt;</a>&nbsp;&nbsp;&nbsp;BusFault_Handler
</UL>
<BR>[Address Reference Count : 1]<UL><LI> startup_mk64f12.o(RESET)
</UL>
<P><STRONG><a name="[f]"></a>UsageFault_Handler</STRONG> (Thumb, 2 bytes, Stack size 0 bytes, startup_mk64f12.o(.text))
<BR><BR>[Calls]<UL><LI><a href="#[f]">&gt;&gt;</a>&nbsp;&nbsp;&nbsp;UsageFault_Handler
</UL>
<BR>[Called By]<UL><LI><a href="#[f]">&gt;&gt;</a>&nbsp;&nbsp;&nbsp;UsageFault_Handler
</UL>
<BR>[Address Reference Count : 1]<UL><LI> startup_mk64f12.o(RESET)
</UL>
<P><STRONG><a name="[11]"></a>DebugMon_Handler</STRONG> (Thumb, 2 bytes, Stack size 0 bytes, startup_mk64f12.o(.text))
<BR><BR>[Calls]<UL><LI><a href="#[11]">&gt;&gt;</a>&nbsp;&nbsp;&nbsp;DebugMon_Handler
</UL>
<BR>[Called By]<UL><LI><a href="#[11]">&gt;&gt;</a>&nbsp;&nbsp;&nbsp;DebugMon_Handler
</UL>
<BR>[Address Reference Count : 1]<UL><LI> startup_mk64f12.o(RESET)
</UL>
<P><STRONG><a name="[12]"></a>PendSV_Handler</STRONG> (Thumb, 2 bytes, Stack size 0 bytes, startup_mk64f12.o(.text))
<BR><BR>[Calls]<UL><LI><a href="#[12]">&gt;&gt;</a>&nbsp;&nbsp;&nbsp;PendSV_Handler
</UL>
<BR>[Called By]<UL><LI><a href="#[12]">&gt;&gt;</a>&nbsp;&nbsp;&nbsp;PendSV_Handler
</UL>
<BR>[Address Reference Count : 1]<UL><LI> startup_mk64f12.o(RESET)
</UL>
<P><STRONG><a name="[13]"></a>SysTick_Handler</STRONG> (Thumb, 2 bytes, Stack size 0 bytes, startup_mk64f12.o(.text))
<BR><BR>[Calls]<UL><LI><a href="#[13]">&gt;&gt;</a>&nbsp;&nbsp;&nbsp;SysTick_Handler
</UL>
<BR>[Called By]<UL><LI><a href="#[13]">&gt;&gt;</a>&nbsp;&nbsp;&nbsp;SysTick_Handler
</UL>
<BR>[Address Reference Count : 1]<UL><LI> startup_mk64f12.o(RESET)
</UL>
<P><STRONG><a name="[3b]"></a>ADC0_IRQHandler</STRONG> (Thumb, 0 bytes, Stack size 0 bytes, startup_mk64f12.o(.text))
<BR><BR>[Calls]<UL><LI><a href="#[3b]">&gt;&gt;</a>&nbsp;&nbsp;&nbsp;ADC0_IRQHandler
</UL>
<BR>[Called By]<UL><LI><a href="#[3b]">&gt;&gt;</a>&nbsp;&nbsp;&nbsp;ADC0_IRQHandler
</UL>
<BR>[Address Reference Count : 1]<UL><LI> startup_mk64f12.o(RESET)
</UL>
<P><STRONG><a name="[5d]"></a>ADC1_IRQHandler</STRONG> (Thumb, 0 bytes, Stack size 0 bytes, startup_mk64f12.o(.text))
<BR>[Address Reference Count : 1]<UL><LI> startup_mk64f12.o(RESET)
</UL>
<P><STRONG><a name="[60]"></a>CAN0_Bus_Off_IRQHandler</STRONG> (Thumb, 0 bytes, Stack size 0 bytes, startup_mk64f12.o(.text))
<BR>[Address Reference Count : 1]<UL><LI> startup_mk64f12.o(RESET)
</UL>
<P><STRONG><a name="[61]"></a>CAN0_Error_IRQHandler</STRONG> (Thumb, 0 bytes, Stack size 0 bytes, startup_mk64f12.o(.text))
<BR>[Address Reference Count : 1]<UL><LI> startup_mk64f12.o(RESET)
</UL>
<P><STRONG><a name="[5f]"></a>CAN0_ORed_Message_buffer_IRQHandler</STRONG> (Thumb, 0 bytes, Stack size 0 bytes, startup_mk64f12.o(.text))
<BR>[Address Reference Count : 1]<UL><LI> startup_mk64f12.o(RESET)
</UL>
<P><STRONG><a name="[63]"></a>CAN0_Rx_Warning_IRQHandler</STRONG> (Thumb, 0 bytes, Stack size 0 bytes, startup_mk64f12.o(.text))
<BR>[Address Reference Count : 1]<UL><LI> startup_mk64f12.o(RESET)
</UL>
<P><STRONG><a name="[62]"></a>CAN0_Tx_Warning_IRQHandler</STRONG> (Thumb, 0 bytes, Stack size 0 bytes, startup_mk64f12.o(.text))
<BR>[Address Reference Count : 1]<UL><LI> startup_mk64f12.o(RESET)
</UL>
<P><STRONG><a name="[64]"></a>CAN0_Wake_Up_IRQHandler</STRONG> (Thumb, 0 bytes, Stack size 0 bytes, startup_mk64f12.o(.text))
<BR>[Address Reference Count : 1]<UL><LI> startup_mk64f12.o(RESET)
</UL>
<P><STRONG><a name="[3c]"></a>CMP0_IRQHandler</STRONG> (Thumb, 0 bytes, Stack size 0 bytes, startup_mk64f12.o(.text))
<BR>[Address Reference Count : 1]<UL><LI> startup_mk64f12.o(RESET)
</UL>
<P><STRONG><a name="[3d]"></a>CMP1_IRQHandler</STRONG> (Thumb, 0 bytes, Stack size 0 bytes, startup_mk64f12.o(.text))
<BR>[Address Reference Count : 1]<UL><LI> startup_mk64f12.o(RESET)
</UL>
<P><STRONG><a name="[5a]"></a>CMP2_IRQHandler</STRONG> (Thumb, 0 bytes, Stack size 0 bytes, startup_mk64f12.o(.text))
<BR>[Address Reference Count : 1]<UL><LI> startup_mk64f12.o(RESET)
</UL>
<P><STRONG><a name="[41]"></a>CMT_IRQHandler</STRONG> (Thumb, 0 bytes, Stack size 0 bytes, startup_mk64f12.o(.text))
<BR>[Address Reference Count : 1]<UL><LI> startup_mk64f12.o(RESET)
</UL>
<P><STRONG><a name="[4c]"></a>DAC0_IRQHandler</STRONG> (Thumb, 0 bytes, Stack size 0 bytes, startup_mk64f12.o(.text))
<BR>[Address Reference Count : 1]<UL><LI> startup_mk64f12.o(RESET)
</UL>
<P><STRONG><a name="[5c]"></a>DAC1_IRQHandler</STRONG> (Thumb, 0 bytes, Stack size 0 bytes, startup_mk64f12.o(.text))
<BR>[Address Reference Count : 1]<UL><LI> startup_mk64f12.o(RESET)
</UL>
<P><STRONG><a name="[14]"></a>DMA0_IRQHandler</STRONG> (Thumb, 0 bytes, Stack size 0 bytes, startup_mk64f12.o(.text))
<BR>[Address Reference Count : 1]<UL><LI> startup_mk64f12.o(RESET)
</UL>
<P><STRONG><a name="[1e]"></a>DMA10_IRQHandler</STRONG> (Thumb, 0 bytes, Stack size 0 bytes, startup_mk64f12.o(.text))
<BR>[Address Reference Count : 1]<UL><LI> startup_mk64f12.o(RESET)
</UL>
<P><STRONG><a name="[1f]"></a>DMA11_IRQHandler</STRONG> (Thumb, 0 bytes, Stack size 0 bytes, startup_mk64f12.o(.text))
<BR>[Address Reference Count : 1]<UL><LI> startup_mk64f12.o(RESET)
</UL>
<P><STRONG><a name="[20]"></a>DMA12_IRQHandler</STRONG> (Thumb, 0 bytes, Stack size 0 bytes, startup_mk64f12.o(.text))
<BR>[Address Reference Count : 1]<UL><LI> startup_mk64f12.o(RESET)
</UL>
<P><STRONG><a name="[21]"></a>DMA13_IRQHandler</STRONG> (Thumb, 0 bytes, Stack size 0 bytes, startup_mk64f12.o(.text))
<BR>[Address Reference Count : 1]<UL><LI> startup_mk64f12.o(RESET)
</UL>
<P><STRONG><a name="[22]"></a>DMA14_IRQHandler</STRONG> (Thumb, 0 bytes, Stack size 0 bytes, startup_mk64f12.o(.text))
<BR>[Address Reference Count : 1]<UL><LI> startup_mk64f12.o(RESET)
</UL>
<P><STRONG><a name="[23]"></a>DMA15_IRQHandler</STRONG> (Thumb, 0 bytes, Stack size 0 bytes, startup_mk64f12.o(.text))
<BR>[Address Reference Count : 1]<UL><LI> startup_mk64f12.o(RESET)
</UL>
<P><STRONG><a name="[15]"></a>DMA1_IRQHandler</STRONG> (Thumb, 0 bytes, Stack size 0 bytes, startup_mk64f12.o(.text))
<BR>[Address Reference Count : 1]<UL><LI> startup_mk64f12.o(RESET)
</UL>
<P><STRONG><a name="[16]"></a>DMA2_IRQHandler</STRONG> (Thumb, 0 bytes, Stack size 0 bytes, startup_mk64f12.o(.text))
<BR>[Address Reference Count : 1]<UL><LI> startup_mk64f12.o(RESET)
</UL>
<P><STRONG><a name="[17]"></a>DMA3_IRQHandler</STRONG> (Thumb, 0 bytes, Stack size 0 bytes, startup_mk64f12.o(.text))
<BR>[Address Reference Count : 1]<UL><LI> startup_mk64f12.o(RESET)
</UL>
<P><STRONG><a name="[18]"></a>DMA4_IRQHandler</STRONG> (Thumb, 0 bytes, Stack size 0 bytes, startup_mk64f12.o(.text))
<BR>[Address Reference Count : 1]<UL><LI> startup_mk64f12.o(RESET)
</UL>
<P><STRONG><a name="[19]"></a>DMA5_IRQHandler</STRONG> (Thumb, 0 bytes, Stack size 0 bytes, startup_mk64f12.o(.text))
<BR>[Address Reference Count : 1]<UL><LI> startup_mk64f12.o(RESET)
</UL>
<P><STRONG><a name="[1a]"></a>DMA6_IRQHandler</STRONG> (Thumb, 0 bytes, Stack size 0 bytes, startup_mk64f12.o(.text))
<BR>[Address Reference Count : 1]<UL><LI> startup_mk64f12.o(RESET)
</UL>
<P><STRONG><a name="[1b]"></a>DMA7_IRQHandler</STRONG> (Thumb, 0 bytes, Stack size 0 bytes, startup_mk64f12.o(.text))
<BR>[Address Reference Count : 1]<UL><LI> startup_mk64f12.o(RESET)
</UL>
<P><STRONG><a name="[1c]"></a>DMA8_IRQHandler</STRONG> (Thumb, 0 bytes, Stack size 0 bytes, startup_mk64f12.o(.text))
<BR>[Address Reference Count : 1]<UL><LI> startup_mk64f12.o(RESET)
</UL>
<P><STRONG><a name="[1d]"></a>DMA9_IRQHandler</STRONG> (Thumb, 0 bytes, Stack size 0 bytes, startup_mk64f12.o(.text))
<BR>[Address Reference Count : 1]<UL><LI> startup_mk64f12.o(RESET)
</UL>
<P><STRONG><a name="[24]"></a>DMA_Error_IRQHandler</STRONG> (Thumb, 0 bytes, Stack size 0 bytes, startup_mk64f12.o(.text))
<BR>[Address Reference Count : 1]<UL><LI> startup_mk64f12.o(RESET)
</UL>
<P><STRONG><a name="[6a]"></a>DefaultISR</STRONG> (Thumb, 0 bytes, Stack size 0 bytes, startup_mk64f12.o(.text))
<BR>[Address Reference Count : 1]<UL><LI> startup_mk64f12.o(RESET)
</UL>
<P><STRONG><a name="[66]"></a>ENET_1588_Timer_IRQHandler</STRONG> (Thumb, 0 bytes, Stack size 0 bytes, startup_mk64f12.o(.text))
<BR>[Address Reference Count : 1]<UL><LI> startup_mk64f12.o(RESET)
</UL>
<P><STRONG><a name="[69]"></a>ENET_Error_IRQHandler</STRONG> (Thumb, 0 bytes, Stack size 0 bytes, startup_mk64f12.o(.text))
<BR>[Address Reference Count : 1]<UL><LI> startup_mk64f12.o(RESET)
</UL>
<P><STRONG><a name="[68]"></a>ENET_Receive_IRQHandler</STRONG> (Thumb, 0 bytes, Stack size 0 bytes, startup_mk64f12.o(.text))
<BR>[Address Reference Count : 1]<UL><LI> startup_mk64f12.o(RESET)
</UL>
<P><STRONG><a name="[67]"></a>ENET_Transmit_IRQHandler</STRONG> (Thumb, 0 bytes, Stack size 0 bytes, startup_mk64f12.o(.text))
<BR>[Address Reference Count : 1]<UL><LI> startup_mk64f12.o(RESET)
</UL>
<P><STRONG><a name="[26]"></a>FTFE_IRQHandler</STRONG> (Thumb, 0 bytes, Stack size 0 bytes, startup_mk64f12.o(.text))
<BR>[Address Reference Count : 1]<UL><LI> startup_mk64f12.o(RESET)
</UL>
<P><STRONG><a name="[3e]"></a>FTM0_IRQHandler</STRONG> (Thumb, 0 bytes, Stack size 0 bytes, startup_mk64f12.o(.text))
<BR>[Address Reference Count : 1]<UL><LI> startup_mk64f12.o(RESET)
</UL>
<P><STRONG><a name="[3f]"></a>FTM1_IRQHandler</STRONG> (Thumb, 0 bytes, Stack size 0 bytes, startup_mk64f12.o(.text))
<BR>[Address Reference Count : 1]<UL><LI> startup_mk64f12.o(RESET)
</UL>
<P><STRONG><a name="[40]"></a>FTM2_IRQHandler</STRONG> (Thumb, 0 bytes, Stack size 0 bytes, startup_mk64f12.o(.text))
<BR>[Address Reference Count : 1]<UL><LI> startup_mk64f12.o(RESET)
</UL>
<P><STRONG><a name="[5b]"></a>FTM3_IRQHandler</STRONG> (Thumb, 0 bytes, Stack size 0 bytes, startup_mk64f12.o(.text))
<BR>[Address Reference Count : 1]<UL><LI> startup_mk64f12.o(RESET)
</UL>
<P><STRONG><a name="[2d]"></a>I2C1_IRQHandler</STRONG> (Thumb, 0 bytes, Stack size 0 bytes, startup_mk64f12.o(.text))
<BR>[Address Reference Count : 1]<UL><LI> startup_mk64f12.o(RESET)
</UL>
<P><STRONG><a name="[5e]"></a>I2C2_IRQHandler</STRONG> (Thumb, 0 bytes, Stack size 0 bytes, startup_mk64f12.o(.text))
<BR>[Address Reference Count : 1]<UL><LI> startup_mk64f12.o(RESET)
</UL>
<P><STRONG><a name="[31]"></a>I2S0_Rx_IRQHandler</STRONG> (Thumb, 0 bytes, Stack size 0 bytes, startup_mk64f12.o(.text))
<BR>[Address Reference Count : 1]<UL><LI> startup_mk64f12.o(RESET)
</UL>
<P><STRONG><a name="[30]"></a>I2S0_Tx_IRQHandler</STRONG> (Thumb, 0 bytes, Stack size 0 bytes, startup_mk64f12.o(.text))
<BR>[Address Reference Count : 1]<UL><LI> startup_mk64f12.o(RESET)
</UL>
<P><STRONG><a name="[29]"></a>LLW_IRQHandler</STRONG> (Thumb, 0 bytes, Stack size 0 bytes, startup_mk64f12.o(.text))
<BR>[Address Reference Count : 1]<UL><LI> startup_mk64f12.o(RESET)
</UL>
<P><STRONG><a name="[4e]"></a>LPTimer_IRQHandler</STRONG> (Thumb, 0 bytes, Stack size 0 bytes, startup_mk64f12.o(.text))
<BR>[Address Reference Count : 1]<UL><LI> startup_mk64f12.o(RESET)
</UL>
<P><STRONG><a name="[28]"></a>LVD_LVW_IRQHandler</STRONG> (Thumb, 0 bytes, Stack size 0 bytes, startup_mk64f12.o(.text))
<BR>[Address Reference Count : 1]<UL><LI> startup_mk64f12.o(RESET)
</UL>
<P><STRONG><a name="[4d]"></a>MCG_IRQHandler</STRONG> (Thumb, 0 bytes, Stack size 0 bytes, startup_mk64f12.o(.text))
<BR>[Address Reference Count : 1]<UL><LI> startup_mk64f12.o(RESET)
</UL>
<P><STRONG><a name="[25]"></a>MCM_IRQHandler</STRONG> (Thumb, 0 bytes, Stack size 0 bytes, startup_mk64f12.o(.text))
<BR>[Address Reference Count : 1]<UL><LI> startup_mk64f12.o(RESET)
</UL>
<P><STRONG><a name="[48]"></a>PDB0_IRQHandler</STRONG> (Thumb, 0 bytes, Stack size 0 bytes, startup_mk64f12.o(.text))
<BR>[Address Reference Count : 1]<UL><LI> startup_mk64f12.o(RESET)
</UL>
<P><STRONG><a name="[45]"></a>PIT1_IRQHandler</STRONG> (Thumb, 0 bytes, Stack size 0 bytes, startup_mk64f12.o(.text))
<BR>[Address Reference Count : 1]<UL><LI> startup_mk64f12.o(RESET)
</UL>
<P><STRONG><a name="[46]"></a>PIT2_IRQHandler</STRONG> (Thumb, 0 bytes, Stack size 0 bytes, startup_mk64f12.o(.text))
<BR>[Address Reference Count : 1]<UL><LI> startup_mk64f12.o(RESET)
</UL>
<P><STRONG><a name="[47]"></a>PIT3_IRQHandler</STRONG> (Thumb, 0 bytes, Stack size 0 bytes, startup_mk64f12.o(.text))
<BR>[Address Reference Count : 1]<UL><LI> startup_mk64f12.o(RESET)
</UL>
<P><STRONG><a name="[4f]"></a>PORTA_IRQHandler</STRONG> (Thumb, 0 bytes, Stack size 0 bytes, startup_mk64f12.o(.text))
<BR>[Address Reference Count : 1]<UL><LI> startup_mk64f12.o(RESET)
</UL>
<P><STRONG><a name="[50]"></a>PORTB_IRQHandler</STRONG> (Thumb, 0 bytes, Stack size 0 bytes, startup_mk64f12.o(.text))
<BR>[Address Reference Count : 1]<UL><LI> startup_mk64f12.o(RESET)
</UL>
<P><STRONG><a name="[51]"></a>PORTC_IRQHandler</STRONG> (Thumb, 0 bytes, Stack size 0 bytes, startup_mk64f12.o(.text))
<BR>[Address Reference Count : 1]<UL><LI> startup_mk64f12.o(RESET)
</UL>
<P><STRONG><a name="[52]"></a>PORTD_IRQHandler</STRONG> (Thumb, 0 bytes, Stack size 0 bytes, startup_mk64f12.o(.text))
<BR>[Address Reference Count : 1]<UL><LI> startup_mk64f12.o(RESET)
</UL>
<P><STRONG><a name="[53]"></a>PORTE_IRQHandler</STRONG> (Thumb, 0 bytes, Stack size 0 bytes, startup_mk64f12.o(.text))
<BR>[Address Reference Count : 1]<UL><LI> startup_mk64f12.o(RESET)
</UL>
<P><STRONG><a name="[2b]"></a>RNG_IRQHandler</STRONG> (Thumb, 0 bytes, Stack size 0 bytes, startup_mk64f12.o(.text))
<BR>[Address Reference Count : 1]<UL><LI> startup_mk64f12.o(RESET)
</UL>
<P><STRONG><a name="[42]"></a>RTC_IRQHandler</STRONG> (Thumb, 0 bytes, Stack size 0 bytes, startup_mk64f12.o(.text))
<BR>[Address Reference Count : 1]<UL><LI> startup_mk64f12.o(RESET)
</UL>
<P><STRONG><a name="[43]"></a>RTC_Seconds_IRQHandler</STRONG> (Thumb, 0 bytes, Stack size 0 bytes, startup_mk64f12.o(.text))
<BR>[Address Reference Count : 1]<UL><LI> startup_mk64f12.o(RESET)
</UL>
<P><STRONG><a name="[27]"></a>Read_Collision_IRQHandler</STRONG> (Thumb, 0 bytes, Stack size 0 bytes, startup_mk64f12.o(.text))
<BR>[Address Reference Count : 1]<UL><LI> startup_mk64f12.o(RESET)
</UL>
<P><STRONG><a name="[4b]"></a>Reserved71_IRQHandler</STRONG> (Thumb, 0 bytes, Stack size 0 bytes, startup_mk64f12.o(.text))
<BR>[Address Reference Count : 1]<UL><LI> startup_mk64f12.o(RESET)
</UL>
<P><STRONG><a name="[65]"></a>SDHC_IRQHandler</STRONG> (Thumb, 0 bytes, Stack size 0 bytes, startup_mk64f12.o(.text))
<BR>[Address Reference Count : 1]<UL><LI> startup_mk64f12.o(RESET)
</UL>
<P><STRONG><a name="[2e]"></a>SPI0_IRQHandler</STRONG> (Thumb, 0 bytes, Stack size 0 bytes, startup_mk64f12.o(.text))
<BR>[Address Reference Count : 1]<UL><LI> startup_mk64f12.o(RESET)
</UL>
<P><STRONG><a name="[2f]"></a>SPI1_IRQHandler</STRONG> (Thumb, 0 bytes, Stack size 0 bytes, startup_mk64f12.o(.text))
<BR>[Address Reference Count : 1]<UL><LI> startup_mk64f12.o(RESET)
</UL>
<P><STRONG><a name="[55]"></a>SPI2_IRQHandler</STRONG> (Thumb, 0 bytes, Stack size 0 bytes, startup_mk64f12.o(.text))
<BR>[Address Reference Count : 1]<UL><LI> startup_mk64f12.o(RESET)
</UL>
<P><STRONG><a name="[54]"></a>SWI_IRQHandler</STRONG> (Thumb, 0 bytes, Stack size 0 bytes, startup_mk64f12.o(.text))
<BR>[Address Reference Count : 1]<UL><LI> startup_mk64f12.o(RESET)
</UL>
<P><STRONG><a name="[34]"></a>UART0_ERR_IRQHandler</STRONG> (Thumb, 0 bytes, Stack size 0 bytes, startup_mk64f12.o(.text))
<BR>[Address Reference Count : 1]<UL><LI> startup_mk64f12.o(RESET)
</UL>
<P><STRONG><a name="[32]"></a>UART0_LON_IRQHandler</STRONG> (Thumb, 0 bytes, Stack size 0 bytes, startup_mk64f12.o(.text))
<BR>[Address Reference Count : 1]<UL><LI> startup_mk64f12.o(RESET)
</UL>
<P><STRONG><a name="[33]"></a>UART0_RX_TX_IRQHandler</STRONG> (Thumb, 0 bytes, Stack size 0 bytes, startup_mk64f12.o(.text))
<BR>[Address Reference Count : 1]<UL><LI> startup_mk64f12.o(RESET)
</UL>
<P><STRONG><a name="[36]"></a>UART1_ERR_IRQHandler</STRONG> (Thumb, 0 bytes, Stack size 0 bytes, startup_mk64f12.o(.text))
<BR>[Address Reference Count : 1]<UL><LI> startup_mk64f12.o(RESET)
</UL>
<P><STRONG><a name="[35]"></a>UART1_RX_TX_IRQHandler</STRONG> (Thumb, 0 bytes, Stack size 0 bytes, startup_mk64f12.o(.text))
<BR>[Address Reference Count : 1]<UL><LI> startup_mk64f12.o(RESET)
</UL>
<P><STRONG><a name="[38]"></a>UART2_ERR_IRQHandler</STRONG> (Thumb, 0 bytes, Stack size 0 bytes, startup_mk64f12.o(.text))
<BR>[Address Reference Count : 1]<UL><LI> startup_mk64f12.o(RESET)
</UL>
<P><STRONG><a name="[37]"></a>UART2_RX_TX_IRQHandler</STRONG> (Thumb, 0 bytes, Stack size 0 bytes, startup_mk64f12.o(.text))
<BR>[Address Reference Count : 1]<UL><LI> startup_mk64f12.o(RESET)
</UL>
<P><STRONG><a name="[3a]"></a>UART3_ERR_IRQHandler</STRONG> (Thumb, 0 bytes, Stack size 0 bytes, startup_mk64f12.o(.text))
<BR>[Address Reference Count : 1]<UL><LI> startup_mk64f12.o(RESET)
</UL>
<P><STRONG><a name="[39]"></a>UART3_RX_TX_IRQHandler</STRONG> (Thumb, 0 bytes, Stack size 0 bytes, startup_mk64f12.o(.text))
<BR>[Address Reference Count : 1]<UL><LI> startup_mk64f12.o(RESET)
</UL>
<P><STRONG><a name="[57]"></a>UART4_ERR_IRQHandler</STRONG> (Thumb, 0 bytes, Stack size 0 bytes, startup_mk64f12.o(.text))
<BR>[Address Reference Count : 1]<UL><LI> startup_mk64f12.o(RESET)
</UL>
<P><STRONG><a name="[56]"></a>UART4_RX_TX_IRQHandler</STRONG> (Thumb, 0 bytes, Stack size 0 bytes, startup_mk64f12.o(.text))
<BR>[Address Reference Count : 1]<UL><LI> startup_mk64f12.o(RESET)
</UL>
<P><STRONG><a name="[59]"></a>UART5_ERR_IRQHandler</STRONG> (Thumb, 0 bytes, Stack size 0 bytes, startup_mk64f12.o(.text))
<BR>[Address Reference Count : 1]<UL><LI> startup_mk64f12.o(RESET)
</UL>
<P><STRONG><a name="[58]"></a>UART5_RX_TX_IRQHandler</STRONG> (Thumb, 0 bytes, Stack size 0 bytes, startup_mk64f12.o(.text))
<BR>[Address Reference Count : 1]<UL><LI> startup_mk64f12.o(RESET)
</UL>
<P><STRONG><a name="[49]"></a>USB0_IRQHandler</STRONG> (Thumb, 0 bytes, Stack size 0 bytes, startup_mk64f12.o(.text))
<BR>[Address Reference Count : 1]<UL><LI> startup_mk64f12.o(RESET)
</UL>
<P><STRONG><a name="[4a]"></a>USBDCD_IRQHandler</STRONG> (Thumb, 0 bytes, Stack size 0 bytes, startup_mk64f12.o(.text))
<BR>[Address Reference Count : 1]<UL><LI> startup_mk64f12.o(RESET)
</UL>
<P><STRONG><a name="[2a]"></a>Watchdog_IRQHandler</STRONG> (Thumb, 0 bytes, Stack size 0 bytes, startup_mk64f12.o(.text))
<BR>[Address Reference Count : 1]<UL><LI> startup_mk64f12.o(RESET)
</UL>
<P><STRONG><a name="[79]"></a>__user_initial_stackheap</STRONG> (Thumb, 0 bytes, Stack size unknown bytes, startup_mk64f12.o(.text))
<BR><BR>[Called By]<UL><LI><a href="#[87]">&gt;&gt;</a>&nbsp;&nbsp;&nbsp;__user_setup_stackheap
</UL>

<P><STRONG><a name="[91]"></a>malloc</STRONG> (Thumb, 94 bytes, Stack size 16 bytes, h1_alloc.o(.text))
<BR><BR>[Stack]<UL><LI>Max Depth = 48<LI>Call Chain = malloc &rArr; __Heap_Full &rArr; __Heap_ProvideMemory &rArr; free
</UL>
<BR>[Calls]<UL><LI><a href="#[93]">&gt;&gt;</a>&nbsp;&nbsp;&nbsp;__Heap_Full
<LI><a href="#[92]">&gt;&gt;</a>&nbsp;&nbsp;&nbsp;__rt_heap_descriptor
</UL>
<BR>[Called By]<UL><LI><a href="#[f0]">&gt;&gt;</a>&nbsp;&nbsp;&nbsp;process_create
<LI><a href="#[f8]">&gt;&gt;</a>&nbsp;&nbsp;&nbsp;process_stack_init
</UL>

<P><STRONG><a name="[94]"></a>free</STRONG> (Thumb, 78 bytes, Stack size 16 bytes, h1_free.o(.text))
<BR><BR>[Stack]<UL><LI>Max Depth = 16<LI>Call Chain = free
</UL>
<BR>[Calls]<UL><LI><a href="#[92]">&gt;&gt;</a>&nbsp;&nbsp;&nbsp;__rt_heap_descriptor
</UL>
<BR>[Called By]<UL><LI><a href="#[ff]">&gt;&gt;</a>&nbsp;&nbsp;&nbsp;process_free
<LI><a href="#[f9]">&gt;&gt;</a>&nbsp;&nbsp;&nbsp;process_stack_free
<LI><a href="#[9c]">&gt;&gt;</a>&nbsp;&nbsp;&nbsp;__Heap_ProvideMemory
</UL>

<P><STRONG><a name="[95]"></a>__2sprintf</STRONG> (Thumb, 34 bytes, Stack size 32 bytes, noretval__2sprintf.o(.text))
<BR><BR>[Stack]<UL><LI>Max Depth = 120 + Unknown Stack Size
<LI>Call Chain = __2sprintf &rArr; _printf_char_common &rArr; __printf
</UL>
<BR>[Calls]<UL><LI><a href="#[6e]">&gt;&gt;</a>&nbsp;&nbsp;&nbsp;_sputc
<LI><a href="#[96]">&gt;&gt;</a>&nbsp;&nbsp;&nbsp;_printf_char_common
</UL>
<BR>[Called By]<UL><LI><a href="#[72]">&gt;&gt;</a>&nbsp;&nbsp;&nbsp;p1
</UL>

<P><STRONG><a name="[97]"></a>__printf</STRONG> (Thumb, 104 bytes, Stack size 24 bytes, __printf.o(.text))
<BR><BR>[Stack]<UL><LI>Max Depth = 24 + Unknown Stack Size
<LI>Call Chain = __printf
</UL>
<BR>[Calls]<UL><LI><a href="#[98]">&gt;&gt;</a>&nbsp;&nbsp;&nbsp;_printf_percent
</UL>
<BR>[Called By]<UL><LI><a href="#[96]">&gt;&gt;</a>&nbsp;&nbsp;&nbsp;_printf_char_common
</UL>

<P><STRONG><a name="[99]"></a>__aeabi_assert</STRONG> (Thumb, 86 bytes, Stack size 16 bytes, assert.o(.text))
<BR><BR>[Stack]<UL><LI>Max Depth = 64 + Unknown Stack Size
<LI>Call Chain = __aeabi_assert &rArr; abort &rArr; __rt_SIGABRT &rArr; __rt_SIGABRT_inner &rArr; __default_signal_display &rArr; _ttywrch
</UL>
<BR>[Calls]<UL><LI><a href="#[9a]">&gt;&gt;</a>&nbsp;&nbsp;&nbsp;__assert_puts
<LI><a href="#[9b]">&gt;&gt;</a>&nbsp;&nbsp;&nbsp;abort
</UL>
<BR>[Called By]<UL><LI><a href="#[cc]">&gt;&gt;</a>&nbsp;&nbsp;&nbsp;I2C_MasterTransferNonBlocking
<LI><a href="#[bd]">&gt;&gt;</a>&nbsp;&nbsp;&nbsp;I2C_MasterTransferCreateHandle
<LI><a href="#[bf]">&gt;&gt;</a>&nbsp;&nbsp;&nbsp;I2C_MasterInit
<LI><a href="#[be]">&gt;&gt;</a>&nbsp;&nbsp;&nbsp;I2C_MasterGetDefaultConfig
<LI><a href="#[b9]">&gt;&gt;</a>&nbsp;&nbsp;&nbsp;GPIO_PinInit
<LI><a href="#[d1]">&gt;&gt;</a>&nbsp;&nbsp;&nbsp;PORT_SetPinConfig
<LI><a href="#[71]">&gt;&gt;</a>&nbsp;&nbsp;&nbsp;I2C_MasterTransferHandleIRQ
<LI><a href="#[bb]">&gt;&gt;</a>&nbsp;&nbsp;&nbsp;I2C_GetInstance
<LI><a href="#[c9]">&gt;&gt;</a>&nbsp;&nbsp;&nbsp;I2C_MasterTransferRunStateMachine
</UL>

<P><STRONG><a name="[141]"></a>__assert</STRONG> (Thumb, 0 bytes, Stack size 16 bytes, assert.o(.text), UNUSED)

<P><STRONG><a name="[c7]"></a>__aeabi_memclr4</STRONG> (Thumb, 0 bytes, Stack size 4 bytes, rt_memclr_w.o(.text))
<BR><BR>[Stack]<UL><LI>Max Depth = 4<LI>Call Chain = __aeabi_memclr4
</UL>
<BR>[Called By]<UL><LI><a href="#[d5]">&gt;&gt;</a>&nbsp;&nbsp;&nbsp;MODULE_ReadWhoAmI
<LI><a href="#[bd]">&gt;&gt;</a>&nbsp;&nbsp;&nbsp;I2C_MasterTransferCreateHandle
<LI><a href="#[d4]">&gt;&gt;</a>&nbsp;&nbsp;&nbsp;I2C_WriteReg
<LI><a href="#[cf]">&gt;&gt;</a>&nbsp;&nbsp;&nbsp;I2C_ReadRegs
</UL>

<P><STRONG><a name="[142]"></a>__aeabi_memclr8</STRONG> (Thumb, 0 bytes, Stack size 4 bytes, rt_memclr_w.o(.text), UNUSED)

<P><STRONG><a name="[143]"></a>__rt_memclr_w</STRONG> (Thumb, 78 bytes, Stack size 4 bytes, rt_memclr_w.o(.text), UNUSED)

<P><STRONG><a name="[144]"></a>_memset_w</STRONG> (Thumb, 0 bytes, Stack size unknown bytes, rt_memclr_w.o(.text), UNUSED)

<P><STRONG><a name="[145]"></a>__use_two_region_memory</STRONG> (Thumb, 2 bytes, Stack size 0 bytes, heapauxi.o(.text), UNUSED)

<P><STRONG><a name="[2]"></a>__rt_heap_escrow</STRONG> (Thumb, 2 bytes, Stack size 0 bytes, heapauxi.o(.text), UNUSED)

<P><STRONG><a name="[1]"></a>__rt_heap_expand</STRONG> (Thumb, 2 bytes, Stack size 0 bytes, heapauxi.o(.text), UNUSED)

<P><STRONG><a name="[92]"></a>__rt_heap_descriptor</STRONG> (Thumb, 8 bytes, Stack size 0 bytes, rt_heap_descriptor_intlibspace.o(.text))
<BR><BR>[Called By]<UL><LI><a href="#[94]">&gt;&gt;</a>&nbsp;&nbsp;&nbsp;free
<LI><a href="#[91]">&gt;&gt;</a>&nbsp;&nbsp;&nbsp;malloc
<LI><a href="#[81]">&gt;&gt;</a>&nbsp;&nbsp;&nbsp;_init_alloc
</UL>

<P><STRONG><a name="[146]"></a>__use_no_heap</STRONG> (Thumb, 2 bytes, Stack size 0 bytes, hguard.o(.text), UNUSED)

<P><STRONG><a name="[147]"></a>__heap$guard</STRONG> (Thumb, 2 bytes, Stack size 0 bytes, hguard.o(.text), UNUSED)

<P><STRONG><a name="[8]"></a>_terminate_user_alloc</STRONG> (Thumb, 2 bytes, Stack size 0 bytes, init_alloc.o(.text), UNUSED)

<P><STRONG><a name="[6]"></a>_init_user_alloc</STRONG> (Thumb, 2 bytes, Stack size 0 bytes, init_alloc.o(.text), UNUSED)

<P><STRONG><a name="[93]"></a>__Heap_Full</STRONG> (Thumb, 34 bytes, Stack size 16 bytes, init_alloc.o(.text))
<BR><BR>[Stack]<UL><LI>Max Depth = 32<LI>Call Chain = __Heap_Full &rArr; __Heap_ProvideMemory &rArr; free
</UL>
<BR>[Calls]<UL><LI><a href="#[9c]">&gt;&gt;</a>&nbsp;&nbsp;&nbsp;__Heap_ProvideMemory
</UL>
<BR>[Called By]<UL><LI><a href="#[91]">&gt;&gt;</a>&nbsp;&nbsp;&nbsp;malloc
</UL>

<P><STRONG><a name="[9d]"></a>__Heap_Broken</STRONG> (Thumb, 6 bytes, Stack size 0 bytes, init_alloc.o(.text), UNUSED)
<BR><BR>[Calls]<UL><LI><a href="#[9e]">&gt;&gt;</a>&nbsp;&nbsp;&nbsp;__rt_SIGRTMEM
</UL>

<P><STRONG><a name="[81]"></a>_init_alloc</STRONG> (Thumb, 94 bytes, Stack size 24 bytes, init_alloc.o(.text))
<BR><BR>[Stack]<UL><LI>Max Depth = 64<LI>Call Chain = _init_alloc &rArr; __rt_SIGRTMEM &rArr; __rt_SIGRTMEM_inner &rArr; __default_signal_display &rArr; _ttywrch
</UL>
<BR>[Calls]<UL><LI><a href="#[9e]">&gt;&gt;</a>&nbsp;&nbsp;&nbsp;__rt_SIGRTMEM
<LI><a href="#[9c]">&gt;&gt;</a>&nbsp;&nbsp;&nbsp;__Heap_ProvideMemory
<LI><a href="#[9f]">&gt;&gt;</a>&nbsp;&nbsp;&nbsp;__Heap_Initialize
<LI><a href="#[92]">&gt;&gt;</a>&nbsp;&nbsp;&nbsp;__rt_heap_descriptor
</UL>
<BR>[Called By]<UL><LI><a href="#[80]">&gt;&gt;</a>&nbsp;&nbsp;&nbsp;__rt_lib_init_heap_2
</UL>

<P><STRONG><a name="[9f]"></a>__Heap_Initialize</STRONG> (Thumb, 10 bytes, Stack size 0 bytes, h1_init.o(.text))
<BR><BR>[Called By]<UL><LI><a href="#[81]">&gt;&gt;</a>&nbsp;&nbsp;&nbsp;_init_alloc
</UL>

<P><STRONG><a name="[3]"></a>__Heap_DescSize</STRONG> (Thumb, 4 bytes, Stack size 0 bytes, h1_init.o(.text), UNUSED)

<P><STRONG><a name="[a0]"></a>__read_errno</STRONG> (Thumb, 10 bytes, Stack size 8 bytes, _rserrno.o(.text), UNUSED)
<BR><BR>[Calls]<UL><LI><a href="#[a1]">&gt;&gt;</a>&nbsp;&nbsp;&nbsp;__aeabi_errno_addr
</UL>

<P><STRONG><a name="[a2]"></a>__set_errno</STRONG> (Thumb, 12 bytes, Stack size 8 bytes, _rserrno.o(.text))
<BR><BR>[Stack]<UL><LI>Max Depth = 8<LI>Call Chain = __set_errno
</UL>
<BR>[Calls]<UL><LI><a href="#[a1]">&gt;&gt;</a>&nbsp;&nbsp;&nbsp;__aeabi_errno_addr
</UL>
<BR>[Called By]<UL><LI><a href="#[e9]">&gt;&gt;</a>&nbsp;&nbsp;&nbsp;acos
<LI><a href="#[ea]">&gt;&gt;</a>&nbsp;&nbsp;&nbsp;sqrt
<LI><a href="#[fe]">&gt;&gt;</a>&nbsp;&nbsp;&nbsp;sin
<LI><a href="#[ed]">&gt;&gt;</a>&nbsp;&nbsp;&nbsp;cos
</UL>

<P><STRONG><a name="[148]"></a>__lib_sel_fp_printf</STRONG> (Thumb, 2 bytes, Stack size 0 bytes, _printf_fp_dec.o(.text), UNUSED)

<P><STRONG><a name="[a9]"></a>_printf_fp_dec_real</STRONG> (Thumb, 620 bytes, Stack size 104 bytes, _printf_fp_dec.o(.text))
<BR><BR>[Stack]<UL><LI>Max Depth = 324<LI>Call Chain = _printf_fp_dec_real &rArr; _fp_digits &rArr; _btod_etento &rArr; _btod_emul &rArr; _e2e
</UL>
<BR>[Calls]<UL><LI><a href="#[aa]">&gt;&gt;</a>&nbsp;&nbsp;&nbsp;__ARM_fpclassify
<LI><a href="#[ab]">&gt;&gt;</a>&nbsp;&nbsp;&nbsp;_printf_fp_infnan
<LI><a href="#[83]">&gt;&gt;</a>&nbsp;&nbsp;&nbsp;__rt_locale
<LI><a href="#[a3]">&gt;&gt;</a>&nbsp;&nbsp;&nbsp;_fp_digits
</UL>
<BR>[Called By]<UL><LI><a href="#[7f]">&gt;&gt;</a>&nbsp;&nbsp;&nbsp;_printf_fp_dec
</UL>

<P><STRONG><a name="[96]"></a>_printf_char_common</STRONG> (Thumb, 32 bytes, Stack size 64 bytes, _printf_char_common.o(.text))
<BR><BR>[Stack]<UL><LI>Max Depth = 88 + Unknown Stack Size
<LI>Call Chain = _printf_char_common &rArr; __printf
</UL>
<BR>[Calls]<UL><LI><a href="#[97]">&gt;&gt;</a>&nbsp;&nbsp;&nbsp;__printf
</UL>
<BR>[Called By]<UL><LI><a href="#[95]">&gt;&gt;</a>&nbsp;&nbsp;&nbsp;__2sprintf
</UL>

<P><STRONG><a name="[6e]"></a>_sputc</STRONG> (Thumb, 10 bytes, Stack size 0 bytes, _sputc.o(.text))
<BR><BR>[Called By]<UL><LI><a href="#[95]">&gt;&gt;</a>&nbsp;&nbsp;&nbsp;__2sprintf
</UL>
<BR>[Address Reference Count : 1]<UL><LI> noretval__2sprintf.o(.text)
</UL>
<P><STRONG><a name="[9b]"></a>abort</STRONG> (Thumb, 22 bytes, Stack size 8 bytes, abort.o(.text))
<BR><BR>[Stack]<UL><LI>Max Depth = 48 + Unknown Stack Size
<LI>Call Chain = abort &rArr; __rt_SIGABRT &rArr; __rt_SIGABRT_inner &rArr; __default_signal_display &rArr; _ttywrch
</UL>
<BR>[Calls]<UL><LI><a href="#[8e]">&gt;&gt;</a>&nbsp;&nbsp;&nbsp;__rt_lib_shutdown
<LI><a href="#[ac]">&gt;&gt;</a>&nbsp;&nbsp;&nbsp;__rt_SIGABRT
<LI><a href="#[90]">&gt;&gt;</a>&nbsp;&nbsp;&nbsp;_sys_exit
</UL>
<BR>[Called By]<UL><LI><a href="#[99]">&gt;&gt;</a>&nbsp;&nbsp;&nbsp;__aeabi_assert
</UL>

<P><STRONG><a name="[9a]"></a>__assert_puts</STRONG> (Thumb, 20 bytes, Stack size 8 bytes, assert_puts.o(.text))
<BR><BR>[Stack]<UL><LI>Max Depth = 16<LI>Call Chain = __assert_puts &rArr; _ttywrch
</UL>
<BR>[Calls]<UL><LI><a href="#[ad]">&gt;&gt;</a>&nbsp;&nbsp;&nbsp;_ttywrch
</UL>
<BR>[Called By]<UL><LI><a href="#[99]">&gt;&gt;</a>&nbsp;&nbsp;&nbsp;__aeabi_assert
</UL>

<P><STRONG><a name="[ad]"></a>_ttywrch</STRONG> (Thumb, 14 bytes, Stack size 8 bytes, sys_wrch.o(.text))
<BR><BR>[Stack]<UL><LI>Max Depth = 8<LI>Call Chain = _ttywrch
</UL>
<BR>[Called By]<UL><LI><a href="#[b3]">&gt;&gt;</a>&nbsp;&nbsp;&nbsp;__default_signal_display
<LI><a href="#[9a]">&gt;&gt;</a>&nbsp;&nbsp;&nbsp;__assert_puts
</UL>

<P><STRONG><a name="[90]"></a>_sys_exit</STRONG> (Thumb, 8 bytes, Stack size 0 bytes, sys_exit.o(.text))
<BR><BR>[Called By]<UL><LI><a href="#[8f]">&gt;&gt;</a>&nbsp;&nbsp;&nbsp;__rt_exit_exit
<LI><a href="#[af]">&gt;&gt;</a>&nbsp;&nbsp;&nbsp;__sig_exit
<LI><a href="#[9b]">&gt;&gt;</a>&nbsp;&nbsp;&nbsp;abort
</UL>

<P><STRONG><a name="[149]"></a>__user_libspace</STRONG> (Thumb, 8 bytes, Stack size 0 bytes, libspace.o(.text), UNUSED)

<P><STRONG><a name="[b1]"></a>__user_perproc_libspace</STRONG> (Thumb, 0 bytes, Stack size 0 bytes, libspace.o(.text))
<BR><BR>[Called By]<UL><LI><a href="#[87]">&gt;&gt;</a>&nbsp;&nbsp;&nbsp;__user_setup_stackheap
</UL>

<P><STRONG><a name="[14a]"></a>__user_perthread_libspace</STRONG> (Thumb, 0 bytes, Stack size 0 bytes, libspace.o(.text), UNUSED)

<P><STRONG><a name="[83]"></a>__rt_locale</STRONG> (Thumb, 8 bytes, Stack size 0 bytes, rt_locale_intlibspace.o(.text))
<BR><BR>[Called By]<UL><LI><a href="#[82]">&gt;&gt;</a>&nbsp;&nbsp;&nbsp;__rt_lib_init_lc_common
<LI><a href="#[a9]">&gt;&gt;</a>&nbsp;&nbsp;&nbsp;_printf_fp_dec_real
</UL>

<P><STRONG><a name="[a1]"></a>__aeabi_errno_addr</STRONG> (Thumb, 8 bytes, Stack size 0 bytes, rt_errno_addr_intlibspace.o(.text))
<BR><BR>[Called By]<UL><LI><a href="#[a2]">&gt;&gt;</a>&nbsp;&nbsp;&nbsp;__set_errno
<LI><a href="#[a0]">&gt;&gt;</a>&nbsp;&nbsp;&nbsp;__read_errno
</UL>

<P><STRONG><a name="[14b]"></a>__errno$intlibspace</STRONG> (Thumb, 0 bytes, Stack size 0 bytes, rt_errno_addr_intlibspace.o(.text), UNUSED)

<P><STRONG><a name="[14c]"></a>__rt_errno_addr$intlibspace</STRONG> (Thumb, 0 bytes, Stack size 0 bytes, rt_errno_addr_intlibspace.o(.text), UNUSED)

<P><STRONG><a name="[9c]"></a>__Heap_ProvideMemory</STRONG> (Thumb, 52 bytes, Stack size 0 bytes, h1_extend.o(.text))
<BR><BR>[Stack]<UL><LI>Max Depth = 16<LI>Call Chain = __Heap_ProvideMemory &rArr; free
</UL>
<BR>[Calls]<UL><LI><a href="#[94]">&gt;&gt;</a>&nbsp;&nbsp;&nbsp;free
</UL>
<BR>[Called By]<UL><LI><a href="#[81]">&gt;&gt;</a>&nbsp;&nbsp;&nbsp;_init_alloc
<LI><a href="#[93]">&gt;&gt;</a>&nbsp;&nbsp;&nbsp;__Heap_Full
</UL>

<P><STRONG><a name="[a8]"></a>_ll_udiv10</STRONG> (Thumb, 138 bytes, Stack size 12 bytes, lludiv10.o(.text))
<BR><BR>[Stack]<UL><LI>Max Depth = 12<LI>Call Chain = _ll_udiv10
</UL>
<BR>[Called By]<UL><LI><a href="#[a3]">&gt;&gt;</a>&nbsp;&nbsp;&nbsp;_fp_digits
</UL>

<P><STRONG><a name="[ab]"></a>_printf_fp_infnan</STRONG> (Thumb, 112 bytes, Stack size 24 bytes, _printf_fp_infnan.o(.text))
<BR><BR>[Stack]<UL><LI>Max Depth = 24<LI>Call Chain = _printf_fp_infnan
</UL>
<BR>[Called By]<UL><LI><a href="#[a9]">&gt;&gt;</a>&nbsp;&nbsp;&nbsp;_printf_fp_dec_real
</UL>

<P><STRONG><a name="[a4]"></a>_btod_etento</STRONG> (Thumb, 224 bytes, Stack size 72 bytes, bigflt0.o(.text))
<BR><BR>[Stack]<UL><LI>Max Depth = 124<LI>Call Chain = _btod_etento &rArr; _btod_emul &rArr; _e2e
</UL>
<BR>[Calls]<UL><LI><a href="#[a7]">&gt;&gt;</a>&nbsp;&nbsp;&nbsp;_btod_emul
<LI><a href="#[a6]">&gt;&gt;</a>&nbsp;&nbsp;&nbsp;_btod_ediv
</UL>
<BR>[Called By]<UL><LI><a href="#[a3]">&gt;&gt;</a>&nbsp;&nbsp;&nbsp;_fp_digits
</UL>

<P><STRONG><a name="[ac]"></a>__rt_SIGABRT</STRONG> (Thumb, 14 bytes, Stack size 8 bytes, defsig_abrt_outer.o(.text))
<BR><BR>[Stack]<UL><LI>Max Depth = 40<LI>Call Chain = __rt_SIGABRT &rArr; __rt_SIGABRT_inner &rArr; __default_signal_display &rArr; _ttywrch
</UL>
<BR>[Calls]<UL><LI><a href="#[ae]">&gt;&gt;</a>&nbsp;&nbsp;&nbsp;__rt_SIGABRT_inner
<LI><a href="#[af]">&gt;&gt;</a>&nbsp;&nbsp;&nbsp;__sig_exit
</UL>
<BR>[Called By]<UL><LI><a href="#[9b]">&gt;&gt;</a>&nbsp;&nbsp;&nbsp;abort
</UL>

<P><STRONG><a name="[9e]"></a>__rt_SIGRTMEM</STRONG> (Thumb, 14 bytes, Stack size 8 bytes, defsig_rtmem_outer.o(.text))
<BR><BR>[Stack]<UL><LI>Max Depth = 40<LI>Call Chain = __rt_SIGRTMEM &rArr; __rt_SIGRTMEM_inner &rArr; __default_signal_display &rArr; _ttywrch
</UL>
<BR>[Calls]<UL><LI><a href="#[b0]">&gt;&gt;</a>&nbsp;&nbsp;&nbsp;__rt_SIGRTMEM_inner
<LI><a href="#[af]">&gt;&gt;</a>&nbsp;&nbsp;&nbsp;__sig_exit
</UL>
<BR>[Called By]<UL><LI><a href="#[81]">&gt;&gt;</a>&nbsp;&nbsp;&nbsp;_init_alloc
<LI><a href="#[9d]">&gt;&gt;</a>&nbsp;&nbsp;&nbsp;__Heap_Broken
</UL>

<P><STRONG><a name="[14d]"></a>__I$use$semihosting</STRONG> (Thumb, 0 bytes, Stack size 0 bytes, use_no_semi.o(.text), UNUSED)

<P><STRONG><a name="[14e]"></a>__use_no_semihosting_swi</STRONG> (Thumb, 2 bytes, Stack size 0 bytes, use_no_semi.o(.text), UNUSED)

<P><STRONG><a name="[14f]"></a>__semihosting_library_function</STRONG> (Thumb, 0 bytes, Stack size 8 bytes, indicate_semi.o(.text), UNUSED)

<P><STRONG><a name="[87]"></a>__user_setup_stackheap</STRONG> (Thumb, 74 bytes, Stack size 8 bytes, sys_stackheap_outer.o(.text))
<BR><BR>[Stack]<UL><LI>Max Depth = 8 + Unknown Stack Size
<LI>Call Chain = __user_setup_stackheap
</UL>
<BR>[Calls]<UL><LI><a href="#[79]">&gt;&gt;</a>&nbsp;&nbsp;&nbsp;__user_initial_stackheap
<LI><a href="#[b1]">&gt;&gt;</a>&nbsp;&nbsp;&nbsp;__user_perproc_libspace
</UL>
<BR>[Called By]<UL><LI><a href="#[86]">&gt;&gt;</a>&nbsp;&nbsp;&nbsp;__rt_entry_sh
</UL>

<P><STRONG><a name="[8c]"></a>exit</STRONG> (Thumb, 18 bytes, Stack size 8 bytes, exit.o(.text))
<BR><BR>[Stack]<UL><LI>Max Depth = 8 + Unknown Stack Size
<LI>Call Chain = exit
</UL>
<BR>[Calls]<UL><LI><a href="#[b2]">&gt;&gt;</a>&nbsp;&nbsp;&nbsp;__rt_exit
</UL>
<BR>[Called By]<UL><LI><a href="#[8a]">&gt;&gt;</a>&nbsp;&nbsp;&nbsp;__rt_entry_main
</UL>

<P><STRONG><a name="[af]"></a>__sig_exit</STRONG> (Thumb, 10 bytes, Stack size 0 bytes, defsig_exit.o(.text))
<BR><BR>[Calls]<UL><LI><a href="#[90]">&gt;&gt;</a>&nbsp;&nbsp;&nbsp;_sys_exit
</UL>
<BR>[Called By]<UL><LI><a href="#[9e]">&gt;&gt;</a>&nbsp;&nbsp;&nbsp;__rt_SIGRTMEM
<LI><a href="#[ac]">&gt;&gt;</a>&nbsp;&nbsp;&nbsp;__rt_SIGABRT
</UL>

<P><STRONG><a name="[ae]"></a>__rt_SIGABRT_inner</STRONG> (Thumb, 14 bytes, Stack size 8 bytes, defsig_abrt_inner.o(.text))
<BR><BR>[Stack]<UL><LI>Max Depth = 32<LI>Call Chain = __rt_SIGABRT_inner &rArr; __default_signal_display &rArr; _ttywrch
</UL>
<BR>[Calls]<UL><LI><a href="#[b3]">&gt;&gt;</a>&nbsp;&nbsp;&nbsp;__default_signal_display
</UL>
<BR>[Called By]<UL><LI><a href="#[ac]">&gt;&gt;</a>&nbsp;&nbsp;&nbsp;__rt_SIGABRT
</UL>

<P><STRONG><a name="[b0]"></a>__rt_SIGRTMEM_inner</STRONG> (Thumb, 22 bytes, Stack size 8 bytes, defsig_rtmem_inner.o(.text))
<BR><BR>[Stack]<UL><LI>Max Depth = 32<LI>Call Chain = __rt_SIGRTMEM_inner &rArr; __default_signal_display &rArr; _ttywrch
</UL>
<BR>[Calls]<UL><LI><a href="#[b3]">&gt;&gt;</a>&nbsp;&nbsp;&nbsp;__default_signal_display
</UL>
<BR>[Called By]<UL><LI><a href="#[9e]">&gt;&gt;</a>&nbsp;&nbsp;&nbsp;__rt_SIGRTMEM
</UL>

<P><STRONG><a name="[105]"></a>strcmp</STRONG> (Thumb, 128 bytes, Stack size 0 bytes, strcmpv7m.o(.text))
<BR><BR>[Called By]<UL><LI><a href="#[85]">&gt;&gt;</a>&nbsp;&nbsp;&nbsp;_get_lc_numeric
</UL>

<P><STRONG><a name="[b3]"></a>__default_signal_display</STRONG> (Thumb, 50 bytes, Stack size 16 bytes, defsig_general.o(.text))
<BR><BR>[Stack]<UL><LI>Max Depth = 24<LI>Call Chain = __default_signal_display &rArr; _ttywrch
</UL>
<BR>[Calls]<UL><LI><a href="#[ad]">&gt;&gt;</a>&nbsp;&nbsp;&nbsp;_ttywrch
</UL>
<BR>[Called By]<UL><LI><a href="#[b0]">&gt;&gt;</a>&nbsp;&nbsp;&nbsp;__rt_SIGRTMEM_inner
<LI><a href="#[ae]">&gt;&gt;</a>&nbsp;&nbsp;&nbsp;__rt_SIGABRT_inner
</UL>

<P><STRONG><a name="[a5]"></a>_btod_d2e</STRONG> (Thumb, 62 bytes, Stack size 0 bytes, btod.o(CL$$btod_d2e))
<BR><BR>[Calls]<UL><LI><a href="#[b4]">&gt;&gt;</a>&nbsp;&nbsp;&nbsp;_d2e_norm_op1
</UL>
<BR>[Called By]<UL><LI><a href="#[a3]">&gt;&gt;</a>&nbsp;&nbsp;&nbsp;_fp_digits
</UL>

<P><STRONG><a name="[b5]"></a>_d2e_denorm_low</STRONG> (Thumb, 70 bytes, Stack size 0 bytes, btod.o(CL$$btod_d2e_denorm_low))
<BR><BR>[Called By]<UL><LI><a href="#[b4]">&gt;&gt;</a>&nbsp;&nbsp;&nbsp;_d2e_norm_op1
</UL>

<P><STRONG><a name="[b4]"></a>_d2e_norm_op1</STRONG> (Thumb, 96 bytes, Stack size 0 bytes, btod.o(CL$$btod_d2e_norm_op1))
<BR><BR>[Calls]<UL><LI><a href="#[b5]">&gt;&gt;</a>&nbsp;&nbsp;&nbsp;_d2e_denorm_low
</UL>
<BR>[Called By]<UL><LI><a href="#[a5]">&gt;&gt;</a>&nbsp;&nbsp;&nbsp;_btod_d2e
</UL>

<P><STRONG><a name="[b6]"></a>__btod_div_common</STRONG> (Thumb, 696 bytes, Stack size 24 bytes, btod.o(CL$$btod_div_common))
<BR><BR>[Stack]<UL><LI>Max Depth = 24<LI>Call Chain = __btod_div_common
</UL>
<BR>[Called By]<UL><LI><a href="#[a6]">&gt;&gt;</a>&nbsp;&nbsp;&nbsp;_btod_ediv
</UL>

<P><STRONG><a name="[b7]"></a>_e2e</STRONG> (Thumb, 220 bytes, Stack size 24 bytes, btod.o(CL$$btod_e2e))
<BR><BR>[Stack]<UL><LI>Max Depth = 24<LI>Call Chain = _e2e
</UL>
<BR>[Called By]<UL><LI><a href="#[a7]">&gt;&gt;</a>&nbsp;&nbsp;&nbsp;_btod_emul
<LI><a href="#[a6]">&gt;&gt;</a>&nbsp;&nbsp;&nbsp;_btod_ediv
</UL>

<P><STRONG><a name="[a6]"></a>_btod_ediv</STRONG> (Thumb, 42 bytes, Stack size 28 bytes, btod.o(CL$$btod_ediv))
<BR><BR>[Stack]<UL><LI>Max Depth = 52<LI>Call Chain = _btod_ediv &rArr; _e2e
</UL>
<BR>[Calls]<UL><LI><a href="#[b7]">&gt;&gt;</a>&nbsp;&nbsp;&nbsp;_e2e
<LI><a href="#[b6]">&gt;&gt;</a>&nbsp;&nbsp;&nbsp;__btod_div_common
</UL>
<BR>[Called By]<UL><LI><a href="#[a4]">&gt;&gt;</a>&nbsp;&nbsp;&nbsp;_btod_etento
<LI><a href="#[a3]">&gt;&gt;</a>&nbsp;&nbsp;&nbsp;_fp_digits
</UL>

<P><STRONG><a name="[a7]"></a>_btod_emul</STRONG> (Thumb, 42 bytes, Stack size 28 bytes, btod.o(CL$$btod_emul))
<BR><BR>[Stack]<UL><LI>Max Depth = 52<LI>Call Chain = _btod_emul &rArr; _e2e
</UL>
<BR>[Calls]<UL><LI><a href="#[b8]">&gt;&gt;</a>&nbsp;&nbsp;&nbsp;__btod_mult_common
<LI><a href="#[b7]">&gt;&gt;</a>&nbsp;&nbsp;&nbsp;_e2e
</UL>
<BR>[Called By]<UL><LI><a href="#[a4]">&gt;&gt;</a>&nbsp;&nbsp;&nbsp;_btod_etento
<LI><a href="#[a3]">&gt;&gt;</a>&nbsp;&nbsp;&nbsp;_fp_digits
</UL>

<P><STRONG><a name="[b8]"></a>__btod_mult_common</STRONG> (Thumb, 580 bytes, Stack size 16 bytes, btod.o(CL$$btod_mult_common))
<BR><BR>[Stack]<UL><LI>Max Depth = 16<LI>Call Chain = __btod_mult_common
</UL>
<BR>[Called By]<UL><LI><a href="#[a7]">&gt;&gt;</a>&nbsp;&nbsp;&nbsp;_btod_emul
</UL>

<P><STRONG><a name="[b9]"></a>GPIO_PinInit</STRONG> (Thumb, 80 bytes, Stack size 24 bytes, fsl_gpio.o(i.GPIO_PinInit))
<BR><BR>[Stack]<UL><LI>Max Depth = 88 + Unknown Stack Size
<LI>Call Chain = GPIO_PinInit &rArr; __aeabi_assert &rArr; abort &rArr; __rt_SIGABRT &rArr; __rt_SIGABRT_inner &rArr; __default_signal_display &rArr; _ttywrch
</UL>
<BR>[Calls]<UL><LI><a href="#[99]">&gt;&gt;</a>&nbsp;&nbsp;&nbsp;__aeabi_assert
</UL>
<BR>[Called By]<UL><LI><a href="#[d0]">&gt;&gt;</a>&nbsp;&nbsp;&nbsp;I2C_ReleaseBus
</UL>

<P><STRONG><a name="[2c]"></a>I2C0_DriverIRQHandler</STRONG> (Thumb, 14 bytes, Stack size 8 bytes, fsl_i2c.o(i.I2C0_DriverIRQHandler))
<BR><BR>[Stack]<UL><LI>Max Depth = 32<LI>Call Chain = I2C0_DriverIRQHandler &rArr; I2C_TransferCommonIRQHandler
</UL>
<BR>[Calls]<UL><LI><a href="#[ba]">&gt;&gt;</a>&nbsp;&nbsp;&nbsp;I2C_TransferCommonIRQHandler
</UL>
<BR>[Address Reference Count : 1]<UL><LI> startup_mk64f12.o(RESET)
</UL>
<P><STRONG><a name="[cb]"></a>I2C_DisableInterrupts</STRONG> (Thumb, 30 bytes, Stack size 0 bytes, fsl_i2c.o(i.I2C_DisableInterrupts))
<BR><BR>[Called By]<UL><LI><a href="#[71]">&gt;&gt;</a>&nbsp;&nbsp;&nbsp;I2C_MasterTransferHandleIRQ
</UL>

<P><STRONG><a name="[cd]"></a>I2C_EnableInterrupts</STRONG> (Thumb, 34 bytes, Stack size 0 bytes, fsl_i2c.o(i.I2C_EnableInterrupts))
<BR><BR>[Called By]<UL><LI><a href="#[cc]">&gt;&gt;</a>&nbsp;&nbsp;&nbsp;I2C_MasterTransferNonBlocking
</UL>

<P><STRONG><a name="[bb]"></a>I2C_GetInstance</STRONG> (Thumb, 48 bytes, Stack size 16 bytes, fsl_i2c.o(i.I2C_GetInstance))
<BR><BR>[Stack]<UL><LI>Max Depth = 80 + Unknown Stack Size
<LI>Call Chain = I2C_GetInstance &rArr; __aeabi_assert &rArr; abort &rArr; __rt_SIGABRT &rArr; __rt_SIGABRT_inner &rArr; __default_signal_display &rArr; _ttywrch
</UL>
<BR>[Calls]<UL><LI><a href="#[99]">&gt;&gt;</a>&nbsp;&nbsp;&nbsp;__aeabi_assert
</UL>
<BR>[Called By]<UL><LI><a href="#[bd]">&gt;&gt;</a>&nbsp;&nbsp;&nbsp;I2C_MasterTransferCreateHandle
<LI><a href="#[bf]">&gt;&gt;</a>&nbsp;&nbsp;&nbsp;I2C_MasterInit
</UL>

<P><STRONG><a name="[bc]"></a>I2C_Init</STRONG> (Thumb, 86 bytes, Stack size 24 bytes, 3140_i2c.o(i.I2C_Init))
<BR><BR>[Stack]<UL><LI>Max Depth = 128 + Unknown Stack Size
<LI>Call Chain = I2C_Init &rArr; I2C_MasterTransferCreateHandle &rArr; I2C_GetInstance &rArr; __aeabi_assert &rArr; abort &rArr; __rt_SIGABRT &rArr; __rt_SIGABRT_inner &rArr; __default_signal_display &rArr; _ttywrch
</UL>
<BR>[Calls]<UL><LI><a href="#[bd]">&gt;&gt;</a>&nbsp;&nbsp;&nbsp;I2C_MasterTransferCreateHandle
<LI><a href="#[bf]">&gt;&gt;</a>&nbsp;&nbsp;&nbsp;I2C_MasterInit
<LI><a href="#[be]">&gt;&gt;</a>&nbsp;&nbsp;&nbsp;I2C_MasterGetDefaultConfig
</UL>
<BR>[Called By]<UL><LI><a href="#[8b]">&gt;&gt;</a>&nbsp;&nbsp;&nbsp;main
</UL>

<P><STRONG><a name="[be]"></a>I2C_MasterGetDefaultConfig</STRONG> (Thumb, 44 bytes, Stack size 8 bytes, fsl_i2c.o(i.I2C_MasterGetDefaultConfig))
<BR><BR>[Stack]<UL><LI>Max Depth = 72 + Unknown Stack Size
<LI>Call Chain = I2C_MasterGetDefaultConfig &rArr; __aeabi_assert &rArr; abort &rArr; __rt_SIGABRT &rArr; __rt_SIGABRT_inner &rArr; __default_signal_display &rArr; _ttywrch
</UL>
<BR>[Calls]<UL><LI><a href="#[99]">&gt;&gt;</a>&nbsp;&nbsp;&nbsp;__aeabi_assert
</UL>
<BR>[Called By]<UL><LI><a href="#[bc]">&gt;&gt;</a>&nbsp;&nbsp;&nbsp;I2C_Init
</UL>

<P><STRONG><a name="[c6]"></a>I2C_MasterGetStatusFlags</STRONG> (Thumb, 30 bytes, Stack size 0 bytes, fsl_i2c.o(i.I2C_MasterGetStatusFlags))
<BR><BR>[Called By]<UL><LI><a href="#[c3]">&gt;&gt;</a>&nbsp;&nbsp;&nbsp;I2C_MasterStart
<LI><a href="#[c2]">&gt;&gt;</a>&nbsp;&nbsp;&nbsp;I2C_MasterRepeatedStart
</UL>

<P><STRONG><a name="[bf]"></a>I2C_MasterInit</STRONG> (Thumb, 154 bytes, Stack size 24 bytes, fsl_i2c.o(i.I2C_MasterInit))
<BR><BR>[Stack]<UL><LI>Max Depth = 104 + Unknown Stack Size
<LI>Call Chain = I2C_MasterInit &rArr; I2C_GetInstance &rArr; __aeabi_assert &rArr; abort &rArr; __rt_SIGABRT &rArr; __rt_SIGABRT_inner &rArr; __default_signal_display &rArr; _ttywrch
</UL>
<BR>[Calls]<UL><LI><a href="#[99]">&gt;&gt;</a>&nbsp;&nbsp;&nbsp;__aeabi_assert
<LI><a href="#[c5]">&gt;&gt;</a>&nbsp;&nbsp;&nbsp;I2C_MasterSetBaudRate
<LI><a href="#[bb]">&gt;&gt;</a>&nbsp;&nbsp;&nbsp;I2C_GetInstance
<LI><a href="#[c1]">&gt;&gt;</a>&nbsp;&nbsp;&nbsp;I2C_MasterClearStatusFlags
<LI><a href="#[c4]">&gt;&gt;</a>&nbsp;&nbsp;&nbsp;CLOCK_EnableClock
</UL>
<BR>[Called By]<UL><LI><a href="#[bc]">&gt;&gt;</a>&nbsp;&nbsp;&nbsp;I2C_Init
</UL>

<P><STRONG><a name="[c2]"></a>I2C_MasterRepeatedStart</STRONG> (Thumb, 102 bytes, Stack size 28 bytes, fsl_i2c.o(i.I2C_MasterRepeatedStart))
<BR><BR>[Stack]<UL><LI>Max Depth = 28<LI>Call Chain = I2C_MasterRepeatedStart
</UL>
<BR>[Calls]<UL><LI><a href="#[c6]">&gt;&gt;</a>&nbsp;&nbsp;&nbsp;I2C_MasterGetStatusFlags
</UL>
<BR>[Called By]<UL><LI><a href="#[c9]">&gt;&gt;</a>&nbsp;&nbsp;&nbsp;I2C_MasterTransferRunStateMachine
<LI><a href="#[c0]">&gt;&gt;</a>&nbsp;&nbsp;&nbsp;I2C_InitTransferStateMachine
</UL>

<P><STRONG><a name="[c5]"></a>I2C_MasterSetBaudRate</STRONG> (Thumb, 138 bytes, Stack size 36 bytes, fsl_i2c.o(i.I2C_MasterSetBaudRate))
<BR><BR>[Stack]<UL><LI>Max Depth = 36<LI>Call Chain = I2C_MasterSetBaudRate
</UL>
<BR>[Called By]<UL><LI><a href="#[bf]">&gt;&gt;</a>&nbsp;&nbsp;&nbsp;I2C_MasterInit
</UL>

<P><STRONG><a name="[c3]"></a>I2C_MasterStart</STRONG> (Thumb, 58 bytes, Stack size 20 bytes, fsl_i2c.o(i.I2C_MasterStart))
<BR><BR>[Stack]<UL><LI>Max Depth = 20<LI>Call Chain = I2C_MasterStart
</UL>
<BR>[Calls]<UL><LI><a href="#[c6]">&gt;&gt;</a>&nbsp;&nbsp;&nbsp;I2C_MasterGetStatusFlags
</UL>
<BR>[Called By]<UL><LI><a href="#[c0]">&gt;&gt;</a>&nbsp;&nbsp;&nbsp;I2C_InitTransferStateMachine
</UL>

<P><STRONG><a name="[ca]"></a>I2C_MasterStop</STRONG> (Thumb, 26 bytes, Stack size 0 bytes, fsl_i2c.o(i.I2C_MasterStop))
<BR><BR>[Called By]<UL><LI><a href="#[71]">&gt;&gt;</a>&nbsp;&nbsp;&nbsp;I2C_MasterTransferHandleIRQ
<LI><a href="#[c9]">&gt;&gt;</a>&nbsp;&nbsp;&nbsp;I2C_MasterTransferRunStateMachine
</UL>

<P><STRONG><a name="[bd]"></a>I2C_MasterTransferCreateHandle</STRONG> (Thumb, 72 bytes, Stack size 24 bytes, fsl_i2c.o(i.I2C_MasterTransferCreateHandle))
<BR><BR>[Stack]<UL><LI>Max Depth = 104 + Unknown Stack Size
<LI>Call Chain = I2C_MasterTransferCreateHandle &rArr; I2C_GetInstance &rArr; __aeabi_assert &rArr; abort &rArr; __rt_SIGABRT &rArr; __rt_SIGABRT_inner &rArr; __default_signal_display &rArr; _ttywrch
</UL>
<BR>[Calls]<UL><LI><a href="#[c7]">&gt;&gt;</a>&nbsp;&nbsp;&nbsp;__aeabi_memclr4
<LI><a href="#[99]">&gt;&gt;</a>&nbsp;&nbsp;&nbsp;__aeabi_assert
<LI><a href="#[bb]">&gt;&gt;</a>&nbsp;&nbsp;&nbsp;I2C_GetInstance
<LI><a href="#[c8]">&gt;&gt;</a>&nbsp;&nbsp;&nbsp;EnableIRQ
</UL>
<BR>[Called By]<UL><LI><a href="#[bc]">&gt;&gt;</a>&nbsp;&nbsp;&nbsp;I2C_Init
</UL>

<P><STRONG><a name="[71]"></a>I2C_MasterTransferHandleIRQ</STRONG> (Thumb, 124 bytes, Stack size 24 bytes, fsl_i2c.o(i.I2C_MasterTransferHandleIRQ))
<BR><BR>[Stack]<UL><LI>Max Depth = 128 + Unknown Stack Size
<LI>Call Chain = I2C_MasterTransferHandleIRQ &rArr; I2C_MasterTransferRunStateMachine &rArr; __aeabi_assert &rArr; abort &rArr; __rt_SIGABRT &rArr; __rt_SIGABRT_inner &rArr; __default_signal_display &rArr; _ttywrch
</UL>
<BR>[Calls]<UL><LI><a href="#[99]">&gt;&gt;</a>&nbsp;&nbsp;&nbsp;__aeabi_assert
<LI><a href="#[ca]">&gt;&gt;</a>&nbsp;&nbsp;&nbsp;I2C_MasterStop
<LI><a href="#[cb]">&gt;&gt;</a>&nbsp;&nbsp;&nbsp;I2C_DisableInterrupts
<LI><a href="#[c9]">&gt;&gt;</a>&nbsp;&nbsp;&nbsp;I2C_MasterTransferRunStateMachine
</UL>
<BR>[Called By]<UL><LI><a href="#[c0]">&gt;&gt;</a>&nbsp;&nbsp;&nbsp;I2C_InitTransferStateMachine
</UL>
<BR>[Address Reference Count : 1]<UL><LI> fsl_i2c.o(i.I2C_MasterTransferCreateHandle)
</UL>
<P><STRONG><a name="[cc]"></a>I2C_MasterTransferNonBlocking</STRONG> (Thumb, 82 bytes, Stack size 24 bytes, fsl_i2c.o(i.I2C_MasterTransferNonBlocking))
<BR><BR>[Stack]<UL><LI>Max Depth = 176 + Unknown Stack Size
<LI>Call Chain = I2C_MasterTransferNonBlocking &rArr; I2C_InitTransferStateMachine &rArr; I2C_MasterTransferHandleIRQ &rArr; I2C_MasterTransferRunStateMachine &rArr; __aeabi_assert &rArr; abort &rArr; __rt_SIGABRT &rArr; __rt_SIGABRT_inner &rArr; __default_signal_display &rArr; _ttywrch
</UL>
<BR>[Calls]<UL><LI><a href="#[99]">&gt;&gt;</a>&nbsp;&nbsp;&nbsp;__aeabi_assert
<LI><a href="#[cd]">&gt;&gt;</a>&nbsp;&nbsp;&nbsp;I2C_EnableInterrupts
<LI><a href="#[c0]">&gt;&gt;</a>&nbsp;&nbsp;&nbsp;I2C_InitTransferStateMachine
</UL>
<BR>[Called By]<UL><LI><a href="#[d5]">&gt;&gt;</a>&nbsp;&nbsp;&nbsp;MODULE_ReadWhoAmI
<LI><a href="#[d4]">&gt;&gt;</a>&nbsp;&nbsp;&nbsp;I2C_WriteReg
<LI><a href="#[cf]">&gt;&gt;</a>&nbsp;&nbsp;&nbsp;I2C_ReadRegs
</UL>

<P><STRONG><a name="[cf]"></a>I2C_ReadRegs</STRONG> (Thumb, 102 bytes, Stack size 48 bytes, 3140_i2c.o(i.I2C_ReadRegs))
<BR><BR>[Stack]<UL><LI>Max Depth = 224 + Unknown Stack Size
<LI>Call Chain = I2C_ReadRegs &rArr; I2C_MasterTransferNonBlocking &rArr; I2C_InitTransferStateMachine &rArr; I2C_MasterTransferHandleIRQ &rArr; I2C_MasterTransferRunStateMachine &rArr; __aeabi_assert &rArr; abort &rArr; __rt_SIGABRT &rArr; __rt_SIGABRT_inner &rArr; __default_signal_display &rArr; _ttywrch
</UL>
<BR>[Calls]<UL><LI><a href="#[cc]">&gt;&gt;</a>&nbsp;&nbsp;&nbsp;I2C_MasterTransferNonBlocking
<LI><a href="#[c7]">&gt;&gt;</a>&nbsp;&nbsp;&nbsp;__aeabi_memclr4
</UL>
<BR>[Called By]<UL><LI><a href="#[d7]">&gt;&gt;</a>&nbsp;&nbsp;&nbsp;MODULE_getModuleDat
</UL>

<P><STRONG><a name="[d0]"></a>I2C_ReleaseBus</STRONG> (Thumb, 234 bytes, Stack size 16 bytes, 3140_i2c.o(i.I2C_ReleaseBus))
<BR><BR>[Stack]<UL><LI>Max Depth = 104 + Unknown Stack Size
<LI>Call Chain = I2C_ReleaseBus &rArr; GPIO_PinInit &rArr; __aeabi_assert &rArr; abort &rArr; __rt_SIGABRT &rArr; __rt_SIGABRT_inner &rArr; __default_signal_display &rArr; _ttywrch
</UL>
<BR>[Calls]<UL><LI><a href="#[b9]">&gt;&gt;</a>&nbsp;&nbsp;&nbsp;GPIO_PinInit
<LI><a href="#[d3]">&gt;&gt;</a>&nbsp;&nbsp;&nbsp;i2c_release_bus_delay
<LI><a href="#[d1]">&gt;&gt;</a>&nbsp;&nbsp;&nbsp;PORT_SetPinConfig
<LI><a href="#[d2]">&gt;&gt;</a>&nbsp;&nbsp;&nbsp;GPIO_PinWrite
</UL>
<BR>[Called By]<UL><LI><a href="#[8b]">&gt;&gt;</a>&nbsp;&nbsp;&nbsp;main
</UL>

<P><STRONG><a name="[d4]"></a>I2C_WriteReg</STRONG> (Thumb, 112 bytes, Stack size 48 bytes, 3140_i2c.o(i.I2C_WriteReg))
<BR><BR>[Stack]<UL><LI>Max Depth = 224 + Unknown Stack Size
<LI>Call Chain = I2C_WriteReg &rArr; I2C_MasterTransferNonBlocking &rArr; I2C_InitTransferStateMachine &rArr; I2C_MasterTransferHandleIRQ &rArr; I2C_MasterTransferRunStateMachine &rArr; __aeabi_assert &rArr; abort &rArr; __rt_SIGABRT &rArr; __rt_SIGABRT_inner &rArr; __default_signal_display &rArr; _ttywrch
</UL>
<BR>[Calls]<UL><LI><a href="#[cc]">&gt;&gt;</a>&nbsp;&nbsp;&nbsp;I2C_MasterTransferNonBlocking
<LI><a href="#[c7]">&gt;&gt;</a>&nbsp;&nbsp;&nbsp;__aeabi_memclr4
</UL>
<BR>[Called By]<UL><LI><a href="#[d6]">&gt;&gt;</a>&nbsp;&nbsp;&nbsp;MODULE_getDefaultConfig
</UL>

<P><STRONG><a name="[f7]"></a>LEDBlue_Toggle</STRONG> (Thumb, 10 bytes, Stack size 0 bytes, utils.o(i.LEDBlue_Toggle))
<BR><BR>[Called By]<UL><LI><a href="#[73]">&gt;&gt;</a>&nbsp;&nbsp;&nbsp;p2
</UL>

<P><STRONG><a name="[ee]"></a>LED_Initialize</STRONG> (Thumb, 50 bytes, Stack size 0 bytes, utils.o(i.LED_Initialize))
<BR><BR>[Called By]<UL><LI><a href="#[8b]">&gt;&gt;</a>&nbsp;&nbsp;&nbsp;main
</UL>

<P><STRONG><a name="[d5]"></a>MODULE_ReadWhoAmI</STRONG> (Thumb, 196 bytes, Stack size 40 bytes, 3140_module.o(i.MODULE_ReadWhoAmI))
<BR><BR>[Stack]<UL><LI>Max Depth = 216 + Unknown Stack Size
<LI>Call Chain = MODULE_ReadWhoAmI &rArr; I2C_MasterTransferNonBlocking &rArr; I2C_InitTransferStateMachine &rArr; I2C_MasterTransferHandleIRQ &rArr; I2C_MasterTransferRunStateMachine &rArr; __aeabi_assert &rArr; abort &rArr; __rt_SIGABRT &rArr; __rt_SIGABRT_inner &rArr; __default_signal_display &rArr; _ttywrch
</UL>
<BR>[Calls]<UL><LI><a href="#[cc]">&gt;&gt;</a>&nbsp;&nbsp;&nbsp;I2C_MasterTransferNonBlocking
<LI><a href="#[c7]">&gt;&gt;</a>&nbsp;&nbsp;&nbsp;__aeabi_memclr4
</UL>
<BR>[Called By]<UL><LI><a href="#[8b]">&gt;&gt;</a>&nbsp;&nbsp;&nbsp;main
<LI><a href="#[d6]">&gt;&gt;</a>&nbsp;&nbsp;&nbsp;MODULE_getDefaultConfig
</UL>

<P><STRONG><a name="[d6]"></a>MODULE_getDefaultConfig</STRONG> (Thumb, 120 bytes, Stack size 8 bytes, 3140_module.o(i.MODULE_getDefaultConfig))
<BR><BR>[Stack]<UL><LI>Max Depth = 232 + Unknown Stack Size
[...]
<LI><a href="#[108]">&gt;&gt;</a>&nbsp;&nbsp;&nbsp;__fpl_dnaninf
</UL>

<P><STRONG><a name="[da]"></a>__aeabi_dadd</STRONG> (Thumb, 0 bytes, Stack size 16 bytes, daddsub_clz.o(x$fpl$dadd))
<BR><BR>[Stack]<UL><LI>Max Depth = 16<LI>Call Chain = __aeabi_dadd
</UL>
<BR>[Called By]<UL><LI><a href="#[f3]">&gt;&gt;</a>&nbsp;&nbsp;&nbsp;process_data
<LI><a href="#[e9]">&gt;&gt;</a>&nbsp;&nbsp;&nbsp;acos
<LI><a href="#[e3]">&gt;&gt;</a>&nbsp;&nbsp;&nbsp;__kernel_sin
<LI><a href="#[d8]">&gt;&gt;</a>&nbsp;&nbsp;&nbsp;__ieee754_rem_pio2
<LI><a href="#[e2]">&gt;&gt;</a>&nbsp;&nbsp;&nbsp;__kernel_poly
<LI><a href="#[e6]">&gt;&gt;</a>&nbsp;&nbsp;&nbsp;__mathlib_dbl_infnan2
<LI><a href="#[eb]">&gt;&gt;</a>&nbsp;&nbsp;&nbsp;atan
</UL>

<P><STRONG><a name="[109]"></a>_dadd</STRONG> (Thumb, 332 bytes, Stack size 16 bytes, daddsub_clz.o(x$fpl$dadd), UNUSED)
<BR><BR>[Calls]<UL><LI><a href="#[10a]">&gt;&gt;</a>&nbsp;&nbsp;&nbsp;_dsub1
<LI><a href="#[10b]">&gt;&gt;</a>&nbsp;&nbsp;&nbsp;__fpl_dretinf
<LI><a href="#[108]">&gt;&gt;</a>&nbsp;&nbsp;&nbsp;__fpl_dnaninf
</UL>

<P><STRONG><a name="[10c]"></a>__fpl_dcheck_NaN1</STRONG> (Thumb, 10 bytes, Stack size 0 bytes, dcheck1.o(x$fpl$dcheck1))
<BR><BR>[Calls]<UL><LI><a href="#[10d]">&gt;&gt;</a>&nbsp;&nbsp;&nbsp;__fpl_return_NaN
</UL>
<BR>[Called By]<UL><LI><a href="#[e0]">&gt;&gt;</a>&nbsp;&nbsp;&nbsp;__ARM_scalbn
</UL>

<P><STRONG><a name="[e8]"></a>__aeabi_ddiv</STRONG> (Thumb, 0 bytes, Stack size 32 bytes, ddiv.o(x$fpl$ddiv))
<BR><BR>[Stack]<UL><LI>Max Depth = 32<LI>Call Chain = __aeabi_ddiv
</UL>
<BR>[Called By]<UL><LI><a href="#[f3]">&gt;&gt;</a>&nbsp;&nbsp;&nbsp;process_data
<LI><a href="#[ec]">&gt;&gt;</a>&nbsp;&nbsp;&nbsp;atan2
<LI><a href="#[e9]">&gt;&gt;</a>&nbsp;&nbsp;&nbsp;acos
<LI><a href="#[e7]">&gt;&gt;</a>&nbsp;&nbsp;&nbsp;__mathlib_dbl_invalid
<LI><a href="#[eb]">&gt;&gt;</a>&nbsp;&nbsp;&nbsp;atan
</UL>

<P><STRONG><a name="[10e]"></a>_ddiv</STRONG> (Thumb, 552 bytes, Stack size 32 bytes, ddiv.o(x$fpl$ddiv), UNUSED)
<BR><BR>[Calls]<UL><LI><a href="#[10b]">&gt;&gt;</a>&nbsp;&nbsp;&nbsp;__fpl_dretinf
<LI><a href="#[108]">&gt;&gt;</a>&nbsp;&nbsp;&nbsp;__fpl_dnaninf
</UL>

<P><STRONG><a name="[dc]"></a>__aeabi_d2iz</STRONG> (Thumb, 0 bytes, Stack size 32 bytes, dfix.o(x$fpl$dfix))
<BR><BR>[Stack]<UL><LI>Max Depth = 32<LI>Call Chain = __aeabi_d2iz
</UL>
<BR>[Called By]<UL><LI><a href="#[d8]">&gt;&gt;</a>&nbsp;&nbsp;&nbsp;__ieee754_rem_pio2
<LI><a href="#[e1]">&gt;&gt;</a>&nbsp;&nbsp;&nbsp;__kernel_cos
</UL>

<P><STRONG><a name="[10f]"></a>_dfix</STRONG> (Thumb, 94 bytes, Stack size 32 bytes, dfix.o(x$fpl$dfix), UNUSED)
<BR><BR>[Calls]<UL><LI><a href="#[108]">&gt;&gt;</a>&nbsp;&nbsp;&nbsp;__fpl_dnaninf
</UL>

<P><STRONG><a name="[dd]"></a>__aeabi_i2d</STRONG> (Thumb, 0 bytes, Stack size 0 bytes, dflt_clz.o(x$fpl$dflt))
<BR><BR>[Called By]<UL><LI><a href="#[d8]">&gt;&gt;</a>&nbsp;&nbsp;&nbsp;__ieee754_rem_pio2
</UL>

<P><STRONG><a name="[151]"></a>_dflt</STRONG> (Thumb, 46 bytes, Stack size 0 bytes, dflt_clz.o(x$fpl$dflt), UNUSED)

<P><STRONG><a name="[df]"></a>__aeabi_ui2d</STRONG> (Thumb, 0 bytes, Stack size 0 bytes, dflt_clz.o(x$fpl$dfltu))
<BR><BR>[Called By]<UL><LI><a href="#[d8]">&gt;&gt;</a>&nbsp;&nbsp;&nbsp;__ieee754_rem_pio2
</UL>

<P><STRONG><a name="[152]"></a>_dfltu</STRONG> (Thumb, 38 bytes, Stack size 0 bytes, dflt_clz.o(x$fpl$dfltu), UNUSED)

<P><STRONG><a name="[db]"></a>__aeabi_dmul</STRONG> (Thumb, 0 bytes, Stack size 32 bytes, dmul.o(x$fpl$dmul))
<BR><BR>[Stack]<UL><LI>Max Depth = 32<LI>Call Chain = __aeabi_dmul
</UL>
<BR>[Called By]<UL><LI><a href="#[f3]">&gt;&gt;</a>&nbsp;&nbsp;&nbsp;process_data
<LI><a href="#[e9]">&gt;&gt;</a>&nbsp;&nbsp;&nbsp;acos
<LI><a href="#[e3]">&gt;&gt;</a>&nbsp;&nbsp;&nbsp;__kernel_sin
<LI><a href="#[d8]">&gt;&gt;</a>&nbsp;&nbsp;&nbsp;__ieee754_rem_pio2
<LI><a href="#[e2]">&gt;&gt;</a>&nbsp;&nbsp;&nbsp;__kernel_poly
<LI><a href="#[e1]">&gt;&gt;</a>&nbsp;&nbsp;&nbsp;__kernel_cos
<LI><a href="#[eb]">&gt;&gt;</a>&nbsp;&nbsp;&nbsp;atan
</UL>

<P><STRONG><a name="[110]"></a>_dmul</STRONG> (Thumb, 332 bytes, Stack size 32 bytes, dmul.o(x$fpl$dmul), UNUSED)
<BR><BR>[Calls]<UL><LI><a href="#[10b]">&gt;&gt;</a>&nbsp;&nbsp;&nbsp;__fpl_dretinf
<LI><a href="#[108]">&gt;&gt;</a>&nbsp;&nbsp;&nbsp;__fpl_dnaninf
</UL>

<P><STRONG><a name="[108]"></a>__fpl_dnaninf</STRONG> (Thumb, 156 bytes, Stack size 16 bytes, dnaninf.o(x$fpl$dnaninf))
<BR><BR>[Stack]<UL><LI>Max Depth = 16<LI>Call Chain = __fpl_dnaninf
</UL>
<BR>[Called By]<UL><LI><a href="#[110]">&gt;&gt;</a>&nbsp;&nbsp;&nbsp;_dmul
<LI><a href="#[10e]">&gt;&gt;</a>&nbsp;&nbsp;&nbsp;_ddiv
<LI><a href="#[113]">&gt;&gt;</a>&nbsp;&nbsp;&nbsp;_dsub
<LI><a href="#[109]">&gt;&gt;</a>&nbsp;&nbsp;&nbsp;_dadd
<LI><a href="#[106]">&gt;&gt;</a>&nbsp;&nbsp;&nbsp;_d2f
<LI><a href="#[10f]">&gt;&gt;</a>&nbsp;&nbsp;&nbsp;_dfix
<LI><a href="#[103]">&gt;&gt;</a>&nbsp;&nbsp;&nbsp;_dsqrt
</UL>

<P><STRONG><a name="[10b]"></a>__fpl_dretinf</STRONG> (Thumb, 12 bytes, Stack size 0 bytes, dretinf.o(x$fpl$dretinf), UNUSED)
<BR><BR>[Called By]<UL><LI><a href="#[114]">&gt;&gt;</a>&nbsp;&nbsp;&nbsp;_f2d
<LI><a href="#[110]">&gt;&gt;</a>&nbsp;&nbsp;&nbsp;_dmul
<LI><a href="#[10e]">&gt;&gt;</a>&nbsp;&nbsp;&nbsp;_ddiv
<LI><a href="#[109]">&gt;&gt;</a>&nbsp;&nbsp;&nbsp;_dadd
</UL>

<P><STRONG><a name="[de]"></a>__aeabi_drsub</STRONG> (Thumb, 0 bytes, Stack size 8 bytes, daddsub_clz.o(x$fpl$drsb))
<BR><BR>[Stack]<UL><LI>Max Depth = 8<LI>Call Chain = __aeabi_drsub
</UL>
<BR>[Called By]<UL><LI><a href="#[ec]">&gt;&gt;</a>&nbsp;&nbsp;&nbsp;atan2
<LI><a href="#[e9]">&gt;&gt;</a>&nbsp;&nbsp;&nbsp;acos
<LI><a href="#[e3]">&gt;&gt;</a>&nbsp;&nbsp;&nbsp;__kernel_sin
<LI><a href="#[d8]">&gt;&gt;</a>&nbsp;&nbsp;&nbsp;__ieee754_rem_pio2
<LI><a href="#[e1]">&gt;&gt;</a>&nbsp;&nbsp;&nbsp;__kernel_cos
<LI><a href="#[eb]">&gt;&gt;</a>&nbsp;&nbsp;&nbsp;atan
</UL>

<P><STRONG><a name="[111]"></a>_drsb</STRONG> (Thumb, 22 bytes, Stack size 8 bytes, daddsub_clz.o(x$fpl$drsb), UNUSED)
<BR><BR>[Calls]<UL><LI><a href="#[10a]">&gt;&gt;</a>&nbsp;&nbsp;&nbsp;_dsub1
<LI><a href="#[112]">&gt;&gt;</a>&nbsp;&nbsp;&nbsp;_dadd1
</UL>

<P><STRONG><a name="[103]"></a>_dsqrt</STRONG> (Thumb, 404 bytes, Stack size 24 bytes, dsqrt_umaal.o(x$fpl$dsqrt))
<BR><BR>[Stack]<UL><LI>Max Depth = 40<LI>Call Chain = _dsqrt &rArr; __fpl_dnaninf
</UL>
<BR>[Calls]<UL><LI><a href="#[108]">&gt;&gt;</a>&nbsp;&nbsp;&nbsp;__fpl_dnaninf
</UL>
<BR>[Called By]<UL><LI><a href="#[ea]">&gt;&gt;</a>&nbsp;&nbsp;&nbsp;sqrt
</UL>

<P><STRONG><a name="[d9]"></a>__aeabi_dsub</STRONG> (Thumb, 0 bytes, Stack size 32 bytes, daddsub_clz.o(x$fpl$dsub))
<BR><BR>[Stack]<UL><LI>Max Depth = 32<LI>Call Chain = __aeabi_dsub
</UL>
<BR>[Called By]<UL><LI><a href="#[f3]">&gt;&gt;</a>&nbsp;&nbsp;&nbsp;process_data
<LI><a href="#[ec]">&gt;&gt;</a>&nbsp;&nbsp;&nbsp;atan2
<LI><a href="#[e9]">&gt;&gt;</a>&nbsp;&nbsp;&nbsp;acos
<LI><a href="#[e3]">&gt;&gt;</a>&nbsp;&nbsp;&nbsp;__kernel_sin
<LI><a href="#[d8]">&gt;&gt;</a>&nbsp;&nbsp;&nbsp;__ieee754_rem_pio2
<LI><a href="#[e1]">&gt;&gt;</a>&nbsp;&nbsp;&nbsp;__kernel_cos
<LI><a href="#[eb]">&gt;&gt;</a>&nbsp;&nbsp;&nbsp;atan
</UL>

<P><STRONG><a name="[113]"></a>_dsub</STRONG> (Thumb, 464 bytes, Stack size 32 bytes, daddsub_clz.o(x$fpl$dsub), UNUSED)
<BR><BR>[Calls]<UL><LI><a href="#[112]">&gt;&gt;</a>&nbsp;&nbsp;&nbsp;_dadd1
<LI><a href="#[108]">&gt;&gt;</a>&nbsp;&nbsp;&nbsp;__fpl_dnaninf
</UL>

<P><STRONG><a name="[f4]"></a>__aeabi_f2d</STRONG> (Thumb, 0 bytes, Stack size 16 bytes, f2d.o(x$fpl$f2d))
<BR><BR>[Stack]<UL><LI>Max Depth = 16<LI>Call Chain = __aeabi_f2d
</UL>
<BR>[Called By]<UL><LI><a href="#[f3]">&gt;&gt;</a>&nbsp;&nbsp;&nbsp;process_data
<LI><a href="#[72]">&gt;&gt;</a>&nbsp;&nbsp;&nbsp;p1
</UL>

<P><STRONG><a name="[114]"></a>_f2d</STRONG> (Thumb, 86 bytes, Stack size 16 bytes, f2d.o(x$fpl$f2d), UNUSED)
<BR><BR>[Calls]<UL><LI><a href="#[115]">&gt;&gt;</a>&nbsp;&nbsp;&nbsp;__fpl_fnaninf
<LI><a href="#[10b]">&gt;&gt;</a>&nbsp;&nbsp;&nbsp;__fpl_dretinf
</UL>

<P><STRONG><a name="[fc]"></a>__aeabi_fadd</STRONG> (Thumb, 0 bytes, Stack size 16 bytes, faddsub_clz.o(x$fpl$fadd))
<BR><BR>[Stack]<UL><LI>Max Depth = 16<LI>Call Chain = __aeabi_fadd
</UL>
<BR>[Called By]<UL><LI><a href="#[f3]">&gt;&gt;</a>&nbsp;&nbsp;&nbsp;process_data
</UL>

<P><STRONG><a name="[116]"></a>_fadd</STRONG> (Thumb, 196 bytes, Stack size 16 bytes, faddsub_clz.o(x$fpl$fadd), UNUSED)
<BR><BR>[Calls]<UL><LI><a href="#[117]">&gt;&gt;</a>&nbsp;&nbsp;&nbsp;_fsub1
<LI><a href="#[107]">&gt;&gt;</a>&nbsp;&nbsp;&nbsp;__fpl_fretinf
<LI><a href="#[115]">&gt;&gt;</a>&nbsp;&nbsp;&nbsp;__fpl_fnaninf
</UL>

<P><STRONG><a name="[f2]"></a>__aeabi_i2f</STRONG> (Thumb, 0 bytes, Stack size 0 bytes, fflt_clz.o(x$fpl$fflt))
<BR><BR>[Called By]<UL><LI><a href="#[72]">&gt;&gt;</a>&nbsp;&nbsp;&nbsp;p1
</UL>

<P><STRONG><a name="[153]"></a>_fflt</STRONG> (Thumb, 48 bytes, Stack size 0 bytes, fflt_clz.o(x$fpl$fflt), UNUSED)

<P><STRONG><a name="[fb]"></a>__aeabi_fmul</STRONG> (Thumb, 0 bytes, Stack size 16 bytes, fmul.o(x$fpl$fmul))
<BR><BR>[Stack]<UL><LI>Max Depth = 16<LI>Call Chain = __aeabi_fmul
</UL>
<BR>[Called By]<UL><LI><a href="#[f3]">&gt;&gt;</a>&nbsp;&nbsp;&nbsp;process_data
</UL>

<P><STRONG><a name="[118]"></a>_fmul</STRONG> (Thumb, 258 bytes, Stack size 16 bytes, fmul.o(x$fpl$fmul), UNUSED)
<BR><BR>[Calls]<UL><LI><a href="#[107]">&gt;&gt;</a>&nbsp;&nbsp;&nbsp;__fpl_fretinf
<LI><a href="#[115]">&gt;&gt;</a>&nbsp;&nbsp;&nbsp;__fpl_fnaninf
</UL>

<P><STRONG><a name="[115]"></a>__fpl_fnaninf</STRONG> (Thumb, 140 bytes, Stack size 8 bytes, fnaninf.o(x$fpl$fnaninf), UNUSED)
<BR><BR>[Called By]<UL><LI><a href="#[118]">&gt;&gt;</a>&nbsp;&nbsp;&nbsp;_fmul
<LI><a href="#[119]">&gt;&gt;</a>&nbsp;&nbsp;&nbsp;_fsub
<LI><a href="#[116]">&gt;&gt;</a>&nbsp;&nbsp;&nbsp;_fadd
<LI><a href="#[114]">&gt;&gt;</a>&nbsp;&nbsp;&nbsp;_f2d
</UL>

<P><STRONG><a name="[107]"></a>__fpl_fretinf</STRONG> (Thumb, 10 bytes, Stack size 0 bytes, fretinf.o(x$fpl$fretinf), UNUSED)
<BR><BR>[Called By]<UL><LI><a href="#[118]">&gt;&gt;</a>&nbsp;&nbsp;&nbsp;_fmul
<LI><a href="#[116]">&gt;&gt;</a>&nbsp;&nbsp;&nbsp;_fadd
<LI><a href="#[106]">&gt;&gt;</a>&nbsp;&nbsp;&nbsp;_d2f
</UL>

<P><STRONG><a name="[154]"></a>__aeabi_fsub</STRONG> (Thumb, 0 bytes, Stack size 16 bytes, faddsub_clz.o(x$fpl$fsub), UNUSED)

<P><STRONG><a name="[119]"></a>_fsub</STRONG> (Thumb, 234 bytes, Stack size 16 bytes, faddsub_clz.o(x$fpl$fsub), UNUSED)
<BR><BR>[Calls]<UL><LI><a href="#[11a]">&gt;&gt;</a>&nbsp;&nbsp;&nbsp;_fadd1
<LI><a href="#[115]">&gt;&gt;</a>&nbsp;&nbsp;&nbsp;__fpl_fnaninf
</UL>

<P><STRONG><a name="[7f]"></a>_printf_fp_dec</STRONG> (Thumb, 4 bytes, Stack size 0 bytes, printf1.o(x$fpl$printf1))
<BR><BR>[Stack]<UL><LI>Max Depth = 324<LI>Call Chain = _printf_fp_dec &rArr; _printf_fp_dec_real &rArr; _fp_digits &rArr; _btod_etento &rArr; _btod_emul &rArr; _e2e
</UL>
<BR>[Calls]<UL><LI><a href="#[a9]">&gt;&gt;</a>&nbsp;&nbsp;&nbsp;_printf_fp_dec_real
</UL>
<BR>[Called By]<UL><LI><a href="#[7e]">&gt;&gt;</a>&nbsp;&nbsp;&nbsp;_printf_f
</UL>

<P><STRONG><a name="[10d]"></a>__fpl_return_NaN</STRONG> (Thumb, 100 bytes, Stack size 0 bytes, retnan.o(x$fpl$retnan))
<BR><BR>[Calls]<UL><LI><a href="#[11b]">&gt;&gt;</a>&nbsp;&nbsp;&nbsp;__fpl_cmpreturn
</UL>
<BR>[Called By]<UL><LI><a href="#[10c]">&gt;&gt;</a>&nbsp;&nbsp;&nbsp;__fpl_dcheck_NaN1
</UL>

<P><STRONG><a name="[e0]"></a>__ARM_scalbn</STRONG> (Thumb, 92 bytes, Stack size 0 bytes, scalbn.o(x$fpl$scalbn))
<BR><BR>[Calls]<UL><LI><a href="#[10c]">&gt;&gt;</a>&nbsp;&nbsp;&nbsp;__fpl_dcheck_NaN1
</UL>
<BR>[Called By]<UL><LI><a href="#[e9]">&gt;&gt;</a>&nbsp;&nbsp;&nbsp;acos
<LI><a href="#[e3]">&gt;&gt;</a>&nbsp;&nbsp;&nbsp;__kernel_sin
<LI><a href="#[d8]">&gt;&gt;</a>&nbsp;&nbsp;&nbsp;__ieee754_rem_pio2
<LI><a href="#[e4]">&gt;&gt;</a>&nbsp;&nbsp;&nbsp;__mathlib_dbl_underflow
<LI><a href="#[e5]">&gt;&gt;</a>&nbsp;&nbsp;&nbsp;__mathlib_dbl_infnan
<LI><a href="#[e1]">&gt;&gt;</a>&nbsp;&nbsp;&nbsp;__kernel_cos
<LI><a href="#[eb]">&gt;&gt;</a>&nbsp;&nbsp;&nbsp;atan
</UL>

<P><STRONG><a name="[11b]"></a>__fpl_cmpreturn</STRONG> (Thumb, 48 bytes, Stack size 0 bytes, trapv.o(x$fpl$trapveneer))
<BR><BR>[Called By]<UL><LI><a href="#[10d]">&gt;&gt;</a>&nbsp;&nbsp;&nbsp;__fpl_return_NaN
</UL>
<P>
<H3>
Local Symbols
</H3>
<P><STRONG><a name="[d2]"></a>GPIO_PinWrite</STRONG> (Thumb, 22 bytes, Stack size 8 bytes, 3140_i2c.o(i.GPIO_PinWrite))
<BR><BR>[Stack]<UL><LI>Max Depth = 8<LI>Call Chain = GPIO_PinWrite
</UL>
<BR>[Called By]<UL><LI><a href="#[d0]">&gt;&gt;</a>&nbsp;&nbsp;&nbsp;I2C_ReleaseBus
</UL>

<P><STRONG><a name="[d1]"></a>PORT_SetPinConfig</STRONG> (Thumb, 36 bytes, Stack size 24 bytes, 3140_i2c.o(i.PORT_SetPinConfig))
<BR><BR>[Stack]<UL><LI>Max Depth = 88 + Unknown Stack Size
<LI>Call Chain = PORT_SetPinConfig &rArr; __aeabi_assert &rArr; abort &rArr; __rt_SIGABRT &rArr; __rt_SIGABRT_inner &rArr; __default_signal_display &rArr; _ttywrch
</UL>
<BR>[Calls]<UL><LI><a href="#[99]">&gt;&gt;</a>&nbsp;&nbsp;&nbsp;__aeabi_assert
</UL>
<BR>[Called By]<UL><LI><a href="#[d0]">&gt;&gt;</a>&nbsp;&nbsp;&nbsp;I2C_ReleaseBus
</UL>

<P><STRONG><a name="[d3]"></a>i2c_release_bus_delay</STRONG> (Thumb, 16 bytes, Stack size 0 bytes, 3140_i2c.o(i.i2c_release_bus_delay))
<BR><BR>[Called By]<UL><LI><a href="#[d0]">&gt;&gt;</a>&nbsp;&nbsp;&nbsp;I2C_ReleaseBus
</UL>

<P><STRONG><a name="[75]"></a>SVC0_begin</STRONG> (Thumb, 0 bytes, Stack size unknown bytes, 3140.o(myProg))
<BR>[Address Reference Count : 1]<UL><LI> 3140.o(myProg)
</UL>
<P><STRONG><a name="[76]"></a>SVC1_terminate</STRONG> (Thumb, 0 bytes, Stack size unknown bytes, 3140.o(myProg))
<BR>[Address Reference Count : 1]<UL><LI> 3140.o(myProg)
</UL>
<P><STRONG><a name="[101]"></a>pop_front_process</STRONG> (Thumb, 42 bytes, Stack size 0 bytes, process.o(i.pop_front_process))
<BR><BR>[Called By]<UL><LI><a href="#[100]">&gt;&gt;</a>&nbsp;&nbsp;&nbsp;process_select
</UL>

<P><STRONG><a name="[ff]"></a>process_free</STRONG> (Thumb, 20 bytes, Stack size 8 bytes, process.o(i.process_free))
<BR><BR>[Stack]<UL><LI>Max Depth = 40<LI>Call Chain = process_free &rArr; process_stack_free &rArr; free
</UL>
<BR>[Calls]<UL><LI><a href="#[f9]">&gt;&gt;</a>&nbsp;&nbsp;&nbsp;process_stack_free
<LI><a href="#[94]">&gt;&gt;</a>&nbsp;&nbsp;&nbsp;free
</UL>
<BR>[Called By]<UL><LI><a href="#[100]">&gt;&gt;</a>&nbsp;&nbsp;&nbsp;process_select
</UL>

<P><STRONG><a name="[fa]"></a>push_tail_process</STRONG> (Thumb, 32 bytes, Stack size 0 bytes, process.o(i.push_tail_process))
<BR><BR>[Called By]<UL><LI><a href="#[f0]">&gt;&gt;</a>&nbsp;&nbsp;&nbsp;process_create
<LI><a href="#[100]">&gt;&gt;</a>&nbsp;&nbsp;&nbsp;process_select
</UL>

<P><STRONG><a name="[c4]"></a>CLOCK_EnableClock</STRONG> (Thumb, 18 bytes, Stack size 0 bytes, fsl_i2c.o(i.CLOCK_EnableClock))
<BR><BR>[Called By]<UL><LI><a href="#[bf]">&gt;&gt;</a>&nbsp;&nbsp;&nbsp;I2C_MasterInit
</UL>

<P><STRONG><a name="[c8]"></a>EnableIRQ</STRONG> (Thumb, 52 bytes, Stack size 0 bytes, fsl_i2c.o(i.EnableIRQ))
<BR><BR>[Called By]<UL><LI><a href="#[bd]">&gt;&gt;</a>&nbsp;&nbsp;&nbsp;I2C_MasterTransferCreateHandle
</UL>

<P><STRONG><a name="[ce]"></a>I2C_CheckAndClearError</STRONG> (Thumb, 32 bytes, Stack size 0 bytes, fsl_i2c.o(i.I2C_CheckAndClearError))
<BR><BR>[Called By]<UL><LI><a href="#[c9]">&gt;&gt;</a>&nbsp;&nbsp;&nbsp;I2C_MasterTransferRunStateMachine
</UL>

<P><STRONG><a name="[c0]"></a>I2C_InitTransferStateMachine</STRONG> (Thumb, 154 bytes, Stack size 24 bytes, fsl_i2c.o(i.I2C_InitTransferStateMachine))
<BR><BR>[Stack]<UL><LI>Max Depth = 152 + Unknown Stack Size
<LI>Call Chain = I2C_InitTransferStateMachine &rArr; I2C_MasterTransferHandleIRQ &rArr; I2C_MasterTransferRunStateMachine &rArr; __aeabi_assert &rArr; abort &rArr; __rt_SIGABRT &rArr; __rt_SIGABRT_inner &rArr; __default_signal_display &rArr; _ttywrch
</UL>
<BR>[Calls]<UL><LI><a href="#[71]">&gt;&gt;</a>&nbsp;&nbsp;&nbsp;I2C_MasterTransferHandleIRQ
<LI><a href="#[c3]">&gt;&gt;</a>&nbsp;&nbsp;&nbsp;I2C_MasterStart
<LI><a href="#[c2]">&gt;&gt;</a>&nbsp;&nbsp;&nbsp;I2C_MasterRepeatedStart
<LI><a href="#[c1]">&gt;&gt;</a>&nbsp;&nbsp;&nbsp;I2C_MasterClearStatusFlags
</UL>
<BR>[Called By]<UL><LI><a href="#[cc]">&gt;&gt;</a>&nbsp;&nbsp;&nbsp;I2C_MasterTransferNonBlocking
</UL>

<P><STRONG><a name="[c1]"></a>I2C_MasterClearStatusFlags</STRONG> (Thumb, 44 bytes, Stack size 0 bytes, fsl_i2c.o(i.I2C_MasterClearStatusFlags))
<BR><BR>[Called By]<UL><LI><a href="#[bf]">&gt;&gt;</a>&nbsp;&nbsp;&nbsp;I2C_MasterInit
<LI><a href="#[c0]">&gt;&gt;</a>&nbsp;&nbsp;&nbsp;I2C_InitTransferStateMachine
</UL>

<P><STRONG><a name="[c9]"></a>I2C_MasterTransferRunStateMachine</STRONG> (Thumb, 396 bytes, Stack size 40 bytes, fsl_i2c.o(i.I2C_MasterTransferRunStateMachine))
<BR><BR>[Stack]<UL><LI>Max Depth = 104 + Unknown Stack Size
<LI>Call Chain = I2C_MasterTransferRunStateMachine &rArr; __aeabi_assert &rArr; abort &rArr; __rt_SIGABRT &rArr; __rt_SIGABRT_inner &rArr; __default_signal_display &rArr; _ttywrch
</UL>
<BR>[Calls]<UL><LI><a href="#[99]">&gt;&gt;</a>&nbsp;&nbsp;&nbsp;__aeabi_assert
<LI><a href="#[ca]">&gt;&gt;</a>&nbsp;&nbsp;&nbsp;I2C_MasterStop
<LI><a href="#[c2]">&gt;&gt;</a>&nbsp;&nbsp;&nbsp;I2C_MasterRepeatedStart
<LI><a href="#[ce]">&gt;&gt;</a>&nbsp;&nbsp;&nbsp;I2C_CheckAndClearError
</UL>
<BR>[Called By]<UL><LI><a href="#[71]">&gt;&gt;</a>&nbsp;&nbsp;&nbsp;I2C_MasterTransferHandleIRQ
</UL>

<P><STRONG><a name="[ba]"></a>I2C_TransferCommonIRQHandler</STRONG> (Thumb, 66 bytes, Stack size 24 bytes, fsl_i2c.o(i.I2C_TransferCommonIRQHandler))
<BR><BR>[Stack]<UL><LI>Max Depth = 24<LI>Call Chain = I2C_TransferCommonIRQHandler
</UL>
<BR>[Called By]<UL><LI><a href="#[2c]">&gt;&gt;</a>&nbsp;&nbsp;&nbsp;I2C0_DriverIRQHandler
</UL>

<P><STRONG><a name="[112]"></a>_dadd1</STRONG> (Thumb, 0 bytes, Stack size unknown bytes, daddsub_clz.o(x$fpl$dadd), UNUSED)
<BR><BR>[Called By]<UL><LI><a href="#[113]">&gt;&gt;</a>&nbsp;&nbsp;&nbsp;_dsub
<LI><a href="#[111]">&gt;&gt;</a>&nbsp;&nbsp;&nbsp;_drsb
</UL>

<P><STRONG><a name="[10a]"></a>_dsub1</STRONG> (Thumb, 0 bytes, Stack size unknown bytes, daddsub_clz.o(x$fpl$dsub), UNUSED)
<BR><BR>[Called By]<UL><LI><a href="#[111]">&gt;&gt;</a>&nbsp;&nbsp;&nbsp;_drsb
<LI><a href="#[109]">&gt;&gt;</a>&nbsp;&nbsp;&nbsp;_dadd
</UL>

<P><STRONG><a name="[11a]"></a>_fadd1</STRONG> (Thumb, 0 bytes, Stack size unknown bytes, faddsub_clz.o(x$fpl$fadd), UNUSED)
<BR><BR>[Called By]<UL><LI><a href="#[119]">&gt;&gt;</a>&nbsp;&nbsp;&nbsp;_fsub
</UL>

<P><STRONG><a name="[117]"></a>_fsub1</STRONG> (Thumb, 0 bytes, Stack size unknown bytes, faddsub_clz.o(x$fpl$fsub), UNUSED)
<BR><BR>[Called By]<UL><LI><a href="#[116]">&gt;&gt;</a>&nbsp;&nbsp;&nbsp;_fadd
</UL>

<P><STRONG><a name="[a3]"></a>_fp_digits</STRONG> (Thumb, 432 bytes, Stack size 96 bytes, _printf_fp_dec.o(.text))
<BR><BR>[Stack]<UL><LI>Max Depth = 220<LI>Call Chain = _fp_digits &rArr; _btod_etento &rArr; _btod_emul &rArr; _e2e
</UL>
<BR>[Calls]<UL><LI><a href="#[a7]">&gt;&gt;</a>&nbsp;&nbsp;&nbsp;_btod_emul
<LI><a href="#[a6]">&gt;&gt;</a>&nbsp;&nbsp;&nbsp;_btod_ediv
<LI><a href="#[a5]">&gt;&gt;</a>&nbsp;&nbsp;&nbsp;_btod_d2e
<LI><a href="#[a4]">&gt;&gt;</a>&nbsp;&nbsp;&nbsp;_btod_etento
<LI><a href="#[a8]">&gt;&gt;</a>&nbsp;&nbsp;&nbsp;_ll_udiv10
</UL>
<BR>[Called By]<UL><LI><a href="#[a9]">&gt;&gt;</a>&nbsp;&nbsp;&nbsp;_printf_fp_dec_real
</UL>

<P><STRONG><a name="[6f]"></a>_printf_input_char</STRONG> (Thumb, 10 bytes, Stack size 0 bytes, _printf_char_common.o(.text))
<BR>[Address Reference Count : 1]<UL><LI> _printf_char_common.o(.text)
</UL><P>
<H3>
Undefined Global Symbols
</H3><HR></body></html>
