Component: ARM Compiler 5.06 update 6 (build 750) Tool: armlink [4d35ed]

==============================================================================

Section Cross References

    3140_i2c.o(i.I2C_Init) refers to fsl_i2c.o(i.I2C_MasterTransferCreateHandle) for I2C_MasterTransferCreateHandle
    3140_i2c.o(i.I2C_Init) refers to fsl_i2c.o(i.I2C_MasterGetDefaultConfig) for I2C_MasterGetDefaultConfig
    3140_i2c.o(i.I2C_Init) refers to fsl_i2c.o(i.I2C_MasterInit) for I2C_MasterInit
    3140_i2c.o(i.I2C_Init) refers to 3140_i2c.o(i.i2c_master_callback) for i2c_master_callback
    3140_i2c.o(i.I2C_Init) refers to 3140_i2c.o(.bss) for g_m_handle
    3140_i2c.o(i.I2C_ReadRegs) refers to rt_memclr_w.o(.text) for __aeabi_memclr4
    3140_i2c.o(i.I2C_ReadRegs) refers to fsl_i2c.o(i.I2C_MasterTransferNonBlocking) for I2C_MasterTransferNonBlocking
    3140_i2c.o(i.I2C_ReadRegs) refers to 3140_i2c.o(.bss) for g_m_handle
    3140_i2c.o(i.I2C_ReadRegs) refers to 3140_i2c.o(.data) for nakFlag
    3140_i2c.o(i.I2C_ReleaseBus) refers to 3140_i2c.o(i.PORT_SetPinConfig) for PORT_SetPinConfig
    3140_i2c.o(i.I2C_ReleaseBus) refers to fsl_gpio.o(i.GPIO_PinInit) for GPIO_PinInit
    3140_i2c.o(i.I2C_ReleaseBus) refers to 3140_i2c.o(i.GPIO_PinWrite) for GPIO_PinWrite
    3140_i2c.o(i.I2C_ReleaseBus) refers to 3140_i2c.o(i.i2c_release_bus_delay) for i2c_release_bus_delay
    3140_i2c.o(i.I2C_WriteReg) refers to rt_memclr_w.o(.text) for __aeabi_memclr4
    3140_i2c.o(i.I2C_WriteReg) refers to fsl_i2c.o(i.I2C_MasterTransferNonBlocking) for I2C_MasterTransferNonBlocking
    3140_i2c.o(i.I2C_WriteReg) refers to 3140_i2c.o(.bss) for g_m_handle
    3140_i2c.o(i.I2C_WriteReg) refers to 3140_i2c.o(.data) for nakFlag
    3140_i2c.o(i.PORT_SetPinConfig) refers to assert.o(.text) for __aeabi_assert
    3140_i2c.o(i.PORT_SetPinConfig) refers to 3140_i2c.o(.conststring) for .conststring
    3140_i2c.o(i.i2c_master_callback) refers to 3140_i2c.o(.data) for completionFlag
    3140_serial.o(i.uart_init) refers to system_mk64f12.o(.data) for SystemCoreClock
    3140_serial.o(i.uart_putString) refers to 3140_serial.o(i.uart_putChar) for uart_putChar
    3140.o(myProg) refers to process.o(i.process_select) for process_select
    3140.o(myProg) refers to 3140.o(myData) for OrigStackPointer
    3140_concur.o(i.process_stack_free) refers to h1_free.o(.text) for free
    3140_concur.o(i.process_stack_init) refers to h1_alloc.o(.text) for malloc
    3140_concur.o(i.process_stack_init) refers to 3140.o(myProg) for process_terminated
    utils.o(i.LEDBlue_On) refers to utils.o(i.__get_PRIMASK) for __get_PRIMASK
    utils.o(i.LEDBlue_On) refers to utils.o(i.__set_PRIMASK) for __set_PRIMASK
    utils.o(i.LEDGreen_On) refers to utils.o(i.__get_PRIMASK) for __get_PRIMASK
    utils.o(i.LEDGreen_On) refers to utils.o(i.__set_PRIMASK) for __set_PRIMASK
    utils.o(i.LEDRed_On) refers to utils.o(i.__get_PRIMASK) for __get_PRIMASK
    utils.o(i.LEDRed_On) refers to utils.o(i.__set_PRIMASK) for __set_PRIMASK
    utils.o(i.LED_Off) refers to utils.o(i.__get_PRIMASK) for __get_PRIMASK
    utils.o(i.LED_Off) refers to utils.o(i.__set_PRIMASK) for __set_PRIMASK
    process.o(i.pop_front_process) refers to process.o(.data) for process_queue
    process.o(i.process_create) refers to 3140_concur.o(i.process_stack_init) for process_stack_init
    process.o(i.process_create) refers to h1_alloc.o(.text) for malloc
    process.o(i.process_create) refers to 3140_concur.o(i.process_stack_free) for process_stack_free
    process.o(i.process_create) refers to process.o(i.push_tail_process) for push_tail_process
    process.o(i.process_free) refers to 3140_concur.o(i.process_stack_free) for process_stack_free
    process.o(i.process_free) refers to h1_free.o(.text) for free
    process.o(i.process_select) refers to process.o(i.push_tail_process) for push_tail_process
    process.o(i.process_select) refers to process.o(i.process_free) for process_free
    process.o(i.process_select) refers to process.o(i.pop_front_process) for pop_front_process
    process.o(i.process_select) refers to process.o(.data) for current_process
    process.o(i.process_start) refers to 3140.o(myProg) for process_begin
    process.o(i.process_start) refers to system_mk64f12.o(.data) for SystemCoreClock
    process.o(i.process_start) refers to process.o(.data) for process_queue
    process.o(i.push_tail_process) refers to process.o(.data) for process_queue
    3140_module.o(i.MODULE_ReadWhoAmI) refers to rt_memclr_w.o(.text) for __aeabi_memclr4
    3140_module.o(i.MODULE_ReadWhoAmI) refers to fsl_i2c.o(i.I2C_MasterTransferNonBlocking) for I2C_MasterTransferNonBlocking
    3140_module.o(i.MODULE_ReadWhoAmI) refers to 3140_i2c.o(.bss) for g_m_handle
    3140_module.o(i.MODULE_ReadWhoAmI) refers to 3140_i2c.o(.data) for nakFlag
    3140_module.o(i.MODULE_getDefaultConfig) refers to 3140_module.o(i.MODULE_ReadWhoAmI) for MODULE_ReadWhoAmI
[...]
    .text                                    0x00000722   Section        0  heapauxi.o(.text)
    .text                                    0x00000728   Section        8  rt_heap_descriptor_intlibspace.o(.text)
    .text                                    0x00000730   Section        0  hguard.o(.text)
    .text                                    0x00000734   Section        0  init_alloc.o(.text)
    .text                                    0x000007be   Section        0  h1_init.o(.text)
    .text                                    0x000007cc   Section        0  _rserrno.o(.text)
    .text                                    0x000007e2   Section        0  _printf_fp_dec.o(.text)
    _fp_digits                               0x000007e5   Thumb Code   432  _printf_fp_dec.o(.text)
    .text                                    0x00000c00   Section        0  _printf_char_common.o(.text)
    _printf_input_char                       0x00000c01   Thumb Code    10  _printf_char_common.o(.text)
    .text                                    0x00000c30   Section        0  _sputc.o(.text)
    .text                                    0x00000c3a   Section        0  abort.o(.text)
    .text                                    0x00000c50   Section        0  assert_puts.o(.text)
    .text                                    0x00000c64   Section        0  sys_wrch.o(.text)
    .text                                    0x00000c74   Section        0  sys_exit.o(.text)
    .text                                    0x00000c80   Section        8  libspace.o(.text)
    .text                                    0x00000c88   Section        8  rt_locale_intlibspace.o(.text)
    .text                                    0x00000c90   Section        8  rt_errno_addr_intlibspace.o(.text)
    .text                                    0x00000c98   Section        0  h1_extend.o(.text)
    .text                                    0x00000ccc   Section      138  lludiv10.o(.text)
    .text                                    0x00000d58   Section        0  _printf_fp_infnan.o(.text)
    .text                                    0x00000dd8   Section        0  bigflt0.o(.text)
    .text                                    0x00000ebc   Section        0  defsig_abrt_outer.o(.text)
    .text                                    0x00000eca   Section        0  defsig_rtmem_outer.o(.text)
    .text                                    0x00000ed8   Section        2  use_no_semi.o(.text)
    .text                                    0x00000eda   Section       74  sys_stackheap_outer.o(.text)
    .text                                    0x00000eda   Section        0  indicate_semi.o(.text)
    .text                                    0x00000f24   Section        0  exit.o(.text)
    .text                                    0x00000f36   Section        0  defsig_exit.o(.text)
    .text                                    0x00000f40   Section        0  defsig_abrt_inner.o(.text)
    .text                                    0x00000f70   Section        0  defsig_rtmem_inner.o(.text)
    .text                                    0x00000fc0   Section      128  strcmpv7m.o(.text)
    .text                                    0x00001040   Section        0  defsig_general.o(.text)
    CL$$btod_d2e                             0x00001072   Section       62  btod.o(CL$$btod_d2e)
    CL$$btod_d2e_denorm_low                  0x000010b0   Section       70  btod.o(CL$$btod_d2e_denorm_low)
    CL$$btod_d2e_norm_op1                    0x000010f6   Section       96  btod.o(CL$$btod_d2e_norm_op1)
    CL$$btod_div_common                      0x00001156   Section      824  btod.o(CL$$btod_div_common)
    CL$$btod_e2e                             0x0000148e   Section      220  btod.o(CL$$btod_e2e)
    CL$$btod_ediv                            0x0000156a   Section       42  btod.o(CL$$btod_ediv)
    CL$$btod_emul                            0x00001594   Section       42  btod.o(CL$$btod_emul)
    CL$$btod_mult_common                     0x000015be   Section      580  btod.o(CL$$btod_mult_common)
    i.CLOCK_EnableClock                      0x00001804   Section        0  fsl_i2c.o(i.CLOCK_EnableClock)
    CLOCK_EnableClock                        0x00001805   Thumb Code    18  fsl_i2c.o(i.CLOCK_EnableClock)
    i.EnableIRQ                              0x0000181c   Section        0  fsl_i2c.o(i.EnableIRQ)
    EnableIRQ                                0x0000181d   Thumb Code    52  fsl_i2c.o(i.EnableIRQ)
    i.GPIO_PinInit                           0x00001850   Section        0  fsl_gpio.o(i.GPIO_PinInit)
    i.GPIO_PinWrite                          0x000018b4   Section        0  3140_i2c.o(i.GPIO_PinWrite)
    GPIO_PinWrite                            0x000018b5   Thumb Code    22  3140_i2c.o(i.GPIO_PinWrite)
    i.I2C0_DriverIRQHandler                  0x000018cc   Section        0  fsl_i2c.o(i.I2C0_DriverIRQHandler)
    i.I2C_CheckAndClearError                 0x000018e4   Section        0  fsl_i2c.o(i.I2C_CheckAndClearError)
    I2C_CheckAndClearError                   0x000018e5   Thumb Code    32  fsl_i2c.o(i.I2C_CheckAndClearError)
    i.I2C_DisableInterrupts                  0x00001904   Section        0  fsl_i2c.o(i.I2C_DisableInterrupts)
    i.I2C_EnableInterrupts                   0x00001922   Section        0  fsl_i2c.o(i.I2C_EnableInterrupts)
    i.I2C_GetInstance                        0x00001944   Section        0  fsl_i2c.o(i.I2C_GetInstance)
    i.I2C_Init                               0x000019a0   Section        0  3140_i2c.o(i.I2C_Init)
    i.I2C_InitTransferStateMachine           0x00001a14   Section        0  fsl_i2c.o(i.I2C_InitTransferStateMachine)
    I2C_InitTransferStateMachine             0x00001a15   Thumb Code   154  fsl_i2c.o(i.I2C_InitTransferStateMachine)
    i.I2C_MasterClearStatusFlags             0x00001aae   Section        0  fsl_i2c.o(i.I2C_MasterClearStatusFlags)
    I2C_MasterClearStatusFlags               0x00001aaf   Thumb Code    44  fsl_i2c.o(i.I2C_MasterClearStatusFlags)
    i.I2C_MasterGetDefaultConfig             0x00001adc   Section        0  fsl_i2c.o(i.I2C_MasterGetDefaultConfig)
    i.I2C_MasterGetStatusFlags               0x00001b28   Section        0  fsl_i2c.o(i.I2C_MasterGetStatusFlags)
    i.I2C_MasterInit                         0x00001b48   Section        0  fsl_i2c.o(i.I2C_MasterInit)
    i.I2C_MasterRepeatedStart                0x00001c18   Section        0  fsl_i2c.o(i.I2C_MasterRepeatedStart)
    i.I2C_MasterSetBaudRate                  0x00001c80   Section        0  fsl_i2c.o(i.I2C_MasterSetBaudRate)
    i.I2C_MasterStart                        0x00001d10   Section        0  fsl_i2c.o(i.I2C_MasterStart)
    i.I2C_MasterStop                         0x00001d4a   Section        0  fsl_i2c.o(i.I2C_MasterStop)
    i.I2C_MasterTransferCreateHandle         0x00001d64   Section        0  fsl_i2c.o(i.I2C_MasterTransferCreateHandle)
    i.I2C_MasterTransferHandleIRQ            0x00001dd0   Section        0  fsl_i2c.o(i.I2C_MasterTransferHandleIRQ)
    i.I2C_MasterTransferNonBlocking          0x00001e64   Section        0  fsl_i2c.o(i.I2C_MasterTransferNonBlocking)
    i.I2C_MasterTransferRunStateMachine      0x00001edc   Section        0  fsl_i2c.o(i.I2C_MasterTransferRunStateMachine)
    I2C_MasterTransferRunStateMachine        0x00001edd   Thumb Code   396  fsl_i2c.o(i.I2C_MasterTransferRunStateMachine)
    i.I2C_ReadRegs                           0x00002074   Section        0  3140_i2c.o(i.I2C_ReadRegs)
    i.I2C_ReleaseBus                         0x000020ec   Section        0  3140_i2c.o(i.I2C_ReleaseBus)
    i.I2C_TransferCommonIRQHandler           0x000021e8   Section        0  fsl_i2c.o(i.I2C_TransferCommonIRQHandler)
    I2C_TransferCommonIRQHandler             0x000021e9   Thumb Code    66  fsl_i2c.o(i.I2C_TransferCommonIRQHandler)
    i.I2C_WriteReg                           0x00002234   Section        0  3140_i2c.o(i.I2C_WriteReg)
    i.LEDBlue_Toggle                         0x000022b4   Section        0  utils.o(i.LEDBlue_Toggle)
    i.LED_Initialize                         0x000022c4   Section        0  utils.o(i.LED_Initialize)
    i.MODULE_ReadWhoAmI                      0x0000230c   Section        0  3140_module.o(i.MODULE_ReadWhoAmI)
    i.MODULE_getDefaultConfig                0x000023e0   Section        0  3140_module.o(i.MODULE_getDefaultConfig)
    i.MODULE_getModuleDat                    0x00002458   Section        0  3140_module.o(i.MODULE_getModuleDat)
    i.PORT_SetPinConfig                      0x000024dc   Section        0  3140_i2c.o(i.PORT_SetPinConfig)
    PORT_SetPinConfig                        0x000024dd   Thumb Code    36  3140_i2c.o(i.PORT_SetPinConfig)
    i.SystemInit                             0x0000250c   Section        0  system_mk64f12.o(i.SystemInit)
    i.__ARM_fpclassify                       0x0000259c   Section        0  fpclassify.o(i.__ARM_fpclassify)
    i.__ieee754_rem_pio2                     0x000025c4   Section        0  rred.o(i.__ieee754_rem_pio2)
    i.__kernel_cos                           0x0000294c   Section        0  cos_i.o(i.__kernel_cos)
    i.__kernel_poly                          0x00002a48   Section        0  poly.o(i.__kernel_poly)
    i.__kernel_sin                           0x00002af4   Section        0  sin_i.o(i.__kernel_sin)
    i.__mathlib_dbl_infnan                   0x00002be0   Section        0  dunder.o(i.__mathlib_dbl_infnan)
    i.__mathlib_dbl_infnan2                  0x00002be6   Section        0  dunder.o(i.__mathlib_dbl_infnan2)
    i.__mathlib_dbl_invalid                  0x00002bea   Section        0  dunder.o(i.__mathlib_dbl_invalid)
    i.__mathlib_dbl_underflow                0x00002bf8   Section        0  dunder.o(i.__mathlib_dbl_underflow)
    i.acos                                   0x00002c08   Section        0  acos.o(i.acos)
    i.atan                                   0x00002e84   Section        0  atan.o(i.atan)
    i.atan2                                  0x000030a4   Section        0  atan2.o(i.atan2)
    i.cos                                    0x00003224   Section        0  cos.o(i.cos)
    i.delay                                  0x000032c0   Section        0  utils.o(i.delay)
    i.i2c_master_callback                    0x000032d4   Section        0  3140_i2c.o(i.i2c_master_callback)
    i.i2c_release_bus_delay                  0x000032fc   Section        0  3140_i2c.o(i.i2c_release_bus_delay)
    i2c_release_bus_delay                    0x000032fd   Thumb Code    16  3140_i2c.o(i.i2c_release_bus_delay)
    i.main                                   0x0000330c   Section        0  main.o(i.main)
    i.p1                                     0x00003368   Section        0  main.o(i.p1)
    i.p2                                     0x00003420   Section        0  main.o(i.p2)
    i.pop_front_process                      0x0000342c   Section        0  process.o(i.pop_front_process)
    pop_front_process                        0x0000342d   Thumb Code    42  process.o(i.pop_front_process)
    i.process_create                         0x00003460   Section        0  process.o(i.process_create)
    i.process_data                           0x000034a4   Section        0  main.o(i.process_data)
    i.process_free                           0x0000371c   Section        0  process.o(i.process_free)
    process_free                             0x0000371d   Thumb Code    20  process.o(i.process_free)
    i.process_select                         0x00003730   Section        0  process.o(i.process_select)
    i.process_stack_free                     0x00003774   Section        0  3140_concur.o(i.process_stack_free)
    i.process_stack_init                     0x00003788   Section        0  3140_concur.o(i.process_stack_init)
    i.process_start                          0x000037e8   Section        0  process.o(i.process_start)
    i.push_tail_process                      0x00003854   Section        0  process.o(i.push_tail_process)
    push_tail_process                        0x00003855   Thumb Code    32  process.o(i.push_tail_process)
    i.sin                                    0x0000387c   Section        0  sin.o(i.sin)
    i.sqrt                                   0x0000391c   Section        0  sqrt.o(i.sqrt)
    i.uart_init                              0x00003968   Section        0  3140_serial.o(i.uart_init)
    i.uart_putChar                           0x000039fc   Section        0  3140_serial.o(i.uart_putChar)
    i.uart_putString                         0x00003a14   Section        0  3140_serial.o(i.uart_putString)
    locale$$code                             0x00003a2c   Section       44  lc_numeric_c.o(locale$$code)
    myProg                                   0x00003a58   Section      124  3140.o(myProg)
    SVC0_begin                               0x00003a71   Thumb Code     0  3140.o(myProg)
    SVC1_terminate                           0x00003a7b   Thumb Code     0  3140.o(myProg)
    x$fpl$d2f                                0x00003ad4   Section       98  d2f.o(x$fpl$d2f)
    x$fpl$dadd                               0x00003b38   Section      336  daddsub_clz.o(x$fpl$dadd)
    _dadd1                                   0x00003b49   Thumb Code     0  daddsub_clz.o(x$fpl$dadd)
    x$fpl$dcheck1                            0x00003c88   Section       16  dcheck1.o(x$fpl$dcheck1)
    x$fpl$ddiv                               0x00003c98   Section      688  ddiv.o(x$fpl$ddiv)
    ddiv_entry                               0x00003c9f   Thumb Code     0  ddiv.o(x$fpl$ddiv)
    x$fpl$dfix                               0x00003f48   Section       94  dfix.o(x$fpl$dfix)
    x$fpl$dflt                               0x00003fa6   Section       46  dflt_clz.o(x$fpl$dflt)
    x$fpl$dfltu                              0x00003fd4   Section       38  dflt_clz.o(x$fpl$dfltu)
    x$fpl$dmul                               0x00003ffc   Section      340  dmul.o(x$fpl$dmul)
    x$fpl$dnaninf                            0x00004150   Section      156  dnaninf.o(x$fpl$dnaninf)
    x$fpl$dretinf                            0x000041ec   Section       12  dretinf.o(x$fpl$dretinf)
    x$fpl$drsb                               0x000041f8   Section       22  daddsub_clz.o(x$fpl$drsb)
    x$fpl$dsqrt                              0x00004210   Section      408  dsqrt_umaal.o(x$fpl$dsqrt)
    x$fpl$dsub                               0x000043a8   Section      468  daddsub_clz.o(x$fpl$dsub)
    _dsub1                                   0x000043b9   Thumb Code     0  daddsub_clz.o(x$fpl$dsub)
    x$fpl$f2d                                0x0000457c   Section       86  f2d.o(x$fpl$f2d)
    x$fpl$fadd                               0x000045d4   Section      196  faddsub_clz.o(x$fpl$fadd)
    _fadd1                                   0x000045e3   Thumb Code     0  faddsub_clz.o(x$fpl$fadd)
    x$fpl$fflt                               0x00004698   Section       48  fflt_clz.o(x$fpl$fflt)
    x$fpl$fmul                               0x000046c8   Section      258  fmul.o(x$fpl$fmul)
    x$fpl$fnaninf                            0x000047ca   Section      140  fnaninf.o(x$fpl$fnaninf)
    x$fpl$fretinf                            0x00004856   Section       10  fretinf.o(x$fpl$fretinf)
    x$fpl$fsub                               0x00004860   Section      234  faddsub_clz.o(x$fpl$fsub)
    _fsub1                                   0x0000486f   Thumb Code     0  faddsub_clz.o(x$fpl$fsub)
    x$fpl$printf1                            0x0000494a   Section        4  printf1.o(x$fpl$printf1)
    x$fpl$retnan                             0x0000494e   Section      100  retnan.o(x$fpl$retnan)
    x$fpl$scalbn                             0x000049b2   Section       92  scalbn.o(x$fpl$scalbn)
    x$fpl$trapveneer                         0x00004a0e   Section       48  trapv.o(x$fpl$trapveneer)
    x$fpl$usenofp                            0x00004a3e   Section        0  usenofp.o(x$fpl$usenofp)
    .constdata                               0x00004a40   Section      156  fsl_i2c.o(.constdata)
    s_i2cDividerTable                        0x00004a40   Data         128  fsl_i2c.o(.constdata)
    s_i2cIrqs                                0x00004ac0   Data           3  fsl_i2c.o(.constdata)
    s_i2cClocks                              0x00004ac4   Data          12  fsl_i2c.o(.constdata)
    s_i2cBases                               0x00004ad0   Data          12  fsl_i2c.o(.constdata)
    .constdata                               0x00004ae0   Section       80  acos.o(.constdata)
    pS                                       0x00004ae0   Data          48  acos.o(.constdata)
    qS                                       0x00004b10   Data          32  acos.o(.constdata)
    .constdata                               0x00004b30   Section      152  atan.o(.constdata)
    atanhi                                   0x00004b30   Data          32  atan.o(.constdata)
    atanlo                                   0x00004b50   Data          32  atan.o(.constdata)
    aTodd                                    0x00004b70   Data          40  atan.o(.constdata)
    aTeven                                   0x00004b98   Data          48  atan.o(.constdata)
    .constdata                               0x00004bc8   Section       48  cos_i.o(.constdata)
    C                                        0x00004bc8   Data          48  cos_i.o(.constdata)
    .constdata                               0x00004bf8   Section        8  qnan.o(.constdata)
    .constdata                               0x00004c00   Section      200  rred.o(.constdata)
    pio2s                                    0x00004c00   Data          48  rred.o(.constdata)
    twooverpi                                0x00004c30   Data         152  rred.o(.constdata)
    .constdata                               0x00004cc8   Section       40  sin_i.o(.constdata)
    S                                        0x00004cc8   Data          40  sin_i.o(.constdata)
    .constdata                               0x00004cf0   Section      148  bigflt0.o(.constdata)
    tenpwrs_x                                0x00004cf0   Data          60  bigflt0.o(.constdata)
    tenpwrs_i                                0x00004d2c   Data          64  bigflt0.o(.constdata)
    .conststring                             0x00004d84   Section       81  3140_i2c.o(.conststring)
    .conststring                             0x00004dd8   Section       81  fsl_gpio.o(.conststring)
    .conststring                             0x00004e2c   Section       80  fsl_i2c.o(.conststring)
    locale$$data                             0x00004e9c   Section       28  lc_numeric_c.o(locale$$data)
    __lcnum_c_name                           0x00004ea0   Data           2  lc_numeric_c.o(locale$$data)
    __lcnum_c_start                          0x00004ea8   Data           0  lc_numeric_c.o(locale$$data)
    __lcnum_c_point                          0x00004eb4   Data           0  lc_numeric_c.o(locale$$data)
    __lcnum_c_thousands                      0x00004eb6   Data           0  lc_numeric_c.o(locale$$data)
    __lcnum_c_grouping                       0x00004eb7   Data           0  lc_numeric_c.o(locale$$data)
    __lcnum_c_end                            0x00004eb8   Data           0  lc_numeric_c.o(locale$$data)
    .data                                    0x20000000   Section        2  3140_i2c.o(.data)
    .data                                    0x20000004   Section       12  process.o(.data)
    .data                                    0x20000010   Section        8  fsl_i2c.o(.data)
    s_i2cMasterIsr                           0x20000010   Data           4  fsl_i2c.o(.data)
    s_i2cSlaveIsr                            0x20000014   Data           4  fsl_i2c.o(.data)
    .data                                    0x20000018   Section        4  system_mk64f12.o(.data)
    myData                                   0x2000001c   Section        4  3140.o(myData)
    OrigStackPointer                         0x2000001c   Data           4  3140.o(myData)
    .bss                                     0x20000020   Section       40  3140_i2c.o(.bss)
    .bss                                     0x20000048   Section      112  main.o(.bss)
    string                                   0x20000054   Data         100  main.o(.bss)
    .bss                                     0x200000b8   Section       12  fsl_i2c.o(.bss)
    s_i2cHandle                              0x200000b8   Data          12  fsl_i2c.o(.bss)
    .bss                                     0x200000c4   Section       96  libspace.o(.bss)
    HEAP                                     0x20000128   Section    65536  startup_mk64f12.o(HEAP)
    Heap_Mem                                 0x20000128   Data       65536  startup_mk64f12.o(HEAP)
    STACK                                    0x20010128   Section     1024  startup_mk64f12.o(STACK)
    Stack_Mem                                0x20010128   Data        1024  startup_mk64f12.o(STACK)
    __initial_sp                             0x20010528   Data           0  startup_mk64f12.o(STACK)

    Global Symbols

    Symbol Name                              Value     Ov Type        Size  Object(Section)

    BuildAttributes$$THM_ISAv4$E$P$D$K$B$S$7EM$PE$A:L22UL41UL21$X:L11$S22US41US21$IEEE1$IW$USESV6$~STKCKD$USESV7$~SHL$OTIME$ROPI$IEEEX$EBA8$UX$STANDARDLIB$REQ8$PRES8$EABIv2 0x00000000   Number         0  anon$$obj.o ABSOLUTE
    __ARM_use_no_argv                        0x00000000   Number         0  main.o ABSOLUTE
    __Vectors                                0x00000000   Data           4  startup_mk64f12.o(RESET)
    __ARM_exceptions_init                     - Undefined Weak Reference
    __alloca_initialize                       - Undefined Weak Reference
    __arm_preinit_                            - Undefined Weak Reference
    __cpp_initialize__aeabi_                  - Undefined Weak Reference
    __cxa_finalize                            - Undefined Weak Reference
    __sigvec_lookup                           - Undefined Weak Reference
    __user_heap_extent                        - Undefined Weak Reference
    _atexit_init                              - Undefined Weak Reference
    _call_atexit_fns                          - Undefined Weak Reference
    _clock_init                               - Undefined Weak Reference
    _fp_trap_init                             - Undefined Weak Reference
    _fp_trap_shutdown                         - Undefined Weak Reference
    _get_lc_collate                           - Undefined Weak Reference
    _get_lc_ctype                             - Undefined Weak Reference
    _get_lc_monetary                          - Undefined Weak Reference
    _get_lc_time                              - Undefined Weak Reference
    _getenv_init                              - Undefined Weak Reference
    _handle_redirection                       - Undefined Weak Reference
    _initio                                   - Undefined Weak Reference
    _mutex_acquire                            - Undefined Weak Reference
    _mutex_free                               - Undefined Weak Reference
    _mutex_release                            - Undefined Weak Reference
    _printf_post_padding                      - Undefined Weak Reference
    _printf_pre_padding                       - Undefined Weak Reference
    _rand_init                                - Undefined Weak Reference
    _signal_finish                            - Undefined Weak Reference
    _signal_init                              - Undefined Weak Reference
    _terminateio                              - Undefined Weak Reference
    __Vectors_End                            0x00000400   Data           0  startup_mk64f12.o(RESET)
    __Vectors_Size                           0x00000400   Number         0  startup_mk64f12.o ABSOLUTE
    __main                                   0x00000411   Thumb Code     8  __main.o(!!!main)
    __scatterload                            0x00000419   Thumb Code     0  __scatter.o(!!!scatter)
    __scatterload_rt2                        0x00000419   Thumb Code    44  __scatter.o(!!!scatter)
    __scatterload_rt2_thumb_only             0x00000419   Thumb Code     0  __scatter.o(!!!scatter)
    __scatterload_null                       0x00000427   Thumb Code     0  __scatter.o(!!!scatter)
    __scatterload_copy                       0x0000044d   Thumb Code    26  __scatter_copy.o(!!handler_copy)
    __scatterload_zeroinit                   0x00000469   Thumb Code    28  __scatter_zi.o(!!handler_zi)
    _printf_f                                0x00000485   Thumb Code     0  _printf_f.o(.ARM.Collect$$_printf_percent$$00000003)
    _printf_percent                          0x00000485   Thumb Code     0  _printf_percent.o(.ARM.Collect$$_printf_percent$$00000000)
    _printf_percent_end                      0x0000048b   Thumb Code     0  _printf_percent_end.o(.ARM.Collect$$_printf_percent$$00000017)
    __rt_lib_init                            0x0000048f   Thumb Code     0  libinit.o(.ARM.Collect$$libinit$$00000000)
    __rt_lib_init_fp_1                       0x00000491   Thumb Code     0  libinit2.o(.ARM.Collect$$libinit$$00000002)
    __rt_lib_init_heap_2                     0x00000491   Thumb Code     0  libinit2.o(.ARM.Collect$$libinit$$00000005)
    __rt_lib_init_preinit_1                  0x00000491   Thumb Code     0  libinit2.o(.ARM.Collect$$libinit$$00000004)
    __rt_lib_init_heap_1                     0x00000499   Thumb Code     0  libinit2.o(.ARM.Collect$$libinit$$0000000A)
    __rt_lib_init_lc_common                  0x00000499   Thumb Code     0  libinit2.o(.ARM.Collect$$libinit$$0000000F)
    __rt_lib_init_rand_1                     0x00000499   Thumb Code     0  libinit2.o(.ARM.Collect$$libinit$$0000000E)
    __rt_lib_init_user_alloc_1               0x00000499   Thumb Code     0  libinit2.o(.ARM.Collect$$libinit$$0000000C)
    __rt_lib_init_lc_collate_1               0x0000049f   Thumb Code     0  libinit2.o(.ARM.Collect$$libinit$$00000011)
    __rt_lib_init_lc_ctype_1                 0x0000049f   Thumb Code     0  libinit2.o(.ARM.Collect$$libinit$$00000013)
    __rt_lib_init_lc_monetary_1              0x0000049f   Thumb Code     0  libinit2.o(.ARM.Collect$$libinit$$00000015)
    __rt_lib_init_lc_numeric_2               0x0000049f   Thumb Code     0  libinit2.o(.ARM.Collect$$libinit$$00000016)
    __rt_lib_init_alloca_1                   0x000004a9   Thumb Code     0  libinit2.o(.ARM.Collect$$libinit$$0000002E)
    __rt_lib_init_argv_1                     0x000004a9   Thumb Code     0  libinit2.o(.ARM.Collect$$libinit$$0000002C)
    __rt_lib_init_atexit_1                   0x000004a9   Thumb Code     0  libinit2.o(.ARM.Collect$$libinit$$0000001B)
    __rt_lib_init_clock_1                    0x000004a9   Thumb Code     0  libinit2.o(.ARM.Collect$$libinit$$00000021)
    __rt_lib_init_cpp_1                      0x000004a9   Thumb Code     0  libinit2.o(.ARM.Collect$$libinit$$00000032)
    __rt_lib_init_exceptions_1               0x000004a9   Thumb Code     0  libinit2.o(.ARM.Collect$$libinit$$00000030)
    __rt_lib_init_fp_trap_1                  0x000004a9   Thumb Code     0  libinit2.o(.ARM.Collect$$libinit$$0000001F)
    __rt_lib_init_getenv_1                   0x000004a9   Thumb Code     0  libinit2.o(.ARM.Collect$$libinit$$00000023)
    __rt_lib_init_lc_numeric_1               0x000004a9   Thumb Code     0  libinit2.o(.ARM.Collect$$libinit$$00000017)
    __rt_lib_init_lc_time_1                  0x000004a9   Thumb Code     0  libinit2.o(.ARM.Collect$$libinit$$00000019)
    __rt_lib_init_return                     0x000004a9   Thumb Code     0  libinit2.o(.ARM.Collect$$libinit$$00000033)
    __rt_lib_init_signal_1                   0x000004a9   Thumb Code     0  libinit2.o(.ARM.Collect$$libinit$$0000001D)
    __rt_lib_init_stdio_1                    0x000004a9   Thumb Code     0  libinit2.o(.ARM.Collect$$libinit$$00000025)
    __rt_lib_shutdown                        0x000004ab   Thumb Code     0  libshutdown.o(.ARM.Collect$$libshutdown$$00000000)
    __rt_lib_shutdown_cpp_1                  0x000004ad   Thumb Code     0  libshutdown2.o(.ARM.Collect$$libshutdown$$00000002)
    __rt_lib_shutdown_fp_trap_1              0x000004ad   Thumb Code     0  libshutdown2.o(.ARM.Collect$$libshutdown$$00000007)
    __rt_lib_shutdown_heap_1                 0x000004ad   Thumb Code     0  libshutdown2.o(.ARM.Collect$$libshutdown$$0000000F)
    __rt_lib_shutdown_return                 0x000004ad   Thumb Code     0  libshutdown2.o(.ARM.Collect$$libshutdown$$00000010)
    __rt_lib_shutdown_signal_1               0x000004ad   Thumb Code     0  libshutdown2.o(.ARM.Collect$$libshutdown$$0000000A)
    __rt_lib_shutdown_stdio_1                0x000004ad   Thumb Code     0  libshutdown2.o(.ARM.Collect$$libshutdown$$00000004)
    __rt_lib_shutdown_user_alloc_1           0x000004ad   Thumb Code     0  libshutdown2.o(.ARM.Collect$$libshutdown$$0000000C)
    __rt_entry                               0x000004af   Thumb Code     0  __rtentry.o(.ARM.Collect$$rtentry$$00000000)
    __rt_entry_presh_1                       0x000004af   Thumb Code     0  __rtentry2.o(.ARM.Collect$$rtentry$$00000002)
    __rt_entry_sh                            0x000004af   Thumb Code     0  __rtentry4.o(.ARM.Collect$$rtentry$$00000004)
    __rt_entry_li                            0x000004b5   Thumb Code     0  __rtentry2.o(.ARM.Collect$$rtentry$$0000000A)
    __rt_entry_postsh_1                      0x000004b5   Thumb Code     0  __rtentry2.o(.ARM.Collect$$rtentry$$00000009)
    __rt_entry_main                          0x000004b9   Thumb Code     0  __rtentry2.o(.ARM.Collect$$rtentry$$0000000D)
    __rt_entry_postli_1                      0x000004b9   Thumb Code     0  __rtentry2.o(.ARM.Collect$$rtentry$$0000000C)
    __rt_exit                                0x000004c1   Thumb Code     0  rtexit.o(.ARM.Collect$$rtexit$$00000000)
    __rt_exit_ls                             0x000004c3   Thumb Code     0  rtexit2.o(.ARM.Collect$$rtexit$$00000003)
    __rt_exit_prels_1                        0x000004c3   Thumb Code     0  rtexit2.o(.ARM.Collect$$rtexit$$00000002)
    __rt_exit_exit                           0x000004c7   Thumb Code     0  rtexit2.o(.ARM.Collect$$rtexit$$00000004)
    _maybe_terminate_alloc                   0x000004cd   Thumb Code     0  maybetermalloc1.o(.emb_text)
    init_data_bss                            0x000004cd   Thumb Code     2  startup_mk64f12.o(.text)
    Reset_Handler                            0x000004cf   Thumb Code    12  startup_mk64f12.o(.text)
    NMI_Handler                              0x000004db   Thumb Code     2  startup_mk64f12.o(.text)
    HardFault_Handler                        0x000004dd   Thumb Code     2  startup_mk64f12.o(.text)
    MemManage_Handler                        0x000004df   Thumb Code     2  startup_mk64f12.o(.text)
    BusFault_Handler                         0x000004e1   Thumb Code     2  startup_mk64f12.o(.text)
    UsageFault_Handler                       0x000004e3   Thumb Code     2  startup_mk64f12.o(.text)
    DebugMon_Handler                         0x000004e7   Thumb Code     2  startup_mk64f12.o(.text)
    PendSV_Handler                           0x000004e9   Thumb Code     2  startup_mk64f12.o(.text)
    SysTick_Handler                          0x000004eb   Thumb Code     2  startup_mk64f12.o(.text)
    ADC0_IRQHandler                          0x000004ed   Thumb Code     0  startup_mk64f12.o(.text)
    ADC1_IRQHandler                          0x000004ed   Thumb Code     0  startup_mk64f12.o(.text)
    CAN0_Bus_Off_IRQHandler                  0x000004ed   Thumb Code     0  startup_mk64f12.o(.text)
    CAN0_Error_IRQHandler                    0x000004ed   Thumb Code     0  startup_mk64f12.o(.text)
    CAN0_ORed_Message_buffer_IRQHandler      0x000004ed   Thumb Code     0  startup_mk64f12.o(.text)
    CAN0_Rx_Warning_IRQHandler               0x000004ed   Thumb Code     0  startup_mk64f12.o(.text)
    CAN0_Tx_Warning_IRQHandler               0x000004ed   Thumb Code     0  startup_mk64f12.o(.text)
    CAN0_Wake_Up_IRQHandler                  0x000004ed   Thumb Code     0  startup_mk64f12.o(.text)
    CMP0_IRQHandler                          0x000004ed   Thumb Code     0  startup_mk64f12.o(.text)
    CMP1_IRQHandler                          0x000004ed   Thumb Code     0  startup_mk64f12.o(.text)
    CMP2_IRQHandler                          0x000004ed   Thumb Code     0  startup_mk64f12.o(.text)
    CMT_IRQHandler                           0x000004ed   Thumb Code     0  startup_mk64f12.o(.text)
    DAC0_IRQHandler                          0x000004ed   Thumb Code     0  startup_mk64f12.o(.text)
    DAC1_IRQHandler                          0x000004ed   Thumb Code     0  startup_mk64f12.o(.text)
    DMA0_IRQHandler                          0x000004ed   Thumb Code     0  startup_mk64f12.o(.text)
    DMA10_IRQHandler                         0x000004ed   Thumb Code     0  startup_mk64f12.o(.text)
    DMA11_IRQHandler                         0x000004ed   Thumb Code     0  startup_mk64f12.o(.text)
    DMA12_IRQHandler                         0x000004ed   Thumb Code     0  startup_mk64f12.o(.text)
    DMA13_IRQHandler                         0x000004ed   Thumb Code     0  startup_mk64f12.o(.text)
    DMA14_IRQHandler                         0x000004ed   Thumb Code     0  startup_mk64f12.o(.text)
    DMA15_IRQHandler                         0x000004ed   Thumb Code     0  startup_mk64f12.o(.text)
    DMA1_IRQHandler                          0x000004ed   Thumb Code     0  startup_mk64f12.o(.text)
    DMA2_IRQHandler                          0x000004ed   Thumb Code     0  startup_mk64f12.o(.text)
    DMA3_IRQHandler                          0x000004ed   Thumb Code     0  startup_mk64f12.o(.text)
    DMA4_IRQHandler                          0x000004ed   Thumb Code     0  startup_mk64f12.o(.text)
    DMA5_IRQHandler                          0x000004ed   Thumb Code     0  startup_mk64f12.o(.text)
    DMA6_IRQHandler                          0x000004ed   Thumb Code     0  startup_mk64f12.o(.text)
    DMA7_IRQHandler                          0x000004ed   Thumb Code     0  startup_mk64f12.o(.text)
    DMA8_IRQHandler                          0x000004ed   Thumb Code     0  startup_mk64f12.o(.text)
    DMA9_IRQHandler                          0x000004ed   Thumb Code     0  startup_mk64f12.o(.text)
    DMA_Error_IRQHandler                     0x000004ed   Thumb Code     0  startup_mk64f12.o(.text)
    DefaultISR                               0x000004ed   Thumb Code     0  startup_mk64f12.o(.text)
    ENET_1588_Timer_IRQHandler               0x000004ed   Thumb Code     0  startup_mk64f12.o(.text)
    ENET_Error_IRQHandler                    0x000004ed   Thumb Code     0  startup_mk64f12.o(.text)
    ENET_Receive_IRQHandler                  0x000004ed   Thumb Code     0  startup_mk64f12.o(.text)
    ENET_Transmit_IRQHandler                 0x000004ed   Thumb Code     0  startup_mk64f12.o(.text)
    FTFE_IRQHandler                          0x000004ed   Thumb Code     0  startup_mk64f12.o(.text)
    FTM0_IRQHandler                          0x000004ed   Thumb Code     0  startup_mk64f12.o(.text)
    FTM1_IRQHandler                          0x000004ed   Thumb Code     0  startup_mk64f12.o(.text)
    FTM2_IRQHandler                          0x000004ed   Thumb Code     0  startup_mk64f12.o(.text)
    FTM3_IRQHandler                          0x000004ed   Thumb Code     0  startup_mk64f12.o(.text)
    I2C1_IRQHandler                          0x000004ed   Thumb Code     0  startup_mk64f12.o(.text)
    I2C2_IRQHandler                          0x000004ed   Thumb Code     0  startup_mk64f12.o(.text)
    I2S0_Rx_IRQHandler                       0x000004ed   Thumb Code     0  startup_mk64f12.o(.text)
    I2S0_Tx_IRQHandler                       0x000004ed   Thumb Code     0  startup_mk64f12.o(.text)
    LLW_IRQHandler                           0x000004ed   Thumb Code     0  startup_mk64f12.o(.text)
    LPTimer_IRQHandler                       0x000004ed   Thumb Code     0  startup_mk64f12.o(.text)
    LVD_LVW_IRQHandler                       0x000004ed   Thumb Code     0  startup_mk64f12.o(.text)
    MCG_IRQHandler                           0x000004ed   Thumb Code     0  startup_mk64f12.o(.text)
    MCM_IRQHandler                           0x000004ed   Thumb Code     0  startup_mk64f12.o(.text)
    PDB0_IRQHandler                          0x000004ed   Thumb Code     0  startup_mk64f12.o(.text)
    PIT1_IRQHandler                          0x000004ed   Thumb Code     0  startup_mk64f12.o(.text)
    PIT2_IRQHandler                          0x000004ed   Thumb Code     0  startup_mk64f12.o(.text)
    PIT3_IRQHandler                          0x000004ed   Thumb Code     0  startup_mk64f12.o(.text)
    PORTA_IRQHandler                         0x000004ed   Thumb Code     0  startup_mk64f12.o(.text)
    PORTB_IRQHandler                         0x000004ed   Thumb Code     0  startup_mk64f12.o(.text)
    PORTC_IRQHandler                         0x000004ed   Thumb Code     0  startup_mk64f12.o(.text)
    PORTD_IRQHandler                         0x000004ed   Thumb Code     0  startup_mk64f12.o(.text)
    PORTE_IRQHandler                         0x000004ed   Thumb Code     0  startup_mk64f12.o(.text)
    RNG_IRQHandler                           0x000004ed   Thumb Code     0  startup_mk64f12.o(.text)
    RTC_IRQHandler                           0x000004ed   Thumb Code     0  startup_mk64f12.o(.text)
    RTC_Seconds_IRQHandler                   0x000004ed   Thumb Code     0  startup_mk64f12.o(.text)
    Read_Collision_IRQHandler                0x000004ed   Thumb Code     0  startup_mk64f12.o(.text)
    Reserved71_IRQHandler                    0x000004ed   Thumb Code     0  startup_mk64f12.o(.text)
    SDHC_IRQHandler                          0x000004ed   Thumb Code     0  startup_mk64f12.o(.text)
    SPI0_IRQHandler                          0x000004ed   Thumb Code     0  startup_mk64f12.o(.text)
    SPI1_IRQHandler                          0x000004ed   Thumb Code     0  startup_mk64f12.o(.text)
    SPI2_IRQHandler                          0x000004ed   Thumb Code     0  startup_mk64f12.o(.text)
    SWI_IRQHandler                           0x000004ed   Thumb Code     0  startup_mk64f12.o(.text)
    UART0_ERR_IRQHandler                     0x000004ed   Thumb Code     0  startup_mk64f12.o(.text)
    UART0_LON_IRQHandler                     0x000004ed   Thumb Code     0  startup_mk64f12.o(.text)
    UART0_RX_TX_IRQHandler                   0x000004ed   Thumb Code     0  startup_mk64f12.o(.text)
    UART1_ERR_IRQHandler                     0x000004ed   Thumb Code     0  startup_mk64f12.o(.text)
    UART1_RX_TX_IRQHandler                   0x000004ed   Thumb Code     0  startup_mk64f12.o(.text)
    UART2_ERR_IRQHandler                     0x000004ed   Thumb Code     0  startup_mk64f12.o(.text)
    UART2_RX_TX_IRQHandler                   0x000004ed   Thumb Code     0  startup_mk64f12.o(.text)
    UART3_ERR_IRQHandler                     0x000004ed   Thumb Code     0  startup_mk64f12.o(.text)
    UART3_RX_TX_IRQHandler                   0x000004ed   Thumb Code     0  startup_mk64f12.o(.text)
    UART4_ERR_IRQHandler                     0x000004ed   Thumb Code     0  startup_mk64f12.o(.text)
    UART4_RX_TX_IRQHandler                   0x000004ed   Thumb Code     0  startup_mk64f12.o(.text)
    UART5_ERR_IRQHandler                     0x000004ed   Thumb Code     0  startup_mk64f12.o(.text)
    UART5_RX_TX_IRQHandler                   0x000004ed   Thumb Code     0  startup_mk64f12.o(.text)
    USB0_IRQHandler                          0x000004ed   Thumb Code     0  startup_mk64f12.o(.text)
    USBDCD_IRQHandler                        0x000004ed   Thumb Code     0  startup_mk64f12.o(.text)
    Watchdog_IRQHandler                      0x000004ed   Thumb Code     0  startup_mk64f12.o(.text)
    __user_initial_stackheap                 0x000004f1   Thumb Code     0  startup_mk64f12.o(.text)
    malloc                                   0x00000519   Thumb Code    94  h1_alloc.o(.text)
    free                                     0x00000577   Thumb Code    78  h1_free.o(.text)
    __2sprintf                               0x000005c5   Thumb Code    34  noretval__2sprintf.o(.text)
    __printf                                 0x000005ed   Thumb Code   104  __printf.o(.text)
    __aeabi_assert                           0x00000655   Thumb Code    86  assert.o(.text)
    __assert                                 0x00000655   Thumb Code     0  assert.o(.text)
    __aeabi_memclr4                          0x000006d5   Thumb Code     0  rt_memclr_w.o(.text)
    __aeabi_memclr8                          0x000006d5   Thumb Code     0  rt_memclr_w.o(.text)
    __rt_memclr_w                            0x000006d5   Thumb Code    78  rt_memclr_w.o(.text)
    _memset_w                                0x000006d9   Thumb Code     0  rt_memclr_w.o(.text)
    __use_two_region_memory                  0x00000723   Thumb Code     2  heapauxi.o(.text)
    __rt_heap_escrow                         0x00000725   Thumb Code     2  heapauxi.o(.text)
    __rt_heap_expand                         0x00000727   Thumb Code     2  heapauxi.o(.text)
    __rt_heap_descriptor                     0x00000729   Thumb Code     8  rt_heap_descriptor_intlibspace.o(.text)
    __use_no_heap                            0x00000731   Thumb Code     2  hguard.o(.text)
    __heap$guard                             0x00000733   Thumb Code     2  hguard.o(.text)
    _terminate_user_alloc                    0x00000735   Thumb Code     2  init_alloc.o(.text)
    _init_user_alloc                         0x00000737   Thumb Code     2  init_alloc.o(.text)
    __Heap_Full                              0x00000739   Thumb Code    34  init_alloc.o(.text)
    __Heap_Broken                            0x0000075b   Thumb Code     6  init_alloc.o(.text)
    _init_alloc                              0x00000761   Thumb Code    94  init_alloc.o(.text)
    __Heap_Initialize                        0x000007bf   Thumb Code    10  h1_init.o(.text)
    __Heap_DescSize                          0x000007c9   Thumb Code     4  h1_init.o(.text)
    __read_errno                             0x000007cd   Thumb Code    10  _rserrno.o(.text)
    __set_errno                              0x000007d7   Thumb Code    12  _rserrno.o(.text)
    __lib_sel_fp_printf                      0x000007e3   Thumb Code     2  _printf_fp_dec.o(.text)
    _printf_fp_dec_real                      0x00000995   Thumb Code   620  _printf_fp_dec.o(.text)
    _printf_char_common                      0x00000c0b   Thumb Code    32  _printf_char_common.o(.text)
    _sputc                                   0x00000c31   Thumb Code    10  _sputc.o(.text)
    abort                                    0x00000c3b   Thumb Code    22  abort.o(.text)
    __assert_puts                            0x00000c51   Thumb Code    20  assert_puts.o(.text)
    _ttywrch                                 0x00000c65   Thumb Code    14  sys_wrch.o(.text)
    _sys_exit                                0x00000c75   Thumb Code     8  sys_exit.o(.text)
    __user_libspace                          0x00000c81   Thumb Code     8  libspace.o(.text)
    __user_perproc_libspace                  0x00000c81   Thumb Code     0  libspace.o(.text)
    __user_perthread_libspace                0x00000c81   Thumb Code     0  libspace.o(.text)
    __rt_locale                              0x00000c89   Thumb Code     8  rt_locale_intlibspace.o(.text)
    __aeabi_errno_addr                       0x00000c91   Thumb Code     8  rt_errno_addr_intlibspace.o(.text)
    __errno$intlibspace                      0x00000c91   Thumb Code     0  rt_errno_addr_intlibspace.o(.text)
    __rt_errno_addr$intlibspace              0x00000c91   Thumb Code     0  rt_errno_addr_intlibspace.o(.text)
    __Heap_ProvideMemory                     0x00000c99   Thumb Code    52  h1_extend.o(.text)
    _ll_udiv10                               0x00000ccd   Thumb Code   138  lludiv10.o(.text)
    _printf_fp_infnan                        0x00000d59   Thumb Code   112  _printf_fp_infnan.o(.text)
    _btod_etento                             0x00000dd9   Thumb Code   224  bigflt0.o(.text)
    __rt_SIGABRT                             0x00000ebd   Thumb Code    14  defsig_abrt_outer.o(.text)
    __rt_SIGRTMEM                            0x00000ecb   Thumb Code    14  defsig_rtmem_outer.o(.text)
    __I$use$semihosting                      0x00000ed9   Thumb Code     0  use_no_semi.o(.text)
    __use_no_semihosting_swi                 0x00000ed9   Thumb Code     2  use_no_semi.o(.text)
    __semihosting_library_function           0x00000edb   Thumb Code     0  indicate_semi.o(.text)
    __user_setup_stackheap                   0x00000edb   Thumb Code    74  sys_stackheap_outer.o(.text)
    exit                                     0x00000f25   Thumb Code    18  exit.o(.text)
    __sig_exit                               0x00000f37   Thumb Code    10  defsig_exit.o(.text)
    __rt_SIGABRT_inner                       0x00000f41   Thumb Code    14  defsig_abrt_inner.o(.text)
    __rt_SIGRTMEM_inner                      0x00000f71   Thumb Code    22  defsig_rtmem_inner.o(.text)
    strcmp                                   0x00000fc1   Thumb Code   128  strcmpv7m.o(.text)
    __default_signal_display                 0x00001041   Thumb Code    50  defsig_general.o(.text)
    _btod_d2e                                0x00001073   Thumb Code    62  btod.o(CL$$btod_d2e)
    _d2e_denorm_low                          0x000010b1   Thumb Code    70  btod.o(CL$$btod_d2e_denorm_low)
    _d2e_norm_op1                            0x000010f7   Thumb Code    96  btod.o(CL$$btod_d2e_norm_op1)
    __btod_div_common                        0x00001157   Thumb Code   696  btod.o(CL$$btod_div_common)
    _e2e                                     0x0000148f   Thumb Code   220  btod.o(CL$$btod_e2e)
    _btod_ediv                               0x0000156b   Thumb Code    42  btod.o(CL$$btod_ediv)
    _btod_emul                               0x00001595   Thumb Code    42  btod.o(CL$$btod_emul)
    __btod_mult_common                       0x000015bf   Thumb Code   580  btod.o(CL$$btod_mult_common)
    GPIO_PinInit                             0x00001851   Thumb Code    80  fsl_gpio.o(i.GPIO_PinInit)
    I2C0_DriverIRQHandler                    0x000018cd   Thumb Code    14  fsl_i2c.o(i.I2C0_DriverIRQHandler)
    I2C_DisableInterrupts                    0x00001905   Thumb Code    30  fsl_i2c.o(i.I2C_DisableInterrupts)
    I2C_EnableInterrupts                     0x00001923   Thumb Code    34  fsl_i2c.o(i.I2C_EnableInterrupts)
    I2C_GetInstance                          0x00001945   Thumb Code    48  fsl_i2c.o(i.I2C_GetInstance)
    I2C_Init                                 0x000019a1   Thumb Code    86  3140_i2c.o(i.I2C_Init)
    I2C_MasterGetDefaultConfig               0x00001add   Thumb Code    44  fsl_i2c.o(i.I2C_MasterGetDefaultConfig)
    I2C_MasterGetStatusFlags                 0x00001b29   Thumb Code    30  fsl_i2c.o(i.I2C_MasterGetStatusFlags)
    I2C_MasterInit                           0x00001b49   Thumb Code   154  fsl_i2c.o(i.I2C_MasterInit)
    I2C_MasterRepeatedStart                  0x00001c19   Thumb Code   102  fsl_i2c.o(i.I2C_MasterRepeatedStart)
    I2C_MasterSetBaudRate                    0x00001c81   Thumb Code   138  fsl_i2c.o(i.I2C_MasterSetBaudRate)
    I2C_MasterStart                          0x00001d11   Thumb Code    58  fsl_i2c.o(i.I2C_MasterStart)
    I2C_MasterStop                           0x00001d4b   Thumb Code    26  fsl_i2c.o(i.I2C_MasterStop)
    I2C_MasterTransferCreateHandle           0x00001d65   Thumb Code    72  fsl_i2c.o(i.I2C_MasterTransferCreateHandle)
    I2C_MasterTransferHandleIRQ              0x00001dd1   Thumb Code   124  fsl_i2c.o(i.I2C_MasterTransferHandleIRQ)
    I2C_MasterTransferNonBlocking            0x00001e65   Thumb Code    82  fsl_i2c.o(i.I2C_MasterTransferNonBlocking)
    I2C_ReadRegs                             0x00002075   Thumb Code   102  3140_i2c.o(i.I2C_ReadRegs)
    I2C_ReleaseBus                           0x000020ed   Thumb Code   234  3140_i2c.o(i.I2C_ReleaseBus)
    I2C_WriteReg                             0x00002235   Thumb Code   112  3140_i2c.o(i.I2C_WriteReg)
    LEDBlue_Toggle                           0x000022b5   Thumb Code    10  utils.o(i.LEDBlue_Toggle)
    LED_Initialize                           0x000022c5   Thumb Code    50  utils.o(i.LED_Initialize)
    MODULE_ReadWhoAmI                        0x0000230d   Thumb Code   196  3140_module.o(i.MODULE_ReadWhoAmI)
    MODULE_getDefaultConfig                  0x000023e1   Thumb Code   120  3140_module.o(i.MODULE_getDefaultConfig)
    MODULE_getModuleDat                      0x00002459   Thumb Code   132  3140_module.o(i.MODULE_getModuleDat)
    SystemInit                               0x0000250d   Thumb Code   124  system_mk64f12.o(i.SystemInit)
    __ARM_fpclassify                         0x0000259d   Thumb Code    40  fpclassify.o(i.__ARM_fpclassify)
    __ieee754_rem_pio2                       0x000025c5   Thumb Code   828  rred.o(i.__ieee754_rem_pio2)
    __kernel_cos                             0x0000294d   Thumb Code   230  cos_i.o(i.__kernel_cos)
    __kernel_poly                            0x00002a49   Thumb Code   170  poly.o(i.__kernel_poly)
    __kernel_sin                             0x00002af5   Thumb Code   224  sin_i.o(i.__kernel_sin)
    __mathlib_dbl_infnan                     0x00002be1   Thumb Code     6  dunder.o(i.__mathlib_dbl_infnan)
    __mathlib_dbl_infnan2                    0x00002be7   Thumb Code     4  dunder.o(i.__mathlib_dbl_infnan2)
    __mathlib_dbl_invalid                    0x00002beb   Thumb Code    12  dunder.o(i.__mathlib_dbl_invalid)
    __mathlib_dbl_underflow                  0x00002bf9   Thumb Code    10  dunder.o(i.__mathlib_dbl_underflow)
    acos                                     0x00002c09   Thumb Code   574  acos.o(i.acos)
    atan                                     0x00002e85   Thumb Code   474  atan.o(i.atan)
    atan2                                    0x000030a5   Thumb Code   346  atan2.o(i.atan2)
    cos                                      0x00003225   Thumb Code   148  cos.o(i.cos)
    delay                                    0x000032c1   Thumb Code    14  utils.o(i.delay)
    i2c_master_callback                      0x000032d5   Thumb Code    32  3140_i2c.o(i.i2c_master_callback)
    main                                     0x0000330d   Thumb Code    78  main.o(i.main)
    p1                                       0x00003369   Thumb Code   154  main.o(i.p1)
    p2                                       0x00003421   Thumb Code    12  main.o(i.p2)
    process_create                           0x00003461   Thumb Code    68  process.o(i.process_create)
    process_data                             0x000034a5   Thumb Code   628  main.o(i.process_data)
    process_select                           0x00003731   Thumb Code    62  process.o(i.process_select)
    process_stack_free                       0x00003775   Thumb Code    18  3140_concur.o(i.process_stack_free)
    process_stack_init                       0x00003789   Thumb Code    90  3140_concur.o(i.process_stack_init)
    process_start                            0x000037e9   Thumb Code    86  process.o(i.process_start)
    sin                                      0x0000387d   Thumb Code   150  sin.o(i.sin)
    sqrt                                     0x0000391d   Thumb Code    76  sqrt.o(i.sqrt)
    uart_init                                0x00003969   Thumb Code   132  3140_serial.o(i.uart_init)
    uart_putChar                             0x000039fd   Thumb Code    20  3140_serial.o(i.uart_putChar)
    uart_putString                           0x00003a15   Thumb Code    22  3140_serial.o(i.uart_putString)
    _get_lc_numeric                          0x00003a2d   Thumb Code    44  lc_numeric_c.o(locale$$code)
    SVC_Handler                              0x00003a59   Thumb Code     0  3140.o(myProg)
    process_terminated                       0x00003a7f   Thumb Code     0  3140.o(myProg)
    process_begin                            0x00003a83   Thumb Code     0  3140.o(myProg)
    process_blocked                          0x00003a89   Thumb Code     0  3140.o(myProg)
    PIT0_IRQHandler                          0x00003a8f   Thumb Code     0  3140.o(myProg)
    __aeabi_d2f                              0x00003ad5   Thumb Code     0  d2f.o(x$fpl$d2f)
    _d2f                                     0x00003ad5   Thumb Code    98  d2f.o(x$fpl$d2f)
    __aeabi_dadd                             0x00003b39   Thumb Code     0  daddsub_clz.o(x$fpl$dadd)
    _dadd                                    0x00003b39   Thumb Code   332  daddsub_clz.o(x$fpl$dadd)
    __fpl_dcheck_NaN1                        0x00003c89   Thumb Code    10  dcheck1.o(x$fpl$dcheck1)
    __aeabi_ddiv                             0x00003c99   Thumb Code     0  ddiv.o(x$fpl$ddiv)
    _ddiv                                    0x00003c99   Thumb Code   552  ddiv.o(x$fpl$ddiv)
    __aeabi_d2iz                             0x00003f49   Thumb Code     0  dfix.o(x$fpl$dfix)
    _dfix                                    0x00003f49   Thumb Code    94  dfix.o(x$fpl$dfix)
    __aeabi_i2d                              0x00003fa7   Thumb Code     0  dflt_clz.o(x$fpl$dflt)
    _dflt                                    0x00003fa7   Thumb Code    46  dflt_clz.o(x$fpl$dflt)
    __aeabi_ui2d                             0x00003fd5   Thumb Code     0  dflt_clz.o(x$fpl$dfltu)
    _dfltu                                   0x00003fd5   Thumb Code    38  dflt_clz.o(x$fpl$dfltu)
    __aeabi_dmul                             0x00003ffd   Thumb Code     0  dmul.o(x$fpl$dmul)
    _dmul                                    0x00003ffd   Thumb Code   332  dmul.o(x$fpl$dmul)
    __fpl_dnaninf                            0x00004151   Thumb Code   156  dnaninf.o(x$fpl$dnaninf)
    __fpl_dretinf                            0x000041ed   Thumb Code    12  dretinf.o(x$fpl$dretinf)
    __aeabi_drsub                            0x000041f9   Thumb Code     0  daddsub_clz.o(x$fpl$drsb)
    _drsb                                    0x000041f9   Thumb Code    22  daddsub_clz.o(x$fpl$drsb)
    _dsqrt                                   0x00004211   Thumb Code   404  dsqrt_umaal.o(x$fpl$dsqrt)
    __aeabi_dsub                             0x000043a9   Thumb Code     0  daddsub_clz.o(x$fpl$dsub)
    _dsub                                    0x000043a9   Thumb Code   464  daddsub_clz.o(x$fpl$dsub)
    __aeabi_f2d                              0x0000457d   Thumb Code     0  f2d.o(x$fpl$f2d)
    _f2d                                     0x0000457d   Thumb Code    86  f2d.o(x$fpl$f2d)
    __aeabi_fadd                             0x000045d5   Thumb Code     0  faddsub_clz.o(x$fpl$fadd)
    _fadd                                    0x000045d5   Thumb Code   196  faddsub_clz.o(x$fpl$fadd)
    __aeabi_i2f                              0x00004699   Thumb Code     0  fflt_clz.o(x$fpl$fflt)
    _fflt                                    0x00004699   Thumb Code    48  fflt_clz.o(x$fpl$fflt)
    __aeabi_fmul                             0x000046c9   Thumb Code     0  fmul.o(x$fpl$fmul)
    _fmul                                    0x000046c9   Thumb Code   258  fmul.o(x$fpl$fmul)
    __fpl_fnaninf                            0x000047cb   Thumb Code   140  fnaninf.o(x$fpl$fnaninf)
    __fpl_fretinf                            0x00004857   Thumb Code    10  fretinf.o(x$fpl$fretinf)
    __aeabi_fsub                             0x00004861   Thumb Code     0  faddsub_clz.o(x$fpl$fsub)
    _fsub                                    0x00004861   Thumb Code   234  faddsub_clz.o(x$fpl$fsub)
    _printf_fp_dec                           0x0000494b   Thumb Code     4  printf1.o(x$fpl$printf1)
    __fpl_return_NaN                         0x0000494f   Thumb Code   100  retnan.o(x$fpl$retnan)
    __ARM_scalbn                             0x000049b3   Thumb Code    92  scalbn.o(x$fpl$scalbn)
    __fpl_cmpreturn                          0x00004a0f   Thumb Code    48  trapv.o(x$fpl$trapveneer)
    __I$use$fp                               0x00004a3e   Number         0  usenofp.o(x$fpl$usenofp)
    __mathlib_zero                           0x00004bf8   Data           8  qnan.o(.constdata)
    Region$$Table$$Base                      0x00004e7c   Number         0  anon$$obj.o(Region$$Table)
    Region$$Table$$Limit                     0x00004e9c   Number         0  anon$$obj.o(Region$$Table)
    nakFlag                                  0x20000000   Data           1  3140_i2c.o(.data)
    completionFlag                           0x20000001   Data           1  3140_i2c.o(.data)
    current_process                          0x20000004   Data           4  process.o(.data)
    process_queue                            0x20000008   Data           4  process.o(.data)
    process_tail                             0x2000000c   Data           4  process.o(.data)
    SystemCoreClock                          0x20000018   Data           4  system_mk64f12.o(.data)
    g_m_handle                               0x20000020   Data          40  3140_i2c.o(.bss)
    arr                                      0x20000048   Data          12  main.o(.bss)
    __libspace_start                         0x200000c4   Data          96  libspace.o(.bss)
    __temporary_stack_top$libspace           0x20000124   Data           0  libspace.o(.bss)



==============================================================================

Memory Map of the image

  Image Entry point : 0x000004cf

  Load Region LR_1 (Base: 0x00000000, Size: 0x00004ed8, Max: 0xffffffff, ABSOLUTE)

    Execution Region ER_RO (Exec base: 0x00000000, Load base: 0x00000000, Size: 0x00004eb8, Max: 0xffffffff, ABSOLUTE)

    Exec Addr    Load Addr    Size         Type   Attr      Idx    E Section Name        Object

    0x00000000   0x00000000   0x00000400   Data   RO         1195    RESET               startup_mk64f12.o
    0x00000400   0x00000400   0x00000010   Code   RO         1196    .ARM.__at_0x400     startup_mk64f12.o
    0x00000410   0x00000410   0x00000008   Code   RO         1339  * !!!main             c_w.l(__main.o)
    0x00000418   0x00000418   0x00000034   Code   RO         1767    !!!scatter          c_w.l(__scatter.o)
    0x0000044c   0x0000044c   0x0000001a   Code   RO         1769    !!handler_copy      c_w.l(__scatter_copy.o)
    0x00000466   0x00000466   0x00000002   PAD
    0x00000468   0x00000468   0x0000001c   Code   RO         1771    !!handler_zi        c_w.l(__scatter_zi.o)
    0x00000484   0x00000484   0x00000000   Code   RO         1332    .ARM.Collect$$_printf_percent$$00000000  c_w.l(_printf_percent.o)
    0x00000484   0x00000484   0x00000006   Code   RO         1331    .ARM.Collect$$_printf_percent$$00000003  c_w.l(_printf_f.o)
    0x0000048a   0x0000048a   0x00000004   Code   RO         1455    .ARM.Collect$$_printf_percent$$00000017  c_w.l(_printf_percent_end.o)
    0x0000048e   0x0000048e   0x00000002   Code   RO         1708    .ARM.Collect$$libinit$$00000000  c_w.l(libinit.o)
    0x00000490   0x00000490   0x00000000   Code   RO         1465    .ARM.Collect$$libinit$$00000002  c_w.l(libinit2.o)
    0x00000490   0x00000490   0x00000000   Code   RO         1467    .ARM.Collect$$libinit$$00000004  c_w.l(libinit2.o)
    0x00000490   0x00000490   0x00000008   Code   RO         1468    .ARM.Collect$$libinit$$00000005  c_w.l(libinit2.o)
    0x00000498   0x00000498   0x00000000   Code   RO         1470    .ARM.Collect$$libinit$$0000000A  c_w.l(libinit2.o)
    0x00000498   0x00000498   0x00000000   Code   RO         1472    .ARM.Collect$$libinit$$0000000C  c_w.l(libinit2.o)
    0x00000498   0x00000498   0x00000000   Code   RO         1474    .ARM.Collect$$libinit$$0000000E  c_w.l(libinit2.o)
    0x00000498   0x00000498   0x00000006   Code   RO         1475    .ARM.Collect$$libinit$$0000000F  c_w.l(libinit2.o)
    0x0000049e   0x0000049e   0x00000000   Code   RO         1477    .ARM.Collect$$libinit$$00000011  c_w.l(libinit2.o)
    0x0000049e   0x0000049e   0x00000000   Code   RO         1479    .ARM.Collect$$libinit$$00000013  c_w.l(libinit2.o)
    0x0000049e   0x0000049e   0x00000000   Code   RO         1481    .ARM.Collect$$libinit$$00000015  c_w.l(libinit2.o)
    0x0000049e   0x0000049e   0x0000000a   Code   RO         1482    .ARM.Collect$$libinit$$00000016  c_w.l(libinit2.o)
    0x000004a8   0x000004a8   0x00000000   Code   RO         1483    .ARM.Collect$$libinit$$00000017  c_w.l(libinit2.o)
    0x000004a8   0x000004a8   0x00000000   Code   RO         1485    .ARM.Collect$$libinit$$00000019  c_w.l(libinit2.o)
    0x000004a8   0x000004a8   0x00000000   Code   RO         1487    .ARM.Collect$$libinit$$0000001B  c_w.l(libinit2.o)
    0x000004a8   0x000004a8   0x00000000   Code   RO         1489    .ARM.Collect$$libinit$$0000001D  c_w.l(libinit2.o)
    0x000004a8   0x000004a8   0x00000000   Code   RO         1491    .ARM.Collect$$libinit$$0000001F  c_w.l(libinit2.o)
    0x000004a8   0x000004a8   0x00000000   Code   RO         1493    .ARM.Collect$$libinit$$00000021  c_w.l(libinit2.o)
    0x000004a8   0x000004a8   0x00000000   Code   RO         1495    .ARM.Collect$$libinit$$00000023  c_w.l(libinit2.o)
    0x000004a8   0x000004a8   0x00000000   Code   RO         1497    .ARM.Collect$$libinit$$00000025  c_w.l(libinit2.o)
    0x000004a8   0x000004a8   0x00000000   Code   RO         1501    .ARM.Collect$$libinit$$0000002C  c_w.l(libinit2.o)
    0x000004a8   0x000004a8   0x00000000   Code   RO         1503    .ARM.Collect$$libinit$$0000002E  c_w.l(libinit2.o)
    0x000004a8   0x000004a8   0x00000000   Code   RO         1505    .ARM.Collect$$libinit$$00000030  c_w.l(libinit2.o)
    0x000004a8   0x000004a8   0x00000000   Code   RO         1507    .ARM.Collect$$libinit$$00000032  c_w.l(libinit2.o)
    0x000004a8   0x000004a8   0x00000002   Code   RO         1508    .ARM.Collect$$libinit$$00000033  c_w.l(libinit2.o)
    0x000004aa   0x000004aa   0x00000002   Code   RO         1764    .ARM.Collect$$libshutdown$$00000000  c_w.l(libshutdown.o)
    0x000004ac   0x000004ac   0x00000000   Code   RO         1724    .ARM.Collect$$libshutdown$$00000002  c_w.l(libshutdown2.o)
    0x000004ac   0x000004ac   0x00000000   Code   RO         1726    .ARM.Collect$$libshutdown$$00000004  c_w.l(libshutdown2.o)
    0x000004ac   0x000004ac   0x00000000   Code   RO         1729    .ARM.Collect$$libshutdown$$00000007  c_w.l(libshutdown2.o)
    0x000004ac   0x000004ac   0x00000000   Code   RO         1732    .ARM.Collect$$libshutdown$$0000000A  c_w.l(libshutdown2.o)
    0x000004ac   0x000004ac   0x00000000   Code   RO         1734    .ARM.Collect$$libshutdown$$0000000C  c_w.l(libshutdown2.o)
    0x000004ac   0x000004ac   0x00000000   Code   RO         1737    .ARM.Collect$$libshutdown$$0000000F  c_w.l(libshutdown2.o)
    0x000004ac   0x000004ac   0x00000002   Code   RO         1738    .ARM.Collect$$libshutdown$$00000010  c_w.l(libshutdown2.o)
    0x000004ae   0x000004ae   0x00000000   Code   RO         1417    .ARM.Collect$$rtentry$$00000000  c_w.l(__rtentry.o)
    0x000004ae   0x000004ae   0x00000000   Code   RO         1575    .ARM.Collect$$rtentry$$00000002  c_w.l(__rtentry2.o)
    0x000004ae   0x000004ae   0x00000006   Code   RO         1587    .ARM.Collect$$rtentry$$00000004  c_w.l(__rtentry4.o)
    0x000004b4   0x000004b4   0x00000000   Code   RO         1577    .ARM.Collect$$rtentry$$00000009  c_w.l(__rtentry2.o)
    0x000004b4   0x000004b4   0x00000004   Code   RO         1578    .ARM.Collect$$rtentry$$0000000A  c_w.l(__rtentry2.o)
    0x000004b8   0x000004b8   0x00000000   Code   RO         1580    .ARM.Collect$$rtentry$$0000000C  c_w.l(__rtentry2.o)
    0x000004b8   0x000004b8   0x00000008   Code   RO         1581    .ARM.Collect$$rtentry$$0000000D  c_w.l(__rtentry2.o)
    0x000004c0   0x000004c0   0x00000002   Code   RO         1711    .ARM.Collect$$rtexit$$00000000  c_w.l(rtexit.o)
    0x000004c2   0x000004c2   0x00000000   Code   RO         1742    .ARM.Collect$$rtexit$$00000002  c_w.l(rtexit2.o)
    0x000004c2   0x000004c2   0x00000004   Code   RO         1743    .ARM.Collect$$rtexit$$00000003  c_w.l(rtexit2.o)
    0x000004c6   0x000004c6   0x00000006   Code   RO         1744    .ARM.Collect$$rtexit$$00000004  c_w.l(rtexit2.o)
    0x000004cc   0x000004cc   0x00000000   Code   RO         1603    .emb_text           c_w.l(maybetermalloc1.o)
    0x000004cc   0x000004cc   0x0000004c   Code   RO         1197  * .text               startup_mk64f12.o
    0x00000518   0x00000518   0x0000005e   Code   RO         1245    .text               c_w.l(h1_alloc.o)
    0x00000576   0x00000576   0x0000004e   Code   RO         1247    .text               c_w.l(h1_free.o)
    0x000005c4   0x000005c4   0x00000028   Code   RO         1307    .text               c_w.l(noretval__2sprintf.o)
    0x000005ec   0x000005ec   0x00000068   Code   RO         1309    .text               c_w.l(__printf.o)
    0x00000654   0x00000654   0x00000080   Code   RO         1333    .text               c_w.l(assert.o)
    0x000006d4   0x000006d4   0x0000004e   Code   RO         1335    .text               c_w.l(rt_memclr_w.o)
    0x00000722   0x00000722   0x00000006   Code   RO         1337    .text               c_w.l(heapauxi.o)
    0x00000728   0x00000728   0x00000008   Code   RO         1425    .text               c_w.l(rt_heap_descriptor_intlibspace.o)
    0x00000730   0x00000730   0x00000004   Code   RO         1427    .text               c_w.l(hguard.o)
    0x00000734   0x00000734   0x0000008a   Code   RO         1429    .text               c_w.l(init_alloc.o)
    0x000007be   0x000007be   0x0000000e   Code   RO         1433    .text               c_w.l(h1_init.o)
    0x000007cc   0x000007cc   0x00000016   Code   RO         1447    .text               c_w.l(_rserrno.o)
    0x000007e2   0x000007e2   0x0000041e   Code   RO         1449    .text               c_w.l(_printf_fp_dec.o)
    0x00000c00   0x00000c00   0x00000030   Code   RO         1451    .text               c_w.l(_printf_char_common.o)
    0x00000c30   0x00000c30   0x0000000a   Code   RO         1453    .text               c_w.l(_sputc.o)
    0x00000c3a   0x00000c3a   0x00000016   Code   RO         1456    .text               c_w.l(abort.o)
    0x00000c50   0x00000c50   0x00000014   Code   RO         1458    .text               c_w.l(assert_puts.o)
    0x00000c64   0x00000c64   0x0000000e   Code   RO         1565    .text               c_w.l(sys_wrch.o)
    0x00000c72   0x00000c72   0x00000002   PAD
    0x00000c74   0x00000c74   0x0000000c   Code   RO         1569    .text               c_w.l(sys_exit.o)
    0x00000c80   0x00000c80   0x00000008   Code   RO         1571    .text               c_w.l(libspace.o)
    0x00000c88   0x00000c88   0x00000008   Code   RO         1594    .text               c_w.l(rt_locale_intlibspace.o)
    0x00000c90   0x00000c90   0x00000008   Code   RO         1599    .text               c_w.l(rt_errno_addr_intlibspace.o)
    0x00000c98   0x00000c98   0x00000034   Code   RO         1605    .text               c_w.l(h1_extend.o)
    0x00000ccc   0x00000ccc   0x0000008a   Code   RO         1609    .text               c_w.l(lludiv10.o)
    0x00000d56   0x00000d56   0x00000002   PAD
    0x00000d58   0x00000d58   0x00000080   Code   RO         1611    .text               c_w.l(_printf_fp_infnan.o)
    0x00000dd8   0x00000dd8   0x000000e4   Code   RO         1615    .text               c_w.l(bigflt0.o)
    0x00000ebc   0x00000ebc   0x0000000e   Code   RO         1643    .text               c_w.l(defsig_abrt_outer.o)
    0x00000eca   0x00000eca   0x0000000e   Code   RO         1647    .text               c_w.l(defsig_rtmem_outer.o)
    0x00000ed8   0x00000ed8   0x00000002   Code   RO         1676    .text               c_w.l(use_no_semi.o)
    0x00000eda   0x00000eda   0x00000000   Code   RO         1678    .text               c_w.l(indicate_semi.o)
    0x00000eda   0x00000eda   0x0000004a   Code   RO         1679    .text               c_w.l(sys_stackheap_outer.o)
    0x00000f24   0x00000f24   0x00000012   Code   RO         1685    .text               c_w.l(exit.o)
    0x00000f36   0x00000f36   0x0000000a   Code   RO         1687    .text               c_w.l(defsig_exit.o)
    0x00000f40   0x00000f40   0x00000030   Code   RO         1689    .text               c_w.l(defsig_abrt_inner.o)
    0x00000f70   0x00000f70   0x00000050   Code   RO         1695    .text               c_w.l(defsig_rtmem_inner.o)
    0x00000fc0   0x00000fc0   0x00000080   Code   RO         1697    .text               c_w.l(strcmpv7m.o)
    0x00001040   0x00001040   0x00000032   Code   RO         1719    .text               c_w.l(defsig_general.o)
    0x00001072   0x00001072   0x0000003e   Code   RO         1618    CL$$btod_d2e        c_w.l(btod.o)
    0x000010b0   0x000010b0   0x00000046   Code   RO         1620    CL$$btod_d2e_denorm_low  c_w.l(btod.o)
    0x000010f6   0x000010f6   0x00000060   Code   RO         1619    CL$$btod_d2e_norm_op1  c_w.l(btod.o)
    0x00001156   0x00001156   0x00000338   Code   RO         1628    CL$$btod_div_common  c_w.l(btod.o)
    0x0000148e   0x0000148e   0x000000dc   Code   RO         1625    CL$$btod_e2e        c_w.l(btod.o)
    0x0000156a   0x0000156a   0x0000002a   Code   RO         1622    CL$$btod_ediv       c_w.l(btod.o)
    0x00001594   0x00001594   0x0000002a   Code   RO         1621    CL$$btod_emul       c_w.l(btod.o)
    0x000015be   0x000015be   0x00000244   Code   RO         1627    CL$$btod_mult_common  c_w.l(btod.o)
    0x00001802   0x00001802   0x00000002   PAD
    0x00001804   0x00001804   0x00000018   Code   RO          922    i.CLOCK_EnableClock  fsl_i2c.o
    0x0000181c   0x0000181c   0x00000034   Code   RO          923    i.EnableIRQ         fsl_i2c.o
    0x00001850   0x00001850   0x00000064   Code   RO          875    i.GPIO_PinInit      fsl_gpio.o
    0x000018b4   0x000018b4   0x00000016   Code   RO            4    i.GPIO_PinWrite     3140_i2c.o
    0x000018ca   0x000018ca   0x00000002   PAD
    0x000018cc   0x000018cc   0x00000018   Code   RO          924    i.I2C0_DriverIRQHandler  fsl_i2c.o
    0x000018e4   0x000018e4   0x00000020   Code   RO          927    i.I2C_CheckAndClearError  fsl_i2c.o
    0x00001904   0x00001904   0x0000001e   Code   RO          928    i.I2C_DisableInterrupts  fsl_i2c.o
    0x00001922   0x00001922   0x00000022   Code   RO          930    i.I2C_EnableInterrupts  fsl_i2c.o
    0x00001944   0x00001944   0x0000005c   Code   RO          931    i.I2C_GetInstance   fsl_i2c.o
    0x000019a0   0x000019a0   0x00000074   Code   RO            5    i.I2C_Init          3140_i2c.o
    0x00001a14   0x00001a14   0x0000009a   Code   RO          932    i.I2C_InitTransferStateMachine  fsl_i2c.o
    0x00001aae   0x00001aae   0x0000002c   Code   RO          933    i.I2C_MasterClearStatusFlags  fsl_i2c.o
    0x00001ada   0x00001ada   0x00000002   PAD
    0x00001adc   0x00001adc   0x0000004c   Code   RO          935    i.I2C_MasterGetDefaultConfig  fsl_i2c.o
    0x00001b28   0x00001b28   0x0000001e   Code   RO          936    i.I2C_MasterGetStatusFlags  fsl_i2c.o
    0x00001b46   0x00001b46   0x00000002   PAD
    0x00001b48   0x00001b48   0x000000d0   Code   RO          937    i.I2C_MasterInit    fsl_i2c.o
    0x00001c18   0x00001c18   0x00000066   Code   RO          939    i.I2C_MasterRepeatedStart  fsl_i2c.o
    0x00001c7e   0x00001c7e   0x00000002   PAD
    0x00001c80   0x00001c80   0x00000090   Code   RO          940    i.I2C_MasterSetBaudRate  fsl_i2c.o
    0x00001d10   0x00001d10   0x0000003a   Code   RO          941    i.I2C_MasterStart   fsl_i2c.o
    0x00001d4a   0x00001d4a   0x0000001a   Code   RO          942    i.I2C_MasterStop    fsl_i2c.o
    0x00001d64   0x00001d64   0x0000006c   Code   RO          945    i.I2C_MasterTransferCreateHandle  fsl_i2c.o
    0x00001dd0   0x00001dd0   0x00000094   Code   RO          947    i.I2C_MasterTransferHandleIRQ  fsl_i2c.o
    0x00001e64   0x00001e64   0x00000078   Code   RO          948    i.I2C_MasterTransferNonBlocking  fsl_i2c.o
    0x00001edc   0x00001edc   0x00000198   Code   RO          949    i.I2C_MasterTransferRunStateMachine  fsl_i2c.o
    0x00002074   0x00002074   0x00000078   Code   RO            6    i.I2C_ReadRegs      3140_i2c.o
    0x000020ec   0x000020ec   0x000000fc   Code   RO            7    i.I2C_ReleaseBus    3140_i2c.o
    0x000021e8   0x000021e8   0x0000004c   Code   RO          962    i.I2C_TransferCommonIRQHandler  fsl_i2c.o
    0x00002234   0x00002234   0x00000080   Code   RO            8    i.I2C_WriteReg      3140_i2c.o
    0x000022b4   0x000022b4   0x00000010   Code   RO          226    i.LEDBlue_Toggle    utils.o
    0x000022c4   0x000022c4   0x00000048   Code   RO          231    i.LED_Initialize    utils.o
    0x0000230c   0x0000230c   0x000000d4   Code   RO          388    i.MODULE_ReadWhoAmI  3140_module.o
    0x000023e0   0x000023e0   0x00000078   Code   RO          389    i.MODULE_getDefaultConfig  3140_module.o
    0x00002458   0x00002458   0x00000084   Code   RO          390    i.MODULE_getModuleDat  3140_module.o
    0x000024dc   0x000024dc   0x00000030   Code   RO            9    i.PORT_SetPinConfig  3140_i2c.o
    0x0000250c   0x0000250c   0x00000090   Code   RO         1207    i.SystemInit        system_mk64f12.o
    0x0000259c   0x0000259c   0x00000028   Code   RO         1674    i.__ARM_fpclassify  m_ws.l(fpclassify.o)
    0x000025c4   0x000025c4   0x00000388   Code   RO         1554    i.__ieee754_rem_pio2  m_ws.l(rred.o)
    0x0000294c   0x0000294c   0x000000fc   Code   RO         1534    i.__kernel_cos      m_ws.l(cos_i.o)
    0x00002a48   0x00002a48   0x000000aa   Code   RO         1551    i.__kernel_poly     m_ws.l(poly.o)
    0x00002af2   0x00002af2   0x00000002   PAD
    0x00002af4   0x00002af4   0x000000ec   Code   RO         1559    i.__kernel_sin      m_ws.l(sin_i.o)
    0x00002be0   0x00002be0   0x00000006   Code   RO         1538    i.__mathlib_dbl_infnan  m_ws.l(dunder.o)
    0x00002be6   0x00002be6   0x00000004   Code   RO         1539    i.__mathlib_dbl_infnan2  m_ws.l(dunder.o)
    0x00002bea   0x00002bea   0x0000000c   Code   RO         1540    i.__mathlib_dbl_invalid  m_ws.l(dunder.o)
    0x00002bf6   0x00002bf6   0x00000002   PAD
    0x00002bf8   0x00002bf8   0x00000010   Code   RO         1543    i.__mathlib_dbl_underflow  m_ws.l(dunder.o)
    0x00002c08   0x00002c08   0x0000027c   Code   RO         1374    i.acos              m_ws.l(acos.o)
    0x00002e84   0x00002e84   0x00000220   Code   RO         1525    i.atan              m_ws.l(atan.o)
    0x000030a4   0x000030a4   0x00000180   Code   RO         1384    i.atan2             m_ws.l(atan2.o)
    0x00003224   0x00003224   0x0000009c   Code   RO         1392    i.cos               m_ws.l(cos.o)
    0x000032c0   0x000032c0   0x00000014   Code   RO          235    i.delay             utils.o
    0x000032d4   0x000032d4   0x00000028   Code   RO           10    i.i2c_master_callback  3140_i2c.o
    0x000032fc   0x000032fc   0x00000010   Code   RO           11    i.i2c_release_bus_delay  3140_i2c.o
    0x0000330c   0x0000330c   0x0000005c   Code   RO          437    i.main              main.o
    0x00003368   0x00003368   0x000000b8   Code   RO          438    i.p1                main.o
    0x00003420   0x00003420   0x0000000c   Code   RO          439    i.p2                main.o
    0x0000342c   0x0000342c   0x00000034   Code   RO          324    i.pop_front_process  process.o
    0x00003460   0x00003460   0x00000044   Code   RO          325    i.process_create    process.o
    0x000034a4   0x000034a4   0x00000278   Code   RO          440    i.process_data      main.o
    0x0000371c   0x0000371c   0x00000014   Code   RO          326    i.process_free      process.o
    0x00003730   0x00003730   0x00000044   Code   RO          327    i.process_select    process.o
    0x00003774   0x00003774   0x00000012   Code   RO          185    i.process_stack_free  3140_concur.o
    0x00003786   0x00003786   0x00000002   PAD
    0x00003788   0x00003788   0x00000060   Code   RO          186    i.process_stack_init  3140_concur.o
    0x000037e8   0x000037e8   0x0000006c   Code   RO          328    i.process_start     process.o
    0x00003854   0x00003854   0x00000028   Code   RO          329    i.push_tail_process  process.o
    0x0000387c   0x0000387c   0x000000a0   Code   RO         1400    i.sin               m_ws.l(sin.o)
    0x0000391c   0x0000391c   0x0000004c   Code   RO         1408    i.sqrt              m_ws.l(sqrt.o)
    0x00003968   0x00003968   0x00000094   Code   RO          138    i.uart_init         3140_serial.o
    0x000039fc   0x000039fc   0x00000018   Code   RO          139    i.uart_putChar      3140_serial.o
    0x00003a14   0x00003a14   0x00000016   Code   RO          140    i.uart_putString    3140_serial.o
    0x00003a2a   0x00003a2a   0x00000002   PAD
    0x00003a2c   0x00003a2c   0x0000002c   Code   RO         1641    locale$$code        c_w.l(lc_numeric_c.o)
    0x00003a58   0x00003a58   0x0000007c   Code   RO          179    myProg              3140.o
    0x00003ad4   0x00003ad4   0x00000062   Code   RO         1341    x$fpl$d2f           fz_ws.l(d2f.o)
    0x00003b36   0x00003b36   0x00000002   PAD
    0x00003b38   0x00003b38   0x00000150   Code   RO         1343    x$fpl$dadd          fz_ws.l(daddsub_clz.o)
    0x00003c88   0x00003c88   0x00000010   Code   RO         1656    x$fpl$dcheck1       fz_ws.l(dcheck1.o)
    0x00003c98   0x00003c98   0x000002b0   Code   RO         1350    x$fpl$ddiv          fz_ws.l(ddiv.o)
    0x00003f48   0x00003f48   0x0000005e   Code   RO         1660    x$fpl$dfix          fz_ws.l(dfix.o)
    0x00003fa6   0x00003fa6   0x0000002e   Code   RO         1665    x$fpl$dflt          fz_ws.l(dflt_clz.o)
    0x00003fd4   0x00003fd4   0x00000026   Code   RO         1664    x$fpl$dfltu         fz_ws.l(dflt_clz.o)
    0x00003ffa   0x00003ffa   0x00000002   PAD
    0x00003ffc   0x00003ffc   0x00000154   Code   RO         1353    x$fpl$dmul          fz_ws.l(dmul.o)
    0x00004150   0x00004150   0x0000009c   Code   RO         1511    x$fpl$dnaninf       fz_ws.l(dnaninf.o)
    0x000041ec   0x000041ec   0x0000000c   Code   RO         1513    x$fpl$dretinf       fz_ws.l(dretinf.o)
    0x000041f8   0x000041f8   0x00000016   Code   RO         1344    x$fpl$drsb          fz_ws.l(daddsub_clz.o)
    0x0000420e   0x0000420e   0x00000002   PAD
    0x00004210   0x00004210   0x00000198   Code   RO         1515    x$fpl$dsqrt         fz_ws.l(dsqrt_umaal.o)
    0x000043a8   0x000043a8   0x000001d4   Code   RO         1345    x$fpl$dsub          fz_ws.l(daddsub_clz.o)
    0x0000457c   0x0000457c   0x00000056   Code   RO         1355    x$fpl$f2d           fz_ws.l(f2d.o)
    0x000045d2   0x000045d2   0x00000002   PAD
    0x000045d4   0x000045d4   0x000000c4   Code   RO         1357    x$fpl$fadd          fz_ws.l(faddsub_clz.o)
    0x00004698   0x00004698   0x00000030   Code   RO         1364    x$fpl$fflt          fz_ws.l(fflt_clz.o)
    0x000046c8   0x000046c8   0x00000102   Code   RO         1369    x$fpl$fmul          fz_ws.l(fmul.o)
    0x000047ca   0x000047ca   0x0000008c   Code   RO         1517    x$fpl$fnaninf       fz_ws.l(fnaninf.o)
    0x00004856   0x00004856   0x0000000a   Code   RO         1519    x$fpl$fretinf       fz_ws.l(fretinf.o)
    0x00004860   0x00004860   0x000000ea   Code   RO         1359    x$fpl$fsub          fz_ws.l(faddsub_clz.o)
    0x0000494a   0x0000494a   0x00000004   Code   RO         1371    x$fpl$printf1       fz_ws.l(printf1.o)
    0x0000494e   0x0000494e   0x00000064   Code   RO         1709    x$fpl$retnan        fz_ws.l(retnan.o)
    0x000049b2   0x000049b2   0x0000005c   Code   RO         1521    x$fpl$scalbn        fz_ws.l(scalbn.o)
    0x00004a0e   0x00004a0e   0x00000030   Code   RO         1739    x$fpl$trapveneer    fz_ws.l(trapv.o)
    0x00004a3e   0x00004a3e   0x00000000   Code   RO         1523    x$fpl$usenofp       fz_ws.l(usenofp.o)
    0x00004a3e   0x00004a3e   0x00000002   PAD
    0x00004a40   0x00004a40   0x0000009c   Data   RO          964    .constdata          fsl_i2c.o
    0x00004adc   0x00004adc   0x00000004   PAD
    0x00004ae0   0x00004ae0   0x00000050   Data   RO         1375    .constdata          m_ws.l(acos.o)
    0x00004b30   0x00004b30   0x00000098   Data   RO         1526    .constdata          m_ws.l(atan.o)
    0x00004bc8   0x00004bc8   0x00000030   Data   RO         1535    .constdata          m_ws.l(cos_i.o)
    0x00004bf8   0x00004bf8   0x00000008   Data   RO         1553    .constdata          m_ws.l(qnan.o)
    0x00004c00   0x00004c00   0x000000c8   Data   RO         1556    .constdata          m_ws.l(rred.o)
    0x00004cc8   0x00004cc8   0x00000028   Data   RO         1560    .constdata          m_ws.l(sin_i.o)
    0x00004cf0   0x00004cf0   0x00000094   Data   RO         1616    .constdata          c_w.l(bigflt0.o)
    0x00004d84   0x00004d84   0x00000051   Data   RO           13    .conststring        3140_i2c.o
    0x00004dd5   0x00004dd5   0x00000003   PAD
    0x00004dd8   0x00004dd8   0x00000051   Data   RO          879    .conststring        fsl_gpio.o
    0x00004e29   0x00004e29   0x00000003   PAD
    0x00004e2c   0x00004e2c   0x00000050   Data   RO          965    .conststring        fsl_i2c.o
    0x00004e7c   0x00004e7c   0x00000020   Data   RO         1765    Region$$Table       anon$$obj.o
    0x00004e9c   0x00004e9c   0x0000001c   Data   RO         1640    locale$$data        c_w.l(lc_numeric_c.o)


    Execution Region ER_RW (Exec base: 0x20000000, Load base: 0x00004eb8, Size: 0x00000020, Max: 0xffffffff, ABSOLUTE)

    Exec Addr    Load Addr    Size         Type   Attr      Idx    E Section Name        Object

    0x20000000   0x00004eb8   0x00000002   Data   RW           14    .data               3140_i2c.o
    0x20000002   0x00004eba   0x00000002   PAD
    0x20000004   0x00004ebc   0x0000000c   Data   RW          330    .data               process.o
    0x20000010   0x00004ec8   0x00000008   Data   RW          966    .data               fsl_i2c.o
    0x20000018   0x00004ed0   0x00000004   Data   RW         1208    .data               system_mk64f12.o
    0x2000001c   0x00004ed4   0x00000004   Data   RW          178    myData              3140.o


    Execution Region ER_ZI (Exec base: 0x20000020, Load base: 0x00004ed8, Size: 0x00010508, Max: 0xffffffff, ABSOLUTE)

    Exec Addr    Load Addr    Size         Type   Attr      Idx    E Section Name        Object

    0x20000020        -       0x00000028   Zero   RW           12    .bss                3140_i2c.o
    0x20000048        -       0x00000070   Zero   RW          441    .bss                main.o
    0x200000b8        -       0x0000000c   Zero   RW          963    .bss                fsl_i2c.o
    0x200000c4        -       0x00000060   Zero   RW         1572    .bss                c_w.l(libspace.o)
    0x20000124   0x00004ed8   0x00000004   PAD
    0x20000128        -       0x00010000   Zero   RW         1194    HEAP                startup_mk64f12.o
    0x20010128        -       0x00000400   Zero   RW         1193    STACK               startup_mk64f12.o


==============================================================================

Image component sizes


      Code (inc. data)   RO Data    RW Data    ZI Data      Debug   Object Name

       124         24          0          4          0        268   3140.o
       114          6          0          0          0       1286   3140_concur.o
       742        102         81          2         40     496579   3140_i2c.o
       464         16          0          0          0       3104   3140_module.o
       194         20          0          0          0       1380   3140_serial.o
       100         20         81          0          0       2399   fsl_gpio.o
      1990        272        236          8         12      31869   fsl_i2c.o
       920         48          0          0        112       3106   main.o
       356         46          0         12          0      33018   process.o
        92         48       1024          0      66560       1076   startup_mk64f12.o
       144         20          0          4          0        743   system_mk64f12.o
       108         34          0          0          0       1182   utils.o

    ----------------------------------------------------------------------
      5360        656       1464         32      66724     576010   Object Totals
         0          0         32          0          0          0   (incl. Generated)
        12          0         10          2          0          0   (incl. Padding)

    ----------------------------------------------------------------------

      Code (inc. data)   RO Data    RW Data    ZI Data      Debug   Library Member Name

         8          0          0          0          0         68   __main.o
       104          0          0          0          0         84   __printf.o
         0          0          0          0          0          0   __rtentry.o
        12          0          0          0          0          0   __rtentry2.o
         6          0          0          0          0          0   __rtentry4.o
        52          8          0          0          0          0   __scatter.o
        26          0          0          0          0          0   __scatter_copy.o
        28          0          0          0          0          0   __scatter_zi.o
        48          6          0          0          0         96   _printf_char_common.o
         6          0          0          0          0          0   _printf_f.o
      1054          0          0          0          0        216   _printf_fp_dec.o
       128         16          0          0          0         84   _printf_fp_infnan.o
         0          0          0          0          0          0   _printf_percent.o
         4          0          0          0          0          0   _printf_percent_end.o
        22          0          0          0          0        100   _rserrno.o
        10          0          0          0          0         68   _sputc.o
        22          0          0          0          0         80   abort.o
       128         42          0          0          0         76   assert.o
        20          0          0          0          0         76   assert_puts.o
       228          4        148          0          0         96   bigflt0.o
      1936        128          0          0          0        672   btod.o
        48         34          0          0          0         76   defsig_abrt_inner.o
        14          0          0          0          0         80   defsig_abrt_outer.o
        10          0          0          0          0         68   defsig_exit.o
        50          0          0          0          0         88   defsig_general.o
        80         58          0          0          0         76   defsig_rtmem_inner.o
        14          0          0          0          0         80   defsig_rtmem_outer.o
        18          0          0          0          0         80   exit.o
        94          0          0          0          0         80   h1_alloc.o
        52          0          0          0          0         68   h1_extend.o
        78          0          0          0          0         80   h1_free.o
        14          0          0          0          0         84   h1_init.o
         6          0          0          0          0        152   heapauxi.o
         4          0          0          0          0        136   hguard.o
         0          0          0          0          0          0   indicate_semi.o
       138          0          0          0          0        168   init_alloc.o
        44         10         28          0          0         76   lc_numeric_c.o
         2          0          0          0          0          0   libinit.o
        26          0          0          0          0          0   libinit2.o
         2          0          0          0          0          0   libshutdown.o
         2          0          0          0          0          0   libshutdown2.o
         8          4          0          0         96         68   libspace.o
       138          0          0          0          0         80   lludiv10.o
         0          0          0          0          0          0   maybetermalloc1.o
        40          6          0          0          0         84   noretval__2sprintf.o
         8          4          0          0          0         68   rt_errno_addr_intlibspace.o
         8          4          0          0          0         68   rt_heap_descriptor_intlibspace.o
         8          4          0          0          0         68   rt_locale_intlibspace.o
        78          0          0          0          0         80   rt_memclr_w.o
         2          0          0          0          0          0   rtexit.o
        10          0          0          0          0          0   rtexit2.o
       128          0          0          0          0         68   strcmpv7m.o
        12          4          0          0          0         68   sys_exit.o
        74          0          0          0          0         80   sys_stackheap_outer.o
        14          0          0          0          0         76   sys_wrch.o
         2          0          0          0          0         68   use_no_semi.o
        98          4          0          0          0         92   d2f.o
       826         16          0          0          0        348   daddsub_clz.o
        16          4          0          0          0         68   dcheck1.o
       688        140          0          0          0        208   ddiv.o
        94          4          0          0          0         92   dfix.o
        84          0          0          0          0        136   dflt_clz.o
       340         12          0          0          0        104   dmul.o
       156          4          0          0          0         92   dnaninf.o
        12          0          0          0          0         68   dretinf.o
       408         56          0          0          0        120   dsqrt_umaal.o
        86          4          0          0          0         84   f2d.o
       430          8          0          0          0        168   faddsub_clz.o
        48          0          0          0          0         68   fflt_clz.o
       258          4          0          0          0         84   fmul.o
       140          4          0          0          0         84   fnaninf.o
        10          0          0          0          0         68   fretinf.o
         4          0          0          0          0         68   printf1.o
       100          0          0          0          0         68   retnan.o
        92          0          0          0          0         68   scalbn.o
        48          0          0          0          0         68   trapv.o
         0          0          0          0          0          0   usenofp.o
       636         62         80          0          0        188   acos.o
       544         70        152          0          0        124   atan.o
       384         38          0          0          0        144   atan2.o
       156          8          0          0          0        104   cos.o
       252         22         48          0          0        124   cos_i.o
        38          6          0          0          0        272   dunder.o
        40          0          0          0          0         68   fpclassify.o
       170          0          0          0          0         96   poly.o
         0          0          8          0          0          0   qnan.o
       904         76        200          0          0        140   rred.o
       160         10          0          0          0        108   sin.o
       236         12         40          0          0        128   sin_i.o
        76          0          0          0          0         84   sqrt.o

    ----------------------------------------------------------------------
     12624        896        704          0        100       7720   Library Totals
        22          0          0          0          4          0   (incl. Padding)

    ----------------------------------------------------------------------

      Code (inc. data)   RO Data    RW Data    ZI Data      Debug   Library Name

      5068        332        176          0         96       3984   c_w.l
      3938        260          0          0          0       2156   fz_ws.l
      3596        304        528          0          0       1580   m_ws.l

    ----------------------------------------------------------------------
     12624        896        704          0        100       7720   Library Totals

    ----------------------------------------------------------------------

==============================================================================


      Code (inc. data)   RO Data    RW Data    ZI Data      Debug   

     17984       1552       2168         32      66824     576862   Grand Totals
     17984       1552       2168         32      66824     576862   ELF Image Totals
     17984       1552       2168         32          0          0   ROM Totals

==============================================================================

    Total RO  Size (Code + RO Data)                20152 (  19.68kB)
    Total RW  Size (RW Data + ZI Data)             66856 (  65.29kB)
    Total ROM Size (Code + RO Data + RW Data)      20184 (  19.71kB)

==============================================================================

